Archive member included to satisfy reference by file (symbol)

c:/gcc-arm-none-eabi/bin/../lib/gcc/arm-none-eabi/5.2.1/../../../../arm-none-eabi/lib/armv7e-m\libstdc++.a(new_op.o)
                              ./src/main.o (operator new(unsigned int))
c:/gcc-arm-none-eabi/bin/../lib/gcc/arm-none-eabi/5.2.1/../../../../arm-none-eabi/lib/armv7e-m\libstdc++.a(bad_alloc.o)
                              c:/gcc-arm-none-eabi/bin/../lib/gcc/arm-none-eabi/5.2.1/../../../../arm-none-eabi/lib/armv7e-m\libstdc++.a(new_op.o) (std::bad_alloc::~bad_alloc())
c:/gcc-arm-none-eabi/bin/../lib/gcc/arm-none-eabi/5.2.1/../../../../arm-none-eabi/lib/armv7e-m\libstdc++.a(eh_exception.o)
                              c:/gcc-arm-none-eabi/bin/../lib/gcc/arm-none-eabi/5.2.1/../../../../arm-none-eabi/lib/armv7e-m\libstdc++.a(bad_alloc.o) (std::exception::~exception())
c:/gcc-arm-none-eabi/bin/../lib/gcc/arm-none-eabi/5.2.1/../../../../arm-none-eabi/lib/armv7e-m\libstdc++.a(eh_alloc.o)
                              c:/gcc-arm-none-eabi/bin/../lib/gcc/arm-none-eabi/5.2.1/../../../../arm-none-eabi/lib/armv7e-m\libstdc++.a(new_op.o) (__cxa_allocate_exception)
c:/gcc-arm-none-eabi/bin/../lib/gcc/arm-none-eabi/5.2.1/../../../../arm-none-eabi/lib/armv7e-m\libstdc++.a(class_type_info.o)
                              c:/gcc-arm-none-eabi/bin/../lib/gcc/arm-none-eabi/5.2.1/../../../../arm-none-eabi/lib/armv7e-m\libstdc++.a(eh_exception.o) (vtable for __cxxabiv1::__class_type_info)
c:/gcc-arm-none-eabi/bin/../lib/gcc/arm-none-eabi/5.2.1/../../../../arm-none-eabi/lib/armv7e-m\libstdc++.a(new_handler.o)
                              c:/gcc-arm-none-eabi/bin/../lib/gcc/arm-none-eabi/5.2.1/../../../../arm-none-eabi/lib/armv7e-m\libstdc++.a(new_op.o) (std::get_new_handler())
c:/gcc-arm-none-eabi/bin/../lib/gcc/arm-none-eabi/5.2.1/../../../../arm-none-eabi/lib/armv7e-m\libstdc++.a(del_op.o)
                              c:/gcc-arm-none-eabi/bin/../lib/gcc/arm-none-eabi/5.2.1/../../../../arm-none-eabi/lib/armv7e-m\libstdc++.a(bad_alloc.o) (operator delete(void*))
c:/gcc-arm-none-eabi/bin/../lib/gcc/arm-none-eabi/5.2.1/../../../../arm-none-eabi/lib/armv7e-m\libstdc++.a(si_class_type_info.o)
                              c:/gcc-arm-none-eabi/bin/../lib/gcc/arm-none-eabi/5.2.1/../../../../arm-none-eabi/lib/armv7e-m\libstdc++.a(bad_alloc.o) (vtable for __cxxabiv1::__si_class_type_info)
c:/gcc-arm-none-eabi/bin/../lib/gcc/arm-none-eabi/5.2.1/../../../../arm-none-eabi/lib/armv7e-m\libstdc++.a(eh_throw.o)
                              c:/gcc-arm-none-eabi/bin/../lib/gcc/arm-none-eabi/5.2.1/../../../../arm-none-eabi/lib/armv7e-m\libstdc++.a(new_op.o) (__cxa_throw)
c:/gcc-arm-none-eabi/bin/../lib/gcc/arm-none-eabi/5.2.1/../../../../arm-none-eabi/lib/armv7e-m\libstdc++.a(eh_globals.o)
                              c:/gcc-arm-none-eabi/bin/../lib/gcc/arm-none-eabi/5.2.1/../../../../arm-none-eabi/lib/armv7e-m\libstdc++.a(eh_throw.o) (__cxa_get_globals)
c:/gcc-arm-none-eabi/bin/../lib/gcc/arm-none-eabi/5.2.1/../../../../arm-none-eabi/lib/armv7e-m\libstdc++.a(eh_terminate.o)
                              c:/gcc-arm-none-eabi/bin/../lib/gcc/arm-none-eabi/5.2.1/../../../../arm-none-eabi/lib/armv7e-m\libstdc++.a(eh_throw.o) (__cxxabiv1::__terminate(void (*)()))
c:/gcc-arm-none-eabi/bin/../lib/gcc/arm-none-eabi/5.2.1/../../../../arm-none-eabi/lib/armv7e-m\libstdc++.a(tinfo.o)
                              c:/gcc-arm-none-eabi/bin/../lib/gcc/arm-none-eabi/5.2.1/../../../../arm-none-eabi/lib/armv7e-m\libstdc++.a(class_type_info.o) (std::type_info::~type_info())
c:/gcc-arm-none-eabi/bin/../lib/gcc/arm-none-eabi/5.2.1/../../../../arm-none-eabi/lib/armv7e-m\libstdc++.a(eh_arm.o)
                              c:/gcc-arm-none-eabi/bin/../lib/gcc/arm-none-eabi/5.2.1/../../../../arm-none-eabi/lib/armv7e-m\libstdc++.a(eh_terminate.o) (__cxa_end_cleanup)
c:/gcc-arm-none-eabi/bin/../lib/gcc/arm-none-eabi/5.2.1/../../../../arm-none-eabi/lib/armv7e-m\libstdc++.a(eh_call.o)
                              c:/gcc-arm-none-eabi/bin/../lib/gcc/arm-none-eabi/5.2.1/../../../../arm-none-eabi/lib/armv7e-m\libstdc++.a(eh_terminate.o) (__cxa_call_unexpected)
c:/gcc-arm-none-eabi/bin/../lib/gcc/arm-none-eabi/5.2.1/../../../../arm-none-eabi/lib/armv7e-m\libstdc++.a(eh_catch.o)
                              c:/gcc-arm-none-eabi/bin/../lib/gcc/arm-none-eabi/5.2.1/../../../../arm-none-eabi/lib/armv7e-m\libstdc++.a(eh_throw.o) (__cxa_begin_catch)
c:/gcc-arm-none-eabi/bin/../lib/gcc/arm-none-eabi/5.2.1/../../../../arm-none-eabi/lib/armv7e-m\libstdc++.a(eh_term_handler.o)
                              c:/gcc-arm-none-eabi/bin/../lib/gcc/arm-none-eabi/5.2.1/../../../../arm-none-eabi/lib/armv7e-m\libstdc++.a(eh_terminate.o) (__cxxabiv1::__terminate_handler)
c:/gcc-arm-none-eabi/bin/../lib/gcc/arm-none-eabi/5.2.1/../../../../arm-none-eabi/lib/armv7e-m\libstdc++.a(eh_personality.o)
[...]
Memory Configuration

Name             Origin             Length             Attributes
RAM              0x20000000         0x00020000         xrw
CCMRAM           0x10000000         0x00010000         xrw
FLASH            0x08000000         0x00100000         xr
FLASHB1          0x00000000         0x00000000         xr
EXTMEMB0         0x00000000         0x00000000         xr
EXTMEMB1         0x00000000         0x00000000         xr
EXTMEMB2         0x00000000         0x00000000         xr
EXTMEMB3         0x00000000         0x00000000         xr
MEMORY_ARRAY     0x20002000         0x00000020         xrw
*default*        0x00000000         0xffffffff

Linker script and memory map

LOAD ./system/src/stm32f4/misc.o
LOAD ./system/src/stm32f4/stm32f4xx_adc.o
LOAD ./system/src/stm32f4/stm32f4xx_can.o
LOAD ./system/src/stm32f4/stm32f4xx_cec.o
LOAD ./system/src/stm32f4/stm32f4xx_crc.o
LOAD ./system/src/stm32f4/stm32f4xx_cryp.o
LOAD ./system/src/stm32f4/stm32f4xx_cryp_aes.o
LOAD ./system/src/stm32f4/stm32f4xx_cryp_des.o
LOAD ./system/src/stm32f4/stm32f4xx_cryp_tdes.o
LOAD ./system/src/stm32f4/stm32f4xx_dac.o
LOAD ./system/src/stm32f4/stm32f4xx_dbgmcu.o
LOAD ./system/src/stm32f4/stm32f4xx_dcmi.o
LOAD ./system/src/stm32f4/stm32f4xx_dma.o
LOAD ./system/src/stm32f4/stm32f4xx_dma2d.o
LOAD ./system/src/stm32f4/stm32f4xx_dsi.o
LOAD ./system/src/stm32f4/stm32f4xx_exti.o
LOAD ./system/src/stm32f4/stm32f4xx_flash.o
LOAD ./system/src/stm32f4/stm32f4xx_flash_ramfunc.o
LOAD ./system/src/stm32f4/stm32f4xx_fmpi2c.o
LOAD ./system/src/stm32f4/stm32f4xx_fsmc.o
LOAD ./system/src/stm32f4/stm32f4xx_gpio.o
LOAD ./system/src/stm32f4/stm32f4xx_hash.o
LOAD ./system/src/stm32f4/stm32f4xx_hash_md5.o
LOAD ./system/src/stm32f4/stm32f4xx_hash_sha1.o
LOAD ./system/src/stm32f4/stm32f4xx_i2c.o
LOAD ./system/src/stm32f4/stm32f4xx_iwdg.o
LOAD ./system/src/stm32f4/stm32f4xx_lptim.o
LOAD ./system/src/stm32f4/stm32f4xx_ltdc.o
LOAD ./system/src/stm32f4/stm32f4xx_pwr.o
LOAD ./system/src/stm32f4/stm32f4xx_qspi.o
LOAD ./system/src/stm32f4/stm32f4xx_rcc.o
LOAD ./system/src/stm32f4/stm32f4xx_rng.o
LOAD ./system/src/stm32f4/stm32f4xx_rtc.o
LOAD ./system/src/stm32f4/stm32f4xx_sai.o
LOAD ./system/src/stm32f4/stm32f4xx_sdio.o
LOAD ./system/src/stm32f4/stm32f4xx_spdifrx.o
LOAD ./system/src/stm32f4/stm32f4xx_spi.o
LOAD ./system/src/stm32f4/stm32f4xx_syscfg.o
LOAD ./system/src/stm32f4/stm32f4xx_tim.o
LOAD ./system/src/stm32f4/stm32f4xx_usart.o
LOAD ./system/src/stm32f4/stm32f4xx_wwdg.o
LOAD ./system/src/newlib/_cxx.o
LOAD ./system/src/newlib/_exit.o
LOAD ./system/src/newlib/_sbrk.o
LOAD ./system/src/newlib/_startup.o
LOAD ./system/src/newlib/_syscalls.o
LOAD ./system/src/newlib/assert.o
LOAD ./system/src/diag/Trace.o
LOAD ./system/src/diag/trace_impl.o
LOAD ./system/src/cortexm/_initialize_hardware.o
LOAD ./system/src/cortexm/_reset_hardware.o
LOAD ./system/src/cortexm/exception_handlers.o
LOAD ./system/src/cmsis/system_stm32f4xx.o
LOAD ./system/src/cmsis/vectors_stm32f407xx.o
LOAD ./src/CKey.o
LOAD ./src/ILI93xx.o
LOAD ./src/dac.o
LOAD ./src/delay.o
LOAD ./src/key.o
LOAD ./src/main.o
LOAD ./src/sound.o
LOAD ./src/stm32f4xx_it.o
LOAD ./src/timer_interrupt.o
LOAD c:/gcc-arm-none-eabi/bin/../lib/gcc/arm-none-eabi/5.2.1/../../../../arm-none-eabi/lib/armv7e-m\libstdc++.a
LOAD c:/gcc-arm-none-eabi/bin/../lib/gcc/arm-none-eabi/5.2.1/../../../../arm-none-eabi/lib/armv7e-m\libm.a
START GROUP
LOAD c:/gcc-arm-none-eabi/bin/../lib/gcc/arm-none-eabi/5.2.1/armv7e-m\libgcc.a
LOAD c:/gcc-arm-none-eabi/bin/../lib/gcc/arm-none-eabi/5.2.1/../../../../arm-none-eabi/lib/armv7e-m\libg.a
LOAD c:/gcc-arm-none-eabi/bin/../lib/gcc/arm-none-eabi/5.2.1/../../../../arm-none-eabi/lib/armv7e-m\libc.a
END GROUP
                0x20020000                __stack = (ORIGIN (RAM) + LENGTH (RAM))
                0x20020000                _estack = __stack
                0x00000400                __Main_Stack_Size = 0x400
                [!provide]                PROVIDE (_Main_Stack_Size, __Main_Stack_Size)
                0x2001fc00                __Main_Stack_Limit = (__stack - __Main_Stack_Size)
                [!provide]                PROVIDE (_Main_Stack_Limit, __Main_Stack_Limit)
                0x00000100                _Minimum_Stack_Size = 0x100
                0x20001108                PROVIDE (_Heap_Begin, _end_noinit)
                0x2001fc00                PROVIDE (_Heap_Limit, (__stack - __Main_Stack_Size))

.isr_vector     0x08000000      0x3ec
 FILL mask 0xff
                0x08000000                __vectors_start = ABSOLUTE (.)
                0x08000000                __vectors_start__ = ABSOLUTE (.)
 *(.isr_vector)
 .isr_vector    0x08000000      0x188 ./system/src/cmsis/vectors_stm32f407xx.o
                0x08000000                __isr_vectors
 *(.cfmconfig)
 *(.after_vectors .after_vectors.*)
 .after_vectors
                0x08000188      0x130 ./system/src/newlib/_startup.o
                0x08000188                _start
 .after_vectors
                0x080002b8      0x130 ./system/src/cortexm/exception_handlers.o
                0x080002b8                Reset_Handler
                0x080002d8                HardFault_Handler_C
                0x08000350                BusFault_Handler_C
                0x08000398                UsageFault_Handler_C
 .after_vectors
                0x080003e8        0x4 ./system/src/cmsis/vectors_stm32f407xx.o
                0x080003e8                RTC_Alarm_IRQHandler
                0x080003e8                HASH_RNG_IRQHandler
                0x080003e8                EXTI2_IRQHandler
                0x080003e8                TIM8_CC_IRQHandler
                0x080003e8                TIM1_CC_IRQHandler
                0x080003e8                DMA2_Stream5_IRQHandler
                0x080003e8                DMA1_Stream5_IRQHandler
                0x080003e8                PVD_IRQHandler
                0x080003e8                SDIO_IRQHandler
                0x080003e8                TAMP_STAMP_IRQHandler
                0x080003e8                CAN2_RX1_IRQHandler
                0x080003e8                EXTI3_IRQHandler
                0x080003e8                TIM8_TRG_COM_TIM14_IRQHandler
                0x080003e8                TIM1_UP_TIM10_IRQHandler
                0x080003e8                TIM8_UP_TIM13_IRQHandler
                0x080003e8                I2C3_ER_IRQHandler
                0x080003e8                EXTI0_IRQHandler
                0x080003e8                I2C2_EV_IRQHandler
                0x080003e8                DMA1_Stream2_IRQHandler
                0x080003e8                CAN1_RX0_IRQHandler
                0x080003e8                FPU_IRQHandler
                0x080003e8                OTG_HS_WKUP_IRQHandler
                0x080003e8                CAN2_SCE_IRQHandler
                0x080003e8                DMA2_Stream2_IRQHandler
                0x080003e8                SPI1_IRQHandler
                0x080003e8                TIM6_DAC_IRQHandler
                0x080003e8                TIM1_BRK_TIM9_IRQHandler
                0x080003e8                DCMI_IRQHandler
                0x080003e8                CAN2_RX0_IRQHandler
                0x080003e8                DMA2_Stream3_IRQHandler
                0x080003e8                USART6_IRQHandler
                0x080003e8                USART3_IRQHandler
                0x080003e8                CAN1_RX1_IRQHandler
                0x080003e8                UART5_IRQHandler
                0x080003e8                DMA2_Stream0_IRQHandler
                0x080003e8                TIM4_IRQHandler
                0x080003e8                I2C1_EV_IRQHandler
                0x080003e8                DMA1_Stream6_IRQHandler
                0x080003e8                DMA1_Stream1_IRQHandler
                0x080003e8                UART4_IRQHandler
                0x080003e8                RCC_IRQHandler
                0x080003e8                TIM8_BRK_TIM12_IRQHandler
                0x080003e8                Default_Handler
                0x080003e8                EXTI15_10_IRQHandler
                0x080003e8                ADC_IRQHandler
                0x080003e8                DMA1_Stream7_IRQHandler
                0x080003e8                TIM7_IRQHandler
                0x080003e8                CAN2_TX_IRQHandler
                0x080003e8                TIM5_IRQHandler
                0x080003e8                DMA2_Stream7_IRQHandler
                0x080003e8                I2C3_EV_IRQHandler
                0x080003e8                EXTI9_5_IRQHandler
                0x080003e8                RTC_WKUP_IRQHandler
                0x080003e8                ETH_WKUP_IRQHandler
                0x080003e8                SPI2_IRQHandler
                0x080003e8                OTG_HS_EP1_IN_IRQHandler
                0x080003e8                DMA1_Stream0_IRQHandler
                0x080003e8                CAN1_TX_IRQHandler
                0x080003e8                EXTI4_IRQHandler
                0x080003e8                ETH_IRQHandler
                0x080003e8                OTG_HS_EP1_OUT_IRQHandler
                0x080003e8                WWDG_IRQHandler
                0x080003e8                TIM2_IRQHandler
                0x080003e8                OTG_FS_WKUP_IRQHandler
                0x080003e8                TIM1_TRG_COM_TIM11_IRQHandler
                0x080003e8                OTG_HS_IRQHandler
                0x080003e8                EXTI1_IRQHandler
                0x080003e8                USART2_IRQHandler
                0x080003e8                I2C2_ER_IRQHandler
                0x080003e8                DMA2_Stream1_IRQHandler
                0x080003e8                CAN1_SCE_IRQHandler
                0x080003e8                FLASH_IRQHandler
                0x080003e8                DMA2_Stream4_IRQHandler
                0x080003e8                USART1_IRQHandler
                0x080003e8                OTG_FS_IRQHandler
                0x080003e8                SPI3_IRQHandler
                0x080003e8                DMA1_Stream4_IRQHandler
                0x080003e8                I2C1_ER_IRQHandler
                0x080003e8                FMC_IRQHandler
                0x080003e8                DMA2_Stream6_IRQHandler
                0x080003e8                DMA1_Stream3_IRQHandler

.inits          0x080003ec       0x2c
                0x080003ec                __data_regions_array_start = .
                0x080003ec        0x4 LONG 0x800ef54 LOADADDR (.data)
                0x080003f0        0x4 LONG 0x20000000 ADDR (.data)
                0x080003f4        0x4 LONG 0x20000b00 (ADDR (.data) + SIZEOF (.data))
                0x080003f8        0x4 LONG 0x800ef54 LOADADDR (.data_CCMRAM)
                0x080003fc        0x4 LONG 0x10000000 ADDR (.data_CCMRAM)
                0x08000400        0x4 LONG 0x10000000 (ADDR (.data_CCMRAM) + SIZEOF (.data_CCMRAM))
                0x08000404                __data_regions_array_end = .
                0x08000404                __bss_regions_array_start = .
                0x08000404        0x4 LONG 0x20000b00 ADDR (.bss)
                0x08000408        0x4 LONG 0x20001108 (ADDR (.bss) + SIZEOF (.bss))
                0x0800040c        0x4 LONG 0x10000000 ADDR (.bss_CCMRAM)
                0x08000410        0x4 LONG 0x10000000 (ADDR (.bss_CCMRAM) + SIZEOF (.bss_CCMRAM))
                0x08000414                __bss_regions_array_end = .
 *(.init)
 *(.fini)
                0x08000414                . = ALIGN (0x4)
                0x08000414                PROVIDE (__preinit_array_start, .)
 *(.preinit_array_sysinit .preinit_array_sysinit.*)
 *(.preinit_array_platform .preinit_array_platform.*)
 *(.preinit_array .preinit_array.*)
                0x08000414                PROVIDE (__preinit_array_end, .)
                0x08000414                . = ALIGN (0x4)
                0x08000414                PROVIDE (__init_array_start, .)
 *(SORT(.init_array.*))
 *(.init_array)
 .init_array    0x08000414        0x4 c:/gcc-arm-none-eabi/bin/../lib/gcc/arm-none-eabi/5.2.1/../../../../arm-none-eabi/lib/armv7e-m\libstdc++.a(eh_alloc.o)
                0x08000418                PROVIDE (__init_array_end, .)
                0x08000418                . = ALIGN (0x4)
                0x08000418                PROVIDE (__fini_array_start, .)
 *(SORT(.fini_array.*))
 *(.fini_array)
                0x08000418                PROVIDE (__fini_array_end, .)

.flashtext
 *(.flashtext .flashtext.*)

.text           0x08000440     0xe890
 *(.text .text.*)
 .text.NVIC_PriorityGroupConfig
                0x08000440       0x40 ./system/src/stm32f4/misc.o
                0x08000440                NVIC_PriorityGroupConfig
 .text.NVIC_Init
                0x08000480       0x98 ./system/src/stm32f4/misc.o
                0x08000480                NVIC_Init
 .text.ADC_Init
                0x08000518      0x158 ./system/src/stm32f4/stm32f4xx_adc.o
                0x08000518                ADC_Init
 .text.ADC_CommonInit
                0x08000670      0x10c ./system/src/stm32f4/stm32f4xx_adc.o
                0x08000670                ADC_CommonInit
 .text.ADC_Cmd  0x0800077c       0x54 ./system/src/stm32f4/stm32f4xx_adc.o
                0x0800077c                ADC_Cmd
 .text.ADC_RegularChannelConfig
                0x080007d0       0xec ./system/src/stm32f4/stm32f4xx_adc.o
                0x080007d0                ADC_RegularChannelConfig
 .text.ADC_SoftwareStartConv
                0x080008bc       0x38 ./system/src/stm32f4/stm32f4xx_adc.o
                0x080008bc                ADC_SoftwareStartConv
 .text.ADC_GetConversionValue
                0x080008f4       0x34 ./system/src/stm32f4/stm32f4xx_adc.o
                0x080008f4                ADC_GetConversionValue
 .text.ADC_GetFlagStatus
                0x08000928       0x60 ./system/src/stm32f4/stm32f4xx_adc.o
                0x08000928                ADC_GetFlagStatus
 .text.DAC_Init
                0x08000988      0x118 ./system/src/stm32f4/stm32f4xx_dac.o
                0x08000988                DAC_Init
 .text.DAC_Cmd  0x08000aa0       0x50 ./system/src/stm32f4/stm32f4xx_dac.o
                0x08000aa0                DAC_Cmd
 .text.DAC_SetChannel1Data
                0x08000af0       0x50 ./system/src/stm32f4/stm32f4xx_dac.o
                0x08000af0                DAC_SetChannel1Data
 .text.GPIO_Init
                0x08000b40      0x13c ./system/src/stm32f4/stm32f4xx_gpio.o
                0x08000b40                GPIO_Init
 .text.GPIO_ResetBits
                0x08000c7c       0x80 ./system/src/stm32f4/stm32f4xx_gpio.o
                0x08000c7c                GPIO_ResetBits
 .text.GPIO_WriteBit
                0x08000cfc       0xe4 ./system/src/stm32f4/stm32f4xx_gpio.o
                0x08000cfc                GPIO_WriteBit
 .text.GPIO_PinAFConfig
                0x08000de0      0x100 ./system/src/stm32f4/stm32f4xx_gpio.o
                0x08000de0                GPIO_PinAFConfig
 .text.RCC_AHB1PeriphClockCmd
                0x08000ee0       0x4c ./system/src/stm32f4/stm32f4xx_rcc.o
                0x08000ee0                RCC_AHB1PeriphClockCmd
 .text.RCC_APB1PeriphClockCmd
                0x08000f2c       0x48 ./system/src/stm32f4/stm32f4xx_rcc.o
                0x08000f2c                RCC_APB1PeriphClockCmd
 .text.RCC_APB2PeriphClockCmd
                0x08000f74       0x4c ./system/src/stm32f4/stm32f4xx_rcc.o
                0x08000f74                RCC_APB2PeriphClockCmd
 .text.TIM_TimeBaseInit
                0x08000fc0      0x134 ./system/src/stm32f4/stm32f4xx_tim.o
                0x08000fc0                TIM_TimeBaseInit
 .text.TIM_Cmd  0x080010f4       0xb0 ./system/src/stm32f4/stm32f4xx_tim.o
                0x080010f4                TIM_Cmd
 .text.TIM_ITConfig
                0x080011a4       0xc0 ./system/src/stm32f4/stm32f4xx_tim.o
                0x080011a4                TIM_ITConfig
 .text.TIM_GetITStatus
                0x08001264       0xc8 ./system/src/stm32f4/stm32f4xx_tim.o
                0x08001264                TIM_GetITStatus
 .text.TIM_ClearITPendingBit
                0x0800132c       0x8c ./system/src/stm32f4/stm32f4xx_tim.o
                0x0800132c                TIM_ClearITPendingBit
 .text._ZN9__gnu_cxx27__verbose_terminate_handlerEv
                0x080013b8       0x10 ./system/src/newlib/_cxx.o
                0x080013b8                __gnu_cxx::__verbose_terminate_handler()
 .text._exit    0x080013c8        0x4 ./system/src/newlib/_exit.o
                0x080013c8                _exit
 .text.abort    0x080013cc       0x14 ./system/src/newlib/_exit.o
                0x080013cc                abort
 .text._sbrk    0x080013e0       0x44 ./system/src/newlib/_sbrk.o
                0x080013e0                _sbrk
 .text.__initialize_args
                0x08001424       0x10 ./system/src/newlib/_syscalls.o
                0x08001424                __initialize_args
 .text.assert_failed
                0x08001434       0x14 ./system/src/newlib/assert.o
                0x08001434                assert_failed
 .text.trace_printf
                0x08001448       0x30 ./system/src/diag/Trace.o
                0x08001448                trace_printf
 .text.trace_puts
                0x08001478       0x20 ./system/src/diag/Trace.o
                0x08001478                trace_puts
 .text._trace_write_semihosting_debug
                0x08001498       0x64 ./system/src/diag/trace_impl.o
 .text.trace_write
                0x080014fc        0x8 ./system/src/diag/trace_impl.o
                0x080014fc                trace_write
 .text.__initialize_hardware_early
                0x08001504       0x18 ./system/src/cortexm/_initialize_hardware.o
                0x08001504                __initialize_hardware_early
 .text.__initialize_hardware
                0x0800151c        0x8 ./system/src/cortexm/_initialize_hardware.o
                0x0800151c                __initialize_hardware
 .text.dumpExceptionStack
                0x08001524       0xf0 ./system/src/cortexm/exception_handlers.o
                0x08001524                dumpExceptionStack
 .text.isSemihosting
                0x08001614       0x20 ./system/src/cortexm/exception_handlers.o
                0x08001614                isSemihosting
 .text.SetSysClock
                0x08001634       0xc4 ./system/src/cmsis/system_stm32f4xx.o
 .text.SystemInit
                0x080016f8       0x44 ./system/src/cmsis/system_stm32f4xx.o
                0x080016f8                SystemInit
 .text.SystemCoreClockUpdate
                0x0800173c       0xa4 ./system/src/cmsis/system_stm32f4xx.o
                0x0800173c                SystemCoreClockUpdate
 .text._Z9CKey_initv
                0x080017e0       0x60 ./src/CKey.o
                0x080017e0                CKey_init()
 .text._ZN4CKey6setMUXEv
                0x08001840       0x18 ./src/CKey.o
                0x08001840                CKey::setMUX()
 .text._ZN4CKey9calibrateEv
                0x08001858       0xbc ./src/CKey.o
                0x08001858                CKey::calibrate()
 .text._ZN4CKeyC2Eh
                0x08001914       0x60 ./src/CKey.o
                0x08001914                CKey::CKey(unsigned char)
                0x08001914                CKey::CKey(unsigned char)
 .text._ZN4CKey8getValueEv
                0x08001974       0xa8 ./src/CKey.o
                0x08001974                CKey::getValue()
 .text._ZN4CKey9isPressedEv
                0x08001a1c       0x38 ./src/CKey.o
                0x08001a1c                CKey::isPressed()
 .text._Z10LCD_WR_REGt
                0x08001a54       0x20 ./src/ILI93xx.o
                0x08001a54                LCD_WR_REG(unsigned short)
 .text._Z11LCD_WR_DATAt
                0x08001a74       0x20 ./src/ILI93xx.o
                0x08001a74                LCD_WR_DATA(unsigned short)
 .text._Z11LCD_RD_DATAv
                0x08001a94       0x18 ./src/ILI93xx.o
                0x08001a94                LCD_RD_DATA()
 .text._Z12LCD_WriteRegtt
                0x08001aac        0xc ./src/ILI93xx.o
                0x08001aac                LCD_WriteReg(unsigned short, unsigned short)
 .text._Z11LCD_ReadRegt
                0x08001ab8       0x14 ./src/ILI93xx.o
                0x08001ab8                LCD_ReadReg(unsigned short)
 .text._Z20LCD_WriteRAM_Preparev
                0x08001acc       0x14 ./src/ILI93xx.o
                0x08001acc                LCD_WriteRAM_Prepare()
 .text._Z13LCD_SetCursortt
                0x08001ae0      0x188 ./src/ILI93xx.o
                0x08001ae0                LCD_SetCursor(unsigned short, unsigned short)
 .text._Z12LCD_Scan_Dirh
                0x08001c68      0x258 ./src/ILI93xx.o
                0x08001c68                LCD_Scan_Dir(unsigned char)
 .text._Z18LCD_Fast_DrawPointttt
                0x08001ec0      0x170 ./src/ILI93xx.o
                0x08001ec0                LCD_Fast_DrawPoint(unsigned short, unsigned short, unsigned short)
 .text._Z20LCD_SSD_BackLightSeth
                0x08002030       0x50 ./src/ILI93xx.o
                0x08002030                LCD_SSD_BackLightSet(unsigned char)
 .text._Z15LCD_Display_Dirh
                0x08002080      0x194 ./src/ILI93xx.o
                0x08002080                LCD_Display_Dir(unsigned char)
 .text._Z9LCD_Cleart
                0x08002214       0x6c ./src/ILI93xx.o
                0x08002214                LCD_Clear(unsigned short)
 .text._Z8LCD_Initv
                0x08002280     0x37f4 ./src/ILI93xx.o
                0x08002280                LCD_Init()
 .text._Z8LCD_Fillttttt
                0x08005a74       0x94 ./src/ILI93xx.o
                0x08005a74                LCD_Fill(unsigned short, unsigned short, unsigned short, unsigned short, unsigned short)
 .text._Z12LCD_ShowChartthhh
                0x08005b08       0xfc ./src/ILI93xx.o
                0x08005b08                LCD_ShowChar(unsigned short, unsigned short, unsigned char, unsigned char, unsigned char)
 .text._Z7LCD_Powhh
                0x08005c04       0x14 ./src/ILI93xx.o
                0x08005c04                LCD_Pow(unsigned char, unsigned char)
 .text._Z11LCD_ShowNumttmhh
                0x08005c18       0x88 ./src/ILI93xx.o
                0x08005c18                LCD_ShowNum(unsigned short, unsigned short, unsigned long, unsigned char, unsigned char)
 .text._Z14LCD_ShowStringtttthPKc
                0x08005ca0       0x58 ./src/ILI93xx.o
                0x08005ca0                LCD_ShowString(unsigned short, unsigned short, unsigned short, unsigned short, unsigned char, char const*)
 .text._Z8DAC_Initv
                0x08005cf8       0x58 ./src/dac.o
                0x08005cf8                DAC_Init()
 .text._Z8Send2DACt
                0x08005d50       0x10 ./src/dac.o
                0x08005d50                Send2DAC(unsigned short)
 .text._Z10delay_inith
                0x08005d60       0x2c ./src/delay.o
                0x08005d60                delay_init(unsigned char)
 .text._Z8delay_usm
                0x08005d8c       0x38 ./src/delay.o
                0x08005d8c                delay_us(unsigned long)
 .text._Z9delay_xmst
                0x08005dc4       0x34 ./src/delay.o
                0x08005dc4                delay_xms(unsigned short)
 .text._Z8delay_mst
                0x08005df8       0x34 ./src/delay.o
                0x08005df8                delay_ms(unsigned short)
 .text.main     0x08005e2c      0x194 ./src/main.o
                0x08005e2c                main
 .text._Z8Buf_Initv
                0x08005fc0       0x2c ./src/sound.o
                0x08005fc0                Buf_Init()
 .text._Z9Buf_Cleari
                0x08005fec       0x5c ./src/sound.o
                0x08005fec                Buf_Clear(int)
 .text._Z10Next_Roundv
                0x08006048       0xc0 ./src/sound.o
                0x08006048                Next_Round()
 .text.NMI_Handler
                0x08006108        0x4 ./src/stm32f4xx_it.o
                0x08006108                NMI_Handler
 .text.HardFault_Handler
                0x0800610c        0x4 ./src/stm32f4xx_it.o
                0x0800610c                HardFault_Handler
 .text.MemManage_Handler
                0x08006110        0x4 ./src/stm32f4xx_it.o
                0x08006110                MemManage_Handler
 .text.BusFault_Handler
                0x08006114        0x4 ./src/stm32f4xx_it.o
                0x08006114                BusFault_Handler
 .text.UsageFault_Handler
                0x08006118        0x4 ./src/stm32f4xx_it.o
                0x08006118                UsageFault_Handler
 .text.SVC_Handler
                0x0800611c        0x4 ./src/stm32f4xx_it.o
                0x0800611c                SVC_Handler
 .text.DebugMon_Handler
                0x08006120        0x4 ./src/stm32f4xx_it.o
                0x08006120                DebugMon_Handler
 .text.PendSV_Handler
                0x08006124        0x4 ./src/stm32f4xx_it.o
                0x08006124                PendSV_Handler
 .text.SysTick_Handler
                0x08006128        0x4 ./src/stm32f4xx_it.o
                0x08006128                SysTick_Handler
 .text._Z10Timer_Inittt
                0x0800612c       0x60 ./src/timer_interrupt.o
                0x0800612c                Timer_Init(unsigned short, unsigned short)
 .text.TIM3_IRQHandler
                0x0800618c       0x24 ./src/timer_interrupt.o
                0x0800618c                TIM3_IRQHandler
 .text._Znwj    0x080061b0       0x3c c:/gcc-arm-none-eabi/bin/../lib/gcc/arm-none-eabi/5.2.1/../../../../arm-none-eabi/lib/armv7e-m\libstdc++.a(new_op.o)
                0x080061b0                operator new(unsigned int)
 .text._ZNKSt9bad_alloc4whatEv
                0x080061ec        0x8 c:/gcc-arm-none-eabi/bin/../lib/gcc/arm-none-eabi/5.2.1/../../../../arm-none-eabi/lib/armv7e-m\libstdc++.a(bad_alloc.o)
                0x080061ec                std::bad_alloc::what() const
 .text._ZNSt9bad_allocD2Ev
                0x080061f4       0x14 c:/gcc-arm-none-eabi/bin/../lib/gcc/arm-none-eabi/5.2.1/../../../../arm-none-eabi/lib/armv7e-m\libstdc++.a(bad_alloc.o)
                0x080061f4                std::bad_alloc::~bad_alloc()
                0x080061f4                std::bad_alloc::~bad_alloc()
 .text._ZNSt9bad_allocD0Ev
                0x08006208       0x1c c:/gcc-arm-none-eabi/bin/../lib/gcc/arm-none-eabi/5.2.1/../../../../arm-none-eabi/lib/armv7e-m\libstdc++.a(bad_alloc.o)
                0x08006208                std::bad_alloc::~bad_alloc()
 .text._ZNSt9exceptionD2Ev
                0x08006224        0x4 c:/gcc-arm-none-eabi/bin/../lib/gcc/arm-none-eabi/5.2.1/../../../../arm-none-eabi/lib/armv7e-m\libstdc++.a(eh_exception.o)
                0x08006224                std::exception::~exception()
                0x08006224                std::exception::~exception()
 .text._ZNSt13bad_exceptionD2Ev
                0x08006228        0x4 c:/gcc-arm-none-eabi/bin/../lib/gcc/arm-none-eabi/5.2.1/../../../../arm-none-eabi/lib/armv7e-m\libstdc++.a(eh_exception.o)
                0x08006228                std::bad_exception::~bad_exception()
                0x08006228                std::bad_exception::~bad_exception()
 .text._ZNKSt13bad_exception4whatEv
                0x0800622c        0x8 c:/gcc-arm-none-eabi/bin/../lib/gcc/arm-none-eabi/5.2.1/../../../../arm-none-eabi/lib/armv7e-m\libstdc++.a(eh_exception.o)
                0x0800622c                std::bad_exception::what() const
 .text._ZNSt13bad_exceptionD0Ev
                0x08006234        0xc c:/gcc-arm-none-eabi/bin/../lib/gcc/arm-none-eabi/5.2.1/../../../../arm-none-eabi/lib/armv7e-m\libstdc++.a(eh_exception.o)
                0x08006234                std::bad_exception::~bad_exception()
 .text._ZN12_GLOBAL__N_14pool4freeEPv.constprop.4
                0x08006240       0x74 c:/gcc-arm-none-eabi/bin/../lib/gcc/arm-none-eabi/5.2.1/../../../../arm-none-eabi/lib/armv7e-m\libstdc++.a(eh_alloc.o)
 .text._ZN12_GLOBAL__N_14pool8allocateEj.constprop.5
                0x080062b4       0x64 c:/gcc-arm-none-eabi/bin/../lib/gcc/arm-none-eabi/5.2.1/../../../../arm-none-eabi/lib/armv7e-m\libstdc++.a(eh_alloc.o)
 .text.__cxa_allocate_exception
                0x08006318       0x30 c:/gcc-arm-none-eabi/bin/../lib/gcc/arm-none-eabi/5.2.1/../../../../arm-none-eabi/lib/armv7e-m\libstdc++.a(eh_alloc.o)
                0x08006318                __cxa_allocate_exception
 .text.__cxa_free_exception
                0x08006348       0x20 c:/gcc-arm-none-eabi/bin/../lib/gcc/arm-none-eabi/5.2.1/../../../../arm-none-eabi/lib/armv7e-m\libstdc++.a(eh_alloc.o)
                0x08006348                __cxa_free_exception
 .text.startup._GLOBAL__sub_I___cxa_allocate_exception
                0x08006368       0x28 c:/gcc-arm-none-eabi/bin/../lib/gcc/arm-none-eabi/5.2.1/../../../../arm-none-eabi/lib/armv7e-m\libstdc++.a(eh_alloc.o)
 .text._ZNK10__cxxabiv117__class_type_info11__do_upcastEPKS0_PPv
                0x08006390       0x38 c:/gcc-arm-none-eabi/bin/../lib/gcc/arm-none-eabi/5.2.1/../../../../arm-none-eabi/lib/armv7e-m\libstdc++.a(class_type_info.o)
                0x08006390                __cxxabiv1::__class_type_info::__do_upcast(__cxxabiv1::__class_type_info const*, void**) const
 .text._ZNK10__cxxabiv117__class_type_info20__do_find_public_srcEiPKvPKS0_S2_
                0x080063c8        0xc c:/gcc-arm-none-eabi/bin/../lib/gcc/arm-none-eabi/5.2.1/../../../../arm-none-eabi/lib/armv7e-m\libstdc++.a(class_type_info.o)
                0x080063c8                __cxxabiv1::__class_type_info::__do_find_public_src(int, void const*, __cxxabiv1::__class_type_info const*, void const*) const
 .text._ZN10__cxxabiv117__class_type_infoD2Ev
                0x080063d4       0x14 c:/gcc-arm-none-eabi/bin/../lib/gcc/arm-none-eabi/5.2.1/../../../../arm-none-eabi/lib/armv7e-m\libstdc++.a(class_type_info.o)
                0x080063d4                __cxxabiv1::__class_type_info::~__class_type_info()
                0x080063d4                __cxxabiv1::__class_type_info::~__class_type_info()
 .text._ZN10__cxxabiv117__class_type_infoD0Ev
                0x080063e8       0x1c c:/gcc-arm-none-eabi/bin/../lib/gcc/arm-none-eabi/5.2.1/../../../../arm-none-eabi/lib/armv7e-m\libstdc++.a(class_type_info.o)
                0x080063e8                __cxxabiv1::__class_type_info::~__class_type_info()
 .text._ZNK10__cxxabiv117__class_type_info11__do_upcastEPKS0_PKvRNS0_15__upcast_resultE
                0x08006404       0x18 c:/gcc-arm-none-eabi/bin/../lib/gcc/arm-none-eabi/5.2.1/../../../../arm-none-eabi/lib/armv7e-m\libstdc++.a(class_type_info.o)
                0x08006404                __cxxabiv1::__class_type_info::__do_upcast(__cxxabiv1::__class_type_info const*, void const*, __cxxabiv1::__class_type_info::__upcast_result&) const
 .text._ZNK10__cxxabiv117__class_type_info12__do_dyncastEiNS0_10__sub_kindEPKS0_PKvS3_S5_RNS0_16__dyncast_resultE
                0x0800641c       0x40 c:/gcc-arm-none-eabi/bin/../lib/gcc/arm-none-eabi/5.2.1/../../../../arm-none-eabi/lib/armv7e-m\libstdc++.a(class_type_info.o)
                0x0800641c                __cxxabiv1::__class_type_info::__do_dyncast(int, __cxxabiv1::__class_type_info::__sub_kind, __cxxabiv1::__class_type_info const*, void const*, __cxxabiv1::__class_type_info const*, void const*, __cxxabiv1::__class_type_info::__dyncast_result&) const
 .text._ZNK10__cxxabiv117__class_type_info10__do_catchEPKSt9type_infoPPvj
                0x0800645c       0x2c c:/gcc-arm-none-eabi/bin/../lib/gcc/arm-none-eabi/5.2.1/../../../../arm-none-eabi/lib/armv7e-m\libstdc++.a(class_type_info.o)
                0x0800645c                __cxxabiv1::__class_type_info::__do_catch(std::type_info const*, void**, unsigned int) const
 .text._ZSt15get_new_handlerv
                0x08006488       0x10 c:/gcc-arm-none-eabi/bin/../lib/gcc/arm-none-eabi/5.2.1/../../../../arm-none-eabi/lib/armv7e-m\libstdc++.a(new_handler.o)
                0x08006488                std::get_new_handler()
 .text._ZdlPv   0x08006498        0x4 c:/gcc-arm-none-eabi/bin/../lib/gcc/arm-none-eabi/5.2.1/../../../../arm-none-eabi/lib/armv7e-m\libstdc++.a(del_op.o)
                0x08006498                operator delete(void*)
 .text._ZN10__cxxabiv120__si_class_type_infoD2Ev
                0x0800649c       0x14 c:/gcc-arm-none-eabi/bin/../lib/gcc/arm-none-eabi/5.2.1/../../../../arm-none-eabi/lib/armv7e-m\libstdc++.a(si_class_type_info.o)
                0x0800649c                __cxxabiv1::__si_class_type_info::~__si_class_type_info()
                0x0800649c                __cxxabiv1::__si_class_type_info::~__si_class_type_info()
 .text._ZN10__cxxabiv120__si_class_type_infoD0Ev
                0x080064b0       0x1c c:/gcc-arm-none-eabi/bin/../lib/gcc/arm-none-eabi/5.2.1/../../../../arm-none-eabi/lib/armv7e-m\libstdc++.a(si_class_type_info.o)
                0x080064b0                __cxxabiv1::__si_class_type_info::~__si_class_type_info()
 .text._ZNK10__cxxabiv120__si_class_type_info12__do_dyncastEiNS_17__class_type_info10__sub_kindEPKS1_PKvS4_S6_RNS1_16__dyncast_resultE
                0x080064cc       0x90 c:/gcc-arm-none-eabi/bin/../lib/gcc/arm-none-eabi/5.2.1/../../../../arm-none-eabi/lib/armv7e-m\libstdc++.a(si_class_type_info.o)
                0x080064cc                __cxxabiv1::__si_class_type_info::__do_dyncast(int, __cxxabiv1::__class_type_info::__sub_kind, __cxxabiv1::__class_type_info const*, void const*, __cxxabiv1::__class_type_info const*, void const*, __cxxabiv1::__class_type_info::__dyncast_result&) const
 .text._ZNK10__cxxabiv120__si_class_type_info20__do_find_public_srcEiPKvPKNS_17__class_type_infoES2_
                0x0800655c       0x3c c:/gcc-arm-none-eabi/bin/../lib/gcc/arm-none-eabi/5.2.1/../../../../arm-none-eabi/lib/armv7e-m\libstdc++.a(si_class_type_info.o)
                0x0800655c                __cxxabiv1::__si_class_type_info::__do_find_public_src(int, void const*, __cxxabiv1::__class_type_info const*, void const*) const
 .text._ZNK10__cxxabiv120__si_class_type_info11__do_upcastEPKNS_17__class_type_infoEPKvRNS1_15__upcast_resultE
                0x08006598       0x2c c:/gcc-arm-none-eabi/bin/../lib/gcc/arm-none-eabi/5.2.1/../../../../arm-none-eabi/lib/armv7e-m\libstdc++.a(si_class_type_info.o)
                0x08006598                __cxxabiv1::__si_class_type_info::__do_upcast(__cxxabiv1::__class_type_info const*, void const*, __cxxabiv1::__class_type_info::__upcast_result&) const
 .text._ZL23__gxx_exception_cleanup19_Unwind_Reason_CodeP21_Unwind_Control_Block
                0x080065c4       0x44 c:/gcc-arm-none-eabi/bin/../lib/gcc/arm-none-eabi/5.2.1/../../../../arm-none-eabi/lib/armv7e-m\libstdc++.a(eh_throw.o)
 .text.__cxa_throw
                0x08006608       0x7c c:/gcc-arm-none-eabi/bin/../lib/gcc/arm-none-eabi/5.2.1/../../../../arm-none-eabi/lib/armv7e-m\libstdc++.a(eh_throw.o)
                0x08006608                __cxa_throw
 .text.__cxa_rethrow
                0x08006684       0x70 c:/gcc-arm-none-eabi/bin/../lib/gcc/arm-none-eabi/5.2.1/../../../../arm-none-eabi/lib/armv7e-m\libstdc++.a(eh_throw.o)
                0x08006684                __cxa_rethrow
 .text.__cxa_get_globals_fast
                0x080066f4        0x8 c:/gcc-arm-none-eabi/bin/../lib/gcc/arm-none-eabi/5.2.1/../../../../arm-none-eabi/lib/armv7e-m\libstdc++.a(eh_globals.o)
                0x080066f4                __cxa_get_globals_fast
 .text.__cxa_get_globals
                0x080066fc        0x8 c:/gcc-arm-none-eabi/bin/../lib/gcc/arm-none-eabi/5.2.1/../../../../arm-none-eabi/lib/armv7e-m\libstdc++.a(eh_globals.o)
                0x080066fc                __cxa_get_globals
 .text._ZN10__cxxabiv111__terminateEPFvvE
                0x08006704       0x28 c:/gcc-arm-none-eabi/bin/../lib/gcc/arm-none-eabi/5.2.1/../../../../arm-none-eabi/lib/armv7e-m\libstdc++.a(eh_terminate.o)
                0x08006704                __cxxabiv1::__terminate(void (*)())
 .text._ZSt9terminatev
                0x0800672c       0x14 c:/gcc-arm-none-eabi/bin/../lib/gcc/arm-none-eabi/5.2.1/../../../../arm-none-eabi/lib/armv7e-m\libstdc++.a(eh_terminate.o)
                0x0800672c                std::terminate()
 .text._ZN10__cxxabiv112__unexpectedEPFvvE
                0x08006740        0x8 c:/gcc-arm-none-eabi/bin/../lib/gcc/arm-none-eabi/5.2.1/../../../../arm-none-eabi/lib/armv7e-m\libstdc++.a(eh_terminate.o)
                0x08006740                __cxxabiv1::__unexpected(void (*)())
 .text._ZSt10unexpectedv
                0x08006748       0x14 c:/gcc-arm-none-eabi/bin/../lib/gcc/arm-none-eabi/5.2.1/../../../../arm-none-eabi/lib/armv7e-m\libstdc++.a(eh_terminate.o)
                0x08006748                std::unexpected()
 .text._ZSt13get_terminatev
                0x0800675c       0x10 c:/gcc-arm-none-eabi/bin/../lib/gcc/arm-none-eabi/5.2.1/../../../../arm-none-eabi/lib/armv7e-m\libstdc++.a(eh_terminate.o)
                0x0800675c                std::get_terminate()
 .text._ZSt14get_unexpectedv
                0x0800676c       0x10 c:/gcc-arm-none-eabi/bin/../lib/gcc/arm-none-eabi/5.2.1/../../../../arm-none-eabi/lib/armv7e-m\libstdc++.a(eh_terminate.o)
                0x0800676c                std::get_unexpected()
 .text._ZNSt9type_infoD2Ev
                0x0800677c        0x4 c:/gcc-arm-none-eabi/bin/../lib/gcc/arm-none-eabi/5.2.1/../../../../arm-none-eabi/lib/armv7e-m\libstdc++.a(tinfo.o)
                0x0800677c                std::type_info::~type_info()
                0x0800677c                std::type_info::~type_info()
 .text._ZNKSt9type_info15__is_function_pEv
                0x08006780        0x4 c:/gcc-arm-none-eabi/bin/../lib/gcc/arm-none-eabi/5.2.1/../../../../arm-none-eabi/lib/armv7e-m\libstdc++.a(tinfo.o)
                0x08006780                std::type_info::__is_pointer_p() const
                0x08006780                std::type_info::__is_function_p() const
 .text._ZNKSt9type_infoeqERKS_
                0x08006784       0x2c c:/gcc-arm-none-eabi/bin/../lib/gcc/arm-none-eabi/5.2.1/../../../../arm-none-eabi/lib/armv7e-m\libstdc++.a(tinfo.o)
                0x08006784                std::type_info::operator==(std::type_info const&) const
 .text.__cxa_end_cleanup
                0x080067b0        0xc c:/gcc-arm-none-eabi/bin/../lib/gcc/arm-none-eabi/5.2.1/../../../../arm-none-eabi/lib/armv7e-m\libstdc++.a(eh_arm.o)
                0x080067b0                __cxa_end_cleanup
 .text.__cxa_type_match
                0x080067bc       0xb0 c:/gcc-arm-none-eabi/bin/../lib/gcc/arm-none-eabi/5.2.1/../../../../arm-none-eabi/lib/armv7e-m\libstdc++.a(eh_arm.o)
                0x080067bc                __cxa_type_match
 .text.__cxa_begin_cleanup
                0x0800686c       0x64 c:/gcc-arm-none-eabi/bin/../lib/gcc/arm-none-eabi/5.2.1/../../../../arm-none-eabi/lib/armv7e-m\libstdc++.a(eh_arm.o)
                0x0800686c                __cxa_begin_cleanup
 .text.__gnu_end_cleanup
                0x080068d0       0x70 c:/gcc-arm-none-eabi/bin/../lib/gcc/arm-none-eabi/5.2.1/../../../../arm-none-eabi/lib/armv7e-m\libstdc++.a(eh_arm.o)
                0x080068d0                __gnu_end_cleanup
 .text._ZN10__cxxabiv1L24__is_gxx_exception_classEPc
                0x08006940       0x3c c:/gcc-arm-none-eabi/bin/../lib/gcc/arm-none-eabi/5.2.1/../../../../arm-none-eabi/lib/armv7e-m\libstdc++.a(eh_call.o)
 .text.__cxa_call_terminate
                0x0800697c       0x20 c:/gcc-arm-none-eabi/bin/../lib/gcc/arm-none-eabi/5.2.1/../../../../arm-none-eabi/lib/armv7e-m\libstdc++.a(eh_call.o)
                0x0800697c                __cxa_call_terminate
 .text.__cxa_call_unexpected
                0x0800699c       0xe8 c:/gcc-arm-none-eabi/bin/../lib/gcc/arm-none-eabi/5.2.1/../../../../arm-none-eabi/lib/armv7e-m\libstdc++.a(eh_call.o)
                0x0800699c                __cxa_call_unexpected
 .text.__cxa_begin_catch
                0x08006a84       0x8c c:/gcc-arm-none-eabi/bin/../lib/gcc/arm-none-eabi/5.2.1/../../../../arm-none-eabi/lib/armv7e-m\libstdc++.a(eh_catch.o)
                0x08006a84                __cxa_begin_catch
 .text.__cxa_end_catch
                0x08006b10       0x8c c:/gcc-arm-none-eabi/bin/../lib/gcc/arm-none-eabi/5.2.1/../../../../arm-none-eabi/lib/armv7e-m\libstdc++.a(eh_catch.o)
                0x08006b10                __cxa_end_catch
 .text._ZL28read_encoded_value_with_basehjPKhPj
                0x08006b9c       0xc0 c:/gcc-arm-none-eabi/bin/../lib/gcc/arm-none-eabi/5.2.1/../../../../arm-none-eabi/lib/armv7e-m\libstdc++.a(eh_personality.o)
 .text._ZL21base_of_encoded_valuehP15_Unwind_Context
                0x08006c5c       0x4c c:/gcc-arm-none-eabi/bin/../lib/gcc/arm-none-eabi/5.2.1/../../../../arm-none-eabi/lib/armv7e-m\libstdc++.a(eh_personality.o)
 .text._ZL17parse_lsda_headerP15_Unwind_ContextPKhP16lsda_header_info
                0x08006ca8       0x98 c:/gcc-arm-none-eabi/bin/../lib/gcc/arm-none-eabi/5.2.1/../../../../arm-none-eabi/lib/armv7e-m\libstdc++.a(eh_personality.o)
 .text.__gxx_personality_v0
                0x08006d40      0x4b4 c:/gcc-arm-none-eabi/bin/../lib/gcc/arm-none-eabi/5.2.1/../../../../arm-none-eabi/lib/armv7e-m\libstdc++.a(eh_personality.o)
                0x08006d40                __gxx_personality_v0
 .text          0x080071f4      0x370 c:/gcc-arm-none-eabi/bin/../lib/gcc/arm-none-eabi/5.2.1/armv7e-m\libgcc.a(_arm_addsubdf3.o)
                0x080071f4                __aeabi_drsub
                0x080071fc                __aeabi_dsub
                0x080071fc                __subdf3
                0x08007200                __aeabi_dadd
                0x08007200                __adddf3
                0x08007478                __floatunsidf
                0x08007478                __aeabi_ui2d
                0x08007498                __floatsidf
                0x08007498                __aeabi_i2d
                0x080074bc                __aeabi_f2d
                0x080074bc                __extendsfdf2
                0x080074f8                __floatundidf
                0x080074f8                __aeabi_ul2d
                0x08007508                __floatdidf
                0x08007508                __aeabi_l2d
 .text          0x08007564      0x424 c:/gcc-arm-none-eabi/bin/../lib/gcc/arm-none-eabi/5.2.1/armv7e-m\libgcc.a(_arm_muldivdf3.o)
                0x08007564                __aeabi_dmul
                0x08007564                __muldf3
                0x080077b8                __divdf3
                0x080077b8                __aeabi_ddiv
 .text          0x08007988       0x40 c:/gcc-arm-none-eabi/bin/../lib/gcc/arm-none-eabi/5.2.1/armv7e-m\libgcc.a(_arm_fixunsdfsi.o)
                0x08007988                __aeabi_d2uiz
                0x08007988                __fixunsdfsi
 .text          0x080079c8      0x9dc c:/gcc-arm-none-eabi/bin/../lib/gcc/arm-none-eabi/5.2.1/armv7e-m\libgcc.a(unwind-arm.o)
                0x08007c84                _Unwind_GetCFA
                0x08007c88                __gnu_Unwind_RaiseException
                0x08007ce8                __gnu_Unwind_ForcedUnwind
                0x08007cfc                __gnu_Unwind_Resume
                0x08007d40                __gnu_Unwind_Resume_or_Rethrow
                0x08007d50                _Unwind_Complete
                0x08007d54                _Unwind_DeleteException
                0x08007d60                _Unwind_VRS_Get
                0x08007dac                _Unwind_VRS_Set
                0x08007dfc                __gnu_Unwind_Backtrace
                0x08008148                __aeabi_unwind_cpp_pr0
                0x0800814c                __aeabi_unwind_cpp_pr1
                0x08008150                __aeabi_unwind_cpp_pr2
                0x08008154                _Unwind_VRS_Pop
 .text          0x080083a4      0x1ac c:/gcc-arm-none-eabi/bin/../lib/gcc/arm-none-eabi/5.2.1/armv7e-m\libgcc.a(libunwind.o)
                0x080083a4                __restore_core_regs
                0x080083a4                restore_core_regs
                0x080083bc                __gnu_Unwind_Restore_VFP
                0x080083c4                __gnu_Unwind_Save_VFP
                0x080083cc                __gnu_Unwind_Restore_VFP_D
                0x080083d4                __gnu_Unwind_Save_VFP_D
                0x080083dc                __gnu_Unwind_Restore_VFP_D_16_to_31
                0x080083e4                __gnu_Unwind_Save_VFP_D_16_to_31
                0x080083ec                __gnu_Unwind_Restore_WMMXD
                0x08008430                __gnu_Unwind_Save_WMMXD
                0x08008474                __gnu_Unwind_Restore_WMMXC
                0x08008488                __gnu_Unwind_Save_WMMXC
                0x0800849c                ___Unwind_RaiseException
                0x0800849c                _Unwind_RaiseException
                0x080084c0                _Unwind_Resume
                0x080084c0                ___Unwind_Resume
                0x080084e4                _Unwind_Resume_or_Rethrow
                0x080084e4                ___Unwind_Resume_or_Rethrow
                0x08008508                _Unwind_ForcedUnwind
                0x08008508                ___Unwind_ForcedUnwind
                0x0800852c                ___Unwind_Backtrace
                0x0800852c                _Unwind_Backtrace
 .text          0x08008550      0x354 c:/gcc-arm-none-eabi/bin/../lib/gcc/arm-none-eabi/5.2.1/armv7e-m\libgcc.a(pr-support.o)
                0x080085a8                __gnu_unwind_execute
                0x0800884c                __gnu_unwind_frame
                0x08008874                _Unwind_GetRegionStart
                0x08008880                _Unwind_GetLanguageSpecificData
                0x08008894                _Unwind_GetTextRelBase
                0x0800889c                _Unwind_GetDataRelBase
 .text.__errno  0x080088a4        0xc c:/gcc-arm-none-eabi/bin/../lib/gcc/arm-none-eabi/5.2.1/../../../../arm-none-eabi/lib/armv7e-m\libg.a(lib_a-errno.o)
                0x080088a4                __errno
 .text.malloc   0x080088b0       0x10 c:/gcc-arm-none-eabi/bin/../lib/gcc/arm-none-eabi/5.2.1/../../../../arm-none-eabi/lib/armv7e-m\libg.a(lib_a-malloc.o)
                0x080088b0                malloc
 .text.free     0x080088c0       0x10 c:/gcc-arm-none-eabi/bin/../lib/gcc/arm-none-eabi/5.2.1/../../../../arm-none-eabi/lib/armv7e-m\libg.a(lib_a-malloc.o)
                0x080088c0                free
 .text._malloc_r
                0x080088d0      0x570 c:/gcc-arm-none-eabi/bin/../lib/gcc/arm-none-eabi/5.2.1/../../../../arm-none-eabi/lib/armv7e-m\libg.a(lib_a-mallocr.o)
                0x080088d0                _malloc_r
 .text          0x08008e40      0x134 c:/gcc-arm-none-eabi/bin/../lib/gcc/arm-none-eabi/5.2.1/../../../../arm-none-eabi/lib/armv7e-m\libg.a(lib_a-memcpy.o)
                0x08008e40                memcpy
 .text.memset   0x08008f74       0x9c c:/gcc-arm-none-eabi/bin/../lib/gcc/arm-none-eabi/5.2.1/../../../../arm-none-eabi/lib/armv7e-m\libg.a(lib_a-memset.o)
                0x08008f74                memset
 .text.__malloc_lock
                0x08009010        0x4 c:/gcc-arm-none-eabi/bin/../lib/gcc/arm-none-eabi/5.2.1/../../../../arm-none-eabi/lib/armv7e-m\libg.a(lib_a-mlock.o)
                0x08009010                __malloc_lock
 .text.__malloc_unlock
                0x08009014        0x4 c:/gcc-arm-none-eabi/bin/../lib/gcc/arm-none-eabi/5.2.1/../../../../arm-none-eabi/lib/armv7e-m\libg.a(lib_a-mlock.o)
                0x08009014                __malloc_unlock
 .text._sbrk_r  0x08009018       0x24 c:/gcc-arm-none-eabi/bin/../lib/gcc/arm-none-eabi/5.2.1/../../../../arm-none-eabi/lib/armv7e-m\libg.a(lib_a-sbrkr.o)
                0x08009018                _sbrk_r
 *fill*         0x0800903c        0x4 
 .text          0x08009040      0x2dc c:/gcc-arm-none-eabi/bin/../lib/gcc/arm-none-eabi/5.2.1/../../../../arm-none-eabi/lib/armv7e-m\libg.a(lib_a-strcmp.o)
                0x08009048                strcmp
 *fill*         0x0800931c       0x24 
 .text          0x08009340       0xdc c:/gcc-arm-none-eabi/bin/../lib/gcc/arm-none-eabi/5.2.1/../../../../arm-none-eabi/lib/armv7e-m\libg.a(lib_a-strlen.o)
                0x08009340                strlen
 .text._vsnprintf_r
                0x0800941c       0x74 c:/gcc-arm-none-eabi/bin/../lib/gcc/arm-none-eabi/5.2.1/../../../../arm-none-eabi/lib/armv7e-m\libg.a(lib_a-vsnprintf.o)
                0x0800941c                _vsnprintf_r
 .text.vsnprintf
                0x08009490       0x20 c:/gcc-arm-none-eabi/bin/../lib/gcc/arm-none-eabi/5.2.1/../../../../arm-none-eabi/lib/armv7e-m\libg.a(lib_a-vsnprintf.o)
                0x08009490                vsnprintf
 .text._malloc_trim_r
                0x080094b0       0x9c c:/gcc-arm-none-eabi/bin/../lib/gcc/arm-none-eabi/5.2.1/../../../../arm-none-eabi/lib/armv7e-m\libg.a(lib_a-freer.o)
                0x080094b0                _malloc_trim_r
 .text._free_r  0x0800954c      0x1d0 c:/gcc-arm-none-eabi/bin/../lib/gcc/arm-none-eabi/5.2.1/../../../../arm-none-eabi/lib/armv7e-m\libg.a(lib_a-freer.o)
                0x0800954c                _free_r
 .text._svfprintf_r
                0x0800971c     0x1678 c:/gcc-arm-none-eabi/bin/../lib/gcc/arm-none-eabi/5.2.1/../../../../arm-none-eabi/lib/armv7e-m\libg.a(lib_a-svfprintf.o)
                0x0800971c                _svfprintf_r
 .text.quorem   0x0800ad94      0x128 c:/gcc-arm-none-eabi/bin/../lib/gcc/arm-none-eabi/5.2.1/../../../../arm-none-eabi/lib/armv7e-m\libg.a(lib_a-dtoa.o)
 *fill*         0x0800aebc        0x4 
 .text._dtoa_r  0x0800aec0      0xe58 c:/gcc-arm-none-eabi/bin/../lib/gcc/arm-none-eabi/5.2.1/../../../../arm-none-eabi/lib/armv7e-m\libg.a(lib_a-dtoa.o)
                0x0800aec0                _dtoa_r
 .text._localeconv_r
                0x0800bd18        0x8 c:/gcc-arm-none-eabi/bin/../lib/gcc/arm-none-eabi/5.2.1/../../../../arm-none-eabi/lib/armv7e-m\libg.a(lib_a-locale.o)
                0x0800bd18                _localeconv_r
 .text          0x0800bd20       0xa0 c:/gcc-arm-none-eabi/bin/../lib/gcc/arm-none-eabi/5.2.1/../../../../arm-none-eabi/lib/armv7e-m\libg.a(lib_a-memchr.o)
                0x0800bd20                memchr
 .text._Balloc  0x0800bdc0       0x4c c:/gcc-arm-none-eabi/bin/../lib/gcc/arm-none-eabi/5.2.1/../../../../arm-none-eabi/lib/armv7e-m\libg.a(lib_a-mprec.o)
                0x0800bdc0                _Balloc
 .text._Bfree   0x0800be0c       0x14 c:/gcc-arm-none-eabi/bin/../lib/gcc/arm-none-eabi/5.2.1/../../../../arm-none-eabi/lib/armv7e-m\libg.a(lib_a-mprec.o)
                0x0800be0c                _Bfree
 .text.__multadd
                0x0800be20       0x80 c:/gcc-arm-none-eabi/bin/../lib/gcc/arm-none-eabi/5.2.1/../../../../arm-none-eabi/lib/armv7e-m\libg.a(lib_a-mprec.o)
                0x0800be20                __multadd
 .text.__hi0bits
                0x0800bea0       0x40 c:/gcc-arm-none-eabi/bin/../lib/gcc/arm-none-eabi/5.2.1/../../../../arm-none-eabi/lib/armv7e-m\libg.a(lib_a-mprec.o)
                0x0800bea0                __hi0bits
 .text.__lo0bits
                0x0800bee0       0x5c c:/gcc-arm-none-eabi/bin/../lib/gcc/arm-none-eabi/5.2.1/../../../../arm-none-eabi/lib/armv7e-m\libg.a(lib_a-mprec.o)
                0x0800bee0                __lo0bits
 .text.__i2b    0x0800bf3c       0x14 c:/gcc-arm-none-eabi/bin/../lib/gcc/arm-none-eabi/5.2.1/../../../../arm-none-eabi/lib/armv7e-m\libg.a(lib_a-mprec.o)
                0x0800bf3c                __i2b
 .text.__multiply
                0x0800bf50      0x130 c:/gcc-arm-none-eabi/bin/../lib/gcc/arm-none-eabi/5.2.1/../../../../arm-none-eabi/lib/armv7e-m\libg.a(lib_a-mprec.o)
                0x0800bf50                __multiply
 .text.__pow5mult
                0x0800c080       0xa0 c:/gcc-arm-none-eabi/bin/../lib/gcc/arm-none-eabi/5.2.1/../../../../arm-none-eabi/lib/armv7e-m\libg.a(lib_a-mprec.o)
                0x0800c080                __pow5mult
 .text.__lshift
                0x0800c120       0xb0 c:/gcc-arm-none-eabi/bin/../lib/gcc/arm-none-eabi/5.2.1/../../../../arm-none-eabi/lib/armv7e-m\libg.a(lib_a-mprec.o)
                0x0800c120                __lshift
 .text.__mcmp   0x0800c1d0       0x40 c:/gcc-arm-none-eabi/bin/../lib/gcc/arm-none-eabi/5.2.1/../../../../arm-none-eabi/lib/armv7e-m\libg.a(lib_a-mprec.o)
                0x0800c1d0                __mcmp
 .text.__mdiff  0x0800c210      0x114 c:/gcc-arm-none-eabi/bin/../lib/gcc/arm-none-eabi/5.2.1/../../../../arm-none-eabi/lib/armv7e-m\libg.a(lib_a-mprec.o)
                0x0800c210                __mdiff
 .text.__d2b    0x0800c324       0xb8 c:/gcc-arm-none-eabi/bin/../lib/gcc/arm-none-eabi/5.2.1/../../../../arm-none-eabi/lib/armv7e-m\libg.a(lib_a-mprec.o)
                0x0800c324                __d2b
 .text.__fpclassifyd
                0x0800c3dc       0x54 c:/gcc-arm-none-eabi/bin/../lib/gcc/arm-none-eabi/5.2.1/../../../../arm-none-eabi/lib/armv7e-m\libg.a(lib_a-s_fpclassify.o)
                0x0800c3dc                __fpclassifyd
 .text.__ssprint_r
                0x0800c430      0x100 c:/gcc-arm-none-eabi/bin/../lib/gcc/arm-none-eabi/5.2.1/../../../../arm-none-eabi/lib/armv7e-m\libg.a(lib_a-svfiprintf.o)
                0x0800c430                __ssprint_r
 .text._calloc_r
                0x0800c530       0x60 c:/gcc-arm-none-eabi/bin/../lib/gcc/arm-none-eabi/5.2.1/../../../../arm-none-eabi/lib/armv7e-m\libg.a(lib_a-callocr.o)
                0x0800c530                _calloc_r
 .text.memmove  0x0800c590       0xc8 c:/gcc-arm-none-eabi/bin/../lib/gcc/arm-none-eabi/5.2.1/../../../../arm-none-eabi/lib/armv7e-m\libg.a(lib_a-memmove.o)
                0x0800c590                memmove
 .text._realloc_r
                0x0800c658      0x3e0 c:/gcc-arm-none-eabi/bin/../lib/gcc/arm-none-eabi/5.2.1/../../../../arm-none-eabi/lib/armv7e-m\libg.a(lib_a-reallocr.o)
                0x0800c658                _realloc_r
 .text          0x0800ca38      0x110 c:/gcc-arm-none-eabi/bin/../lib/gcc/arm-none-eabi/5.2.1/armv7e-m\libgcc.a(_arm_cmpdf2.o)
                0x0800ca38                __gtdf2
                0x0800ca38                __gedf2
                0x0800ca40                __ltdf2
                0x0800ca40                __ledf2
                0x0800ca48                __nedf2
                0x0800ca48                __eqdf2
                0x0800ca48                __cmpdf2
                0x0800cac4                __aeabi_cdrcmple
                0x0800cad4                __aeabi_cdcmpeq
                0x0800cad4                __aeabi_cdcmple
                0x0800cae4                __aeabi_dcmpeq
                0x0800caf8                __aeabi_dcmplt
                0x0800cb0c                __aeabi_dcmple
                0x0800cb20                __aeabi_dcmpge
                0x0800cb34                __aeabi_dcmpgt
 .text          0x0800cb48       0x50 c:/gcc-arm-none-eabi/bin/../lib/gcc/arm-none-eabi/5.2.1/armv7e-m\libgcc.a(_arm_fixdfsi.o)
                0x0800cb48                __aeabi_d2iz
                0x0800cb48                __fixdfsi
 .text          0x0800cb98       0x30 c:/gcc-arm-none-eabi/bin/../lib/gcc/arm-none-eabi/5.2.1/armv7e-m\libgcc.a(_aeabi_uldivmod.o)
                0x0800cb98                __aeabi_uldivmod
 .text          0x0800cbc8      0x2e4 c:/gcc-arm-none-eabi/bin/../lib/gcc/arm-none-eabi/5.2.1/armv7e-m\libgcc.a(_udivmoddi4.o)
                0x0800cbc8                __udivmoddi4
 .text          0x0800ceac        0x4 c:/gcc-arm-none-eabi/bin/../lib/gcc/arm-none-eabi/5.2.1/armv7e-m\libgcc.a(_dvmd_tls.o)
                0x0800ceac                __aeabi_idiv0
                0x0800ceac                __aeabi_ldiv0
 *(.rodata .rodata.* .constdata .constdata.*)
 .rodata.str1.4
                0x0800ceb0       0x1d ./system/src/stm32f4/misc.o
 *fill*         0x0800cecd        0x3 
 .rodata.str1.4
                0x0800ced0       0x26 ./system/src/stm32f4/stm32f4xx_adc.o
 *fill*         0x0800cef6        0x2 
 .rodata.str1.4
                0x0800cef8       0x26 ./system/src/stm32f4/stm32f4xx_dac.o
 *fill*         0x0800cf1e        0x2 
 .rodata.str1.4
                0x0800cf20       0x27 ./system/src/stm32f4/stm32f4xx_gpio.o
 *fill*         0x0800cf47        0x1 
 .rodata.str1.4
                0x0800cf48       0x26 ./system/src/stm32f4/stm32f4xx_rcc.o
 *fill*         0x0800cf6e        0x2 
 .rodata.str1.4
                0x0800cf70       0x26 ./system/src/stm32f4/stm32f4xx_tim.o
 *fill*         0x0800cf96        0x2 
 .rodata._ZZN9__gnu_cxx27__verbose_terminate_handlerEvE8__func__
                0x0800cf98       0x1c ./system/src/newlib/_cxx.o
 .rodata.str1.4
                0x0800cfb4       0x14 ./system/src/newlib/_exit.o
 .rodata.str1.4
                0x0800cfc8       0x6b ./system/src/newlib/assert.o
                                 0x6f (size before relaxing)
 *fill*         0x0800d033        0x1 
 .rodata.str1.4
                0x0800d034       0x29 ./system/src/diag/Trace.o
                                 0x2d (size before relaxing)
 *fill*         0x0800d05d        0x3 
 .rodata.str1.4
                0x0800d060      0x146 ./system/src/cortexm/exception_handlers.o
 *fill*         0x0800d1a6        0x2 
 .rodata._ZL9asc2_1608
                0x0800d1a8      0x5f0 ./src/ILI93xx.o
 .rodata._ZL9asc2_2412
                0x0800d798      0xd5c ./src/ILI93xx.o
 .rodata._ZL9asc2_1206
                0x0800e4f4      0x474 ./src/ILI93xx.o
 .rodata.str1.4
                0x0800e968        0xc ./src/main.o
 .rodata._ZTVSt9bad_alloc
                0x0800e974       0x14 c:/gcc-arm-none-eabi/bin/../lib/gcc/arm-none-eabi/5.2.1/../../../../arm-none-eabi/lib/armv7e-m\libstdc++.a(bad_alloc.o)
                0x0800e974                vtable for std::bad_alloc
 .rodata._ZTISt9bad_alloc
                0x0800e988        0xc c:/gcc-arm-none-eabi/bin/../lib/gcc/arm-none-eabi/5.2.1/../../../../arm-none-eabi/lib/armv7e-m\libstdc++.a(bad_alloc.o)
                0x0800e988                typeinfo for std::bad_alloc
 .rodata.str1.4
                0x0800e994        0xf c:/gcc-arm-none-eabi/bin/../lib/gcc/arm-none-eabi/5.2.1/../../../../arm-none-eabi/lib/armv7e-m\libstdc++.a(bad_alloc.o)
 *fill*         0x0800e9a3        0x1 
 .rodata._ZTSSt9bad_alloc
                0x0800e9a4        0xd c:/gcc-arm-none-eabi/bin/../lib/gcc/arm-none-eabi/5.2.1/../../../../arm-none-eabi/lib/armv7e-m\libstdc++.a(bad_alloc.o)
                0x0800e9a4                typeinfo name for std::bad_alloc
 *fill*         0x0800e9b1        0x3 
 .rodata._ZTSN10__cxxabiv115__forced_unwindE
                0x0800e9b4       0x20 c:/gcc-arm-none-eabi/bin/../lib/gcc/arm-none-eabi/5.2.1/../../../../arm-none-eabi/lib/armv7e-m\libstdc++.a(eh_exception.o)
                0x0800e9b4                typeinfo name for __cxxabiv1::__forced_unwind
 .rodata._ZTIN10__cxxabiv115__forced_unwindE
                0x0800e9d4        0x8 c:/gcc-arm-none-eabi/bin/../lib/gcc/arm-none-eabi/5.2.1/../../../../arm-none-eabi/lib/armv7e-m\libstdc++.a(eh_exception.o)
                0x0800e9d4                typeinfo for __cxxabiv1::__forced_unwind
 .rodata._ZTISt9exception
                0x0800e9dc        0x8 c:/gcc-arm-none-eabi/bin/../lib/gcc/arm-none-eabi/5.2.1/../../../../arm-none-eabi/lib/armv7e-m\libstdc++.a(eh_exception.o)
                0x0800e9dc                typeinfo for std::exception
 .rodata._ZTSN10__cxxabiv119__foreign_exceptionE
                0x0800e9e4       0x24 c:/gcc-arm-none-eabi/bin/../lib/gcc/arm-none-eabi/5.2.1/../../../../arm-none-eabi/lib/armv7e-m\libstdc++.a(eh_exception.o)
                0x0800e9e4                typeinfo name for __cxxabiv1::__foreign_exception
 .rodata.str1.4
                0x0800ea08       0x23 c:/gcc-arm-none-eabi/bin/../lib/gcc/arm-none-eabi/5.2.1/../../../../arm-none-eabi/lib/armv7e-m\libstdc++.a(eh_exception.o)
 *fill*         0x0800ea2b        0x1 
 .rodata._ZTIN10__cxxabiv119__foreign_exceptionE
                0x0800ea2c        0x8 c:/gcc-arm-none-eabi/bin/../lib/gcc/arm-none-eabi/5.2.1/../../../../arm-none-eabi/lib/armv7e-m\libstdc++.a(eh_exception.o)
                0x0800ea2c                typeinfo for __cxxabiv1::__foreign_exception
 .rodata._ZTVSt13bad_exception
                0x0800ea34       0x14 c:/gcc-arm-none-eabi/bin/../lib/gcc/arm-none-eabi/5.2.1/../../../../arm-none-eabi/lib/armv7e-m\libstdc++.a(eh_exception.o)
                0x0800ea34                vtable for std::bad_exception
 .rodata._ZTSSt9exception
                0x0800ea48        0xd c:/gcc-arm-none-eabi/bin/../lib/gcc/arm-none-eabi/5.2.1/../../../../arm-none-eabi/lib/armv7e-m\libstdc++.a(eh_exception.o)
                0x0800ea48                typeinfo name for std::exception
 *fill*         0x0800ea55        0x3 
 .rodata._ZTSSt13bad_exception
                0x0800ea58       0x12 c:/gcc-arm-none-eabi/bin/../lib/gcc/arm-none-eabi/5.2.1/../../../../arm-none-eabi/lib/armv7e-m\libstdc++.a(eh_exception.o)
                0x0800ea58                typeinfo name for std::bad_exception
 *fill*         0x0800ea6a        0x2 
 .rodata._ZTISt13bad_exception
                0x0800ea6c        0xc c:/gcc-arm-none-eabi/bin/../lib/gcc/arm-none-eabi/5.2.1/../../../../arm-none-eabi/lib/armv7e-m\libstdc++.a(eh_exception.o)
                0x0800ea6c                typeinfo for std::bad_exception
 .rodata._ZTVN10__cxxabiv117__class_type_infoE
                0x0800ea78       0x2c c:/gcc-arm-none-eabi/bin/../lib/gcc/arm-none-eabi/5.2.1/../../../../arm-none-eabi/lib/armv7e-m\libstdc++.a(class_type_info.o)
                0x0800ea78                vtable for __cxxabiv1::__class_type_info
 .rodata._ZTIN10__cxxabiv117__class_type_infoE
                0x0800eaa4        0xc c:/gcc-arm-none-eabi/bin/../lib/gcc/arm-none-eabi/5.2.1/../../../../arm-none-eabi/lib/armv7e-m\libstdc++.a(class_type_info.o)
                0x0800eaa4                typeinfo for __cxxabiv1::__class_type_info
 .rodata._ZTSN10__cxxabiv117__class_type_infoE
                0x0800eab0       0x22 c:/gcc-arm-none-eabi/bin/../lib/gcc/arm-none-eabi/5.2.1/../../../../arm-none-eabi/lib/armv7e-m\libstdc++.a(class_type_info.o)
                0x0800eab0                typeinfo name for __cxxabiv1::__class_type_info
 *fill*         0x0800ead2        0x2 
 .rodata._ZTVN10__cxxabiv120__si_class_type_infoE
                0x0800ead4       0x2c c:/gcc-arm-none-eabi/bin/../lib/gcc/arm-none-eabi/5.2.1/../../../../arm-none-eabi/lib/armv7e-m\libstdc++.a(si_class_type_info.o)
                0x0800ead4                vtable for __cxxabiv1::__si_class_type_info
 .rodata._ZTIN10__cxxabiv120__si_class_type_infoE
                0x0800eb00        0xc c:/gcc-arm-none-eabi/bin/../lib/gcc/arm-none-eabi/5.2.1/../../../../arm-none-eabi/lib/armv7e-m\libstdc++.a(si_class_type_info.o)
                0x0800eb00                typeinfo for __cxxabiv1::__si_class_type_info
 .rodata._ZTSN10__cxxabiv120__si_class_type_infoE
                0x0800eb0c       0x25 c:/gcc-arm-none-eabi/bin/../lib/gcc/arm-none-eabi/5.2.1/../../../../arm-none-eabi/lib/armv7e-m\libstdc++.a(si_class_type_info.o)
                0x0800eb0c                typeinfo name for __cxxabiv1::__si_class_type_info
 *fill*         0x0800eb31        0x3 
 .rodata._ZTISt9type_info
                0x0800eb34        0x8 c:/gcc-arm-none-eabi/bin/../lib/gcc/arm-none-eabi/5.2.1/../../../../arm-none-eabi/lib/armv7e-m\libstdc++.a(tinfo.o)
                0x0800eb34                typeinfo for std::type_info
 .rodata._ZTSSt9type_info
                0x0800eb3c        0xd c:/gcc-arm-none-eabi/bin/../lib/gcc/arm-none-eabi/5.2.1/../../../../arm-none-eabi/lib/armv7e-m\libstdc++.a(tinfo.o)
                0x0800eb3c                typeinfo name for std::type_info
 *fill*         0x0800eb49        0x3 
 .rodata.str1.4
                0x0800eb4c        0x2 c:/gcc-arm-none-eabi/bin/../lib/gcc/arm-none-eabi/5.2.1/../../../../arm-none-eabi/lib/armv7e-m\libg.a(lib_a-impure.o)
 *fill*         0x0800eb4e        0x2 
 .rodata.blanks.7007
                0x0800eb50       0x10 c:/gcc-arm-none-eabi/bin/../lib/gcc/arm-none-eabi/5.2.1/../../../../arm-none-eabi/lib/armv7e-m\libg.a(lib_a-svfprintf.o)
 .rodata.str1.4
                0x0800eb60       0x42 c:/gcc-arm-none-eabi/bin/../lib/gcc/arm-none-eabi/5.2.1/../../../../arm-none-eabi/lib/armv7e-m\libg.a(lib_a-svfprintf.o)
 *fill*         0x0800eba2        0x2 
 .rodata.zeroes.7008
                0x0800eba4       0x10 c:/gcc-arm-none-eabi/bin/../lib/gcc/arm-none-eabi/5.2.1/../../../../arm-none-eabi/lib/armv7e-m\libg.a(lib_a-svfprintf.o)
 .rodata.str1.4
                0x0800ebb4       0x10 c:/gcc-arm-none-eabi/bin/../lib/gcc/arm-none-eabi/5.2.1/../../../../arm-none-eabi/lib/armv7e-m\libg.a(lib_a-dtoa.o)
                                 0x12 (size before relaxing)
 .rodata.str1.4
                0x0800ebc4        0xc c:/gcc-arm-none-eabi/bin/../lib/gcc/arm-none-eabi/5.2.1/../../../../arm-none-eabi/lib/armv7e-m\libg.a(lib_a-locale.o)
                                 0x12 (size before relaxing)
 .rodata.p05.5402
                0x0800ebd0        0xc c:/gcc-arm-none-eabi/bin/../lib/gcc/arm-none-eabi/5.2.1/../../../../arm-none-eabi/lib/armv7e-m\libg.a(lib_a-mprec.o)
 *fill*         0x0800ebdc        0x4 
 .rodata.__mprec_tens
                0x0800ebe0       0xc8 c:/gcc-arm-none-eabi/bin/../lib/gcc/arm-none-eabi/5.2.1/../../../../arm-none-eabi/lib/armv7e-m\libg.a(lib_a-mprec.o)
                0x0800ebe0                __mprec_tens
 .rodata.__mprec_bigtens
                0x0800eca8       0x28 c:/gcc-arm-none-eabi/bin/../lib/gcc/arm-none-eabi/5.2.1/../../../../arm-none-eabi/lib/armv7e-m\libg.a(lib_a-mprec.o)
                0x0800eca8                __mprec_bigtens
 *(vtable)
 *(.eh_frame*)
 *(.glue_7)
 .glue_7        0x0800ecd0        0x0 linker stubs
 *(.glue_7t)
 .glue_7t       0x0800ecd0        0x0 linker stubs

.vfp11_veneer   0x0800ecd0        0x0
 .vfp11_veneer  0x0800ecd0        0x0 linker stubs

.v4_bx          0x0800ecd0        0x0
 .v4_bx         0x0800ecd0        0x0 linker stubs

.iplt           0x0800ecd0        0x0
 .iplt          0x0800ecd0        0x0 ./system/src/stm32f4/misc.o

.ARM.extab      0x0800ecd0       0xd4
 *(.ARM.extab* .gnu.linkonce.armextab.*)
 .ARM.extab.text._ZN10__cxxabiv111__terminateEPFvvE
                0x0800ecd0       0x2c c:/gcc-arm-none-eabi/bin/../lib/gcc/arm-none-eabi/5.2.1/../../../../arm-none-eabi/lib/armv7e-m\libstdc++.a(eh_terminate.o)
 .ARM.extab.text._ZN10__cxxabiv112__unexpectedEPFvvE
                0x0800ecfc        0xc c:/gcc-arm-none-eabi/bin/../lib/gcc/arm-none-eabi/5.2.1/../../../../arm-none-eabi/lib/armv7e-m\libstdc++.a(eh_terminate.o)
 .ARM.extab.text._ZSt10unexpectedv
                0x0800ed08        0xc c:/gcc-arm-none-eabi/bin/../lib/gcc/arm-none-eabi/5.2.1/../../../../arm-none-eabi/lib/armv7e-m\libstdc++.a(eh_terminate.o)
 .ARM.extab.text.__cxa_call_unexpected
                0x0800ed14       0x28 c:/gcc-arm-none-eabi/bin/../lib/gcc/arm-none-eabi/5.2.1/../../../../arm-none-eabi/lib/armv7e-m\libstdc++.a(eh_call.o)
 .ARM.extab.text.__cxa_begin_catch
                0x0800ed3c       0x20 c:/gcc-arm-none-eabi/bin/../lib/gcc/arm-none-eabi/5.2.1/../../../../arm-none-eabi/lib/armv7e-m\libstdc++.a(eh_catch.o)
 .ARM.extab.text._ZL21base_of_encoded_valuehP15_Unwind_Context
                0x0800ed5c        0xc c:/gcc-arm-none-eabi/bin/../lib/gcc/arm-none-eabi/5.2.1/../../../../arm-none-eabi/lib/armv7e-m\libstdc++.a(eh_personality.o)
 .ARM.extab.text.__gxx_personality_v0
                0x0800ed68       0x24 c:/gcc-arm-none-eabi/bin/../lib/gcc/arm-none-eabi/5.2.1/../../../../arm-none-eabi/lib/armv7e-m\libstdc++.a(eh_personality.o)
 .ARM.extab     0x0800ed8c       0x18 c:/gcc-arm-none-eabi/bin/../lib/gcc/arm-none-eabi/5.2.1/armv7e-m\libgcc.a(pr-support.o)
                0x0800eda4                . = ALIGN (0x4)
                0x0800eda4                __exidx_start = .

.ARM.exidx      0x0800eda4      0x1b0
 *(.ARM.exidx* .gnu.linkonce.armexidx.*)
 .ARM.exidx.text._Znwj
                0x0800eda4        0x8 c:/gcc-arm-none-eabi/bin/../lib/gcc/arm-none-eabi/5.2.1/../../../../arm-none-eabi/lib/armv7e-m\libstdc++.a(new_op.o)
 .ARM.exidx.text._ZNKSt9bad_alloc4whatEv
                0x0800edac        0x8 c:/gcc-arm-none-eabi/bin/../lib/gcc/arm-none-eabi/5.2.1/../../../../arm-none-eabi/lib/armv7e-m\libstdc++.a(bad_alloc.o)
 .ARM.exidx.text._ZNSt9bad_allocD2Ev
                0x0800edb4        0x0 c:/gcc-arm-none-eabi/bin/../lib/gcc/arm-none-eabi/5.2.1/../../../../arm-none-eabi/lib/armv7e-m\libstdc++.a(bad_alloc.o)
                                  0x8 (size before relaxing)
 .ARM.exidx.text._ZNSt9bad_allocD0Ev
                0x0800edb4        0x0 c:/gcc-arm-none-eabi/bin/../lib/gcc/arm-none-eabi/5.2.1/../../../../arm-none-eabi/lib/armv7e-m\libstdc++.a(bad_alloc.o)
                                  0x8 (size before relaxing)
 .ARM.exidx.text._ZNSt9exceptionD2Ev
                0x0800edb4        0x0 c:/gcc-arm-none-eabi/bin/../lib/gcc/arm-none-eabi/5.2.1/../../../../arm-none-eabi/lib/armv7e-m\libstdc++.a(eh_exception.o)
                                  0x8 (size before relaxing)
 .ARM.exidx.text._ZNSt13bad_exceptionD2Ev
                0x0800edb4        0x0 c:/gcc-arm-none-eabi/bin/../lib/gcc/arm-none-eabi/5.2.1/../../../../arm-none-eabi/lib/armv7e-m\libstdc++.a(eh_exception.o)
                                  0x8 (size before relaxing)
 .ARM.exidx.text._ZNKSt13bad_exception4whatEv
                0x0800edb4        0x0 c:/gcc-arm-none-eabi/bin/../lib/gcc/arm-none-eabi/5.2.1/../../../../arm-none-eabi/lib/armv7e-m\libstdc++.a(eh_exception.o)
                                  0x8 (size before relaxing)
 .ARM.exidx.text._ZNSt13bad_exceptionD0Ev
                0x0800edb4        0x0 c:/gcc-arm-none-eabi/bin/../lib/gcc/arm-none-eabi/5.2.1/../../../../arm-none-eabi/lib/armv7e-m\libstdc++.a(eh_exception.o)
                                  0x8 (size before relaxing)
 .ARM.exidx.text._ZN12_GLOBAL__N_14pool4freeEPv.constprop.4
                0x0800edb4        0x0 c:/gcc-arm-none-eabi/bin/../lib/gcc/arm-none-eabi/5.2.1/../../../../arm-none-eabi/lib/armv7e-m\libstdc++.a(eh_alloc.o)
                                  0x8 (size before relaxing)
 .ARM.exidx.text._ZN12_GLOBAL__N_14pool8allocateEj.constprop.5
                0x0800edb4        0x0 c:/gcc-arm-none-eabi/bin/../lib/gcc/arm-none-eabi/5.2.1/../../../../arm-none-eabi/lib/armv7e-m\libstdc++.a(eh_alloc.o)
                                  0x8 (size before relaxing)
 .ARM.exidx.text.__cxa_allocate_exception
                0x0800edb4        0x0 c:/gcc-arm-none-eabi/bin/../lib/gcc/arm-none-eabi/5.2.1/../../../../arm-none-eabi/lib/armv7e-m\libstdc++.a(eh_alloc.o)
                                  0x8 (size before relaxing)
 .ARM.exidx.text.__cxa_free_exception
                0x0800edb4        0x0 c:/gcc-arm-none-eabi/bin/../lib/gcc/arm-none-eabi/5.2.1/../../../../arm-none-eabi/lib/armv7e-m\libstdc++.a(eh_alloc.o)
                                  0x8 (size before relaxing)
 .ARM.exidx.text.startup._GLOBAL__sub_I___cxa_allocate_exception
                0x0800edb4        0x0 c:/gcc-arm-none-eabi/bin/../lib/gcc/arm-none-eabi/5.2.1/../../../../arm-none-eabi/lib/armv7e-m\libstdc++.a(eh_alloc.o)
                                  0x8 (size before relaxing)
 .ARM.exidx.text._ZNK10__cxxabiv117__class_type_info11__do_upcastEPKS0_PPv
                0x0800edb4        0x8 c:/gcc-arm-none-eabi/bin/../lib/gcc/arm-none-eabi/5.2.1/../../../../arm-none-eabi/lib/armv7e-m\libstdc++.a(class_type_info.o)
 .ARM.exidx.text._ZNK10__cxxabiv117__class_type_info20__do_find_public_srcEiPKvPKS0_S2_
                0x0800edbc        0x8 c:/gcc-arm-none-eabi/bin/../lib/gcc/arm-none-eabi/5.2.1/../../../../arm-none-eabi/lib/armv7e-m\libstdc++.a(class_type_info.o)
 .ARM.exidx.text._ZN10__cxxabiv117__class_type_infoD2Ev
                0x0800edc4        0x8 c:/gcc-arm-none-eabi/bin/../lib/gcc/arm-none-eabi/5.2.1/../../../../arm-none-eabi/lib/armv7e-m\libstdc++.a(class_type_info.o)
 .ARM.exidx.text._ZN10__cxxabiv117__class_type_infoD0Ev
                0x0800edcc        0x0 c:/gcc-arm-none-eabi/bin/../lib/gcc/arm-none-eabi/5.2.1/../../../../arm-none-eabi/lib/armv7e-m\libstdc++.a(class_type_info.o)
                                  0x8 (size before relaxing)
 .ARM.exidx.text._ZNK10__cxxabiv117__class_type_info11__do_upcastEPKS0_PKvRNS0_15__upcast_resultE
                0x0800edcc        0x8 c:/gcc-arm-none-eabi/bin/../lib/gcc/arm-none-eabi/5.2.1/../../../../arm-none-eabi/lib/armv7e-m\libstdc++.a(class_type_info.o)
 .ARM.exidx.text._ZNK10__cxxabiv117__class_type_info12__do_dyncastEiNS0_10__sub_kindEPKS0_PKvS3_S5_RNS0_16__dyncast_resultE
                0x0800edd4        0x8 c:/gcc-arm-none-eabi/bin/../lib/gcc/arm-none-eabi/5.2.1/../../../../arm-none-eabi/lib/armv7e-m\libstdc++.a(class_type_info.o)
 .ARM.exidx.text._ZNK10__cxxabiv117__class_type_info10__do_catchEPKSt9type_infoPPvj
                0x0800eddc        0x8 c:/gcc-arm-none-eabi/bin/../lib/gcc/arm-none-eabi/5.2.1/../../../../arm-none-eabi/lib/armv7e-m\libstdc++.a(class_type_info.o)
 .ARM.exidx.text._ZSt15get_new_handlerv
                0x0800ede4        0x8 c:/gcc-arm-none-eabi/bin/../lib/gcc/arm-none-eabi/5.2.1/../../../../arm-none-eabi/lib/armv7e-m\libstdc++.a(new_handler.o)
 .ARM.exidx.text._ZdlPv
                0x0800edec        0x0 c:/gcc-arm-none-eabi/bin/../lib/gcc/arm-none-eabi/5.2.1/../../../../arm-none-eabi/lib/armv7e-m\libstdc++.a(del_op.o)
                                  0x8 (size before relaxing)
 .ARM.exidx.text._ZN10__cxxabiv120__si_class_type_infoD2Ev
                0x0800edec        0x8 c:/gcc-arm-none-eabi/bin/../lib/gcc/arm-none-eabi/5.2.1/../../../../arm-none-eabi/lib/armv7e-m\libstdc++.a(si_class_type_info.o)
 .ARM.exidx.text._ZN10__cxxabiv120__si_class_type_infoD0Ev
                0x0800edf4        0x0 c:/gcc-arm-none-eabi/bin/../lib/gcc/arm-none-eabi/5.2.1/../../../../arm-none-eabi/lib/armv7e-m\libstdc++.a(si_class_type_info.o)
                                  0x8 (size before relaxing)
 .ARM.exidx.text._ZNK10__cxxabiv120__si_class_type_info12__do_dyncastEiNS_17__class_type_info10__sub_kindEPKS1_PKvS4_S6_RNS1_16__dyncast_resultE
                0x0800edf4        0x8 c:/gcc-arm-none-eabi/bin/../lib/gcc/arm-none-eabi/5.2.1/../../../../arm-none-eabi/lib/armv7e-m\libstdc++.a(si_class_type_info.o)
 .ARM.exidx.text._ZNK10__cxxabiv120__si_class_type_info20__do_find_public_srcEiPKvPKNS_17__class_type_infoES2_
                0x0800edfc        0x8 c:/gcc-arm-none-eabi/bin/../lib/gcc/arm-none-eabi/5.2.1/../../../../arm-none-eabi/lib/armv7e-m\libstdc++.a(si_class_type_info.o)
 .ARM.exidx.text._ZNK10__cxxabiv120__si_class_type_info11__do_upcastEPKNS_17__class_type_infoEPKvRNS1_15__upcast_resultE
                0x0800ee04        0x8 c:/gcc-arm-none-eabi/bin/../lib/gcc/arm-none-eabi/5.2.1/../../../../arm-none-eabi/lib/armv7e-m\libstdc++.a(si_class_type_info.o)
 .ARM.exidx.text._ZL23__gxx_exception_cleanup19_Unwind_Reason_CodeP21_Unwind_Control_Block
                0x0800ee0c        0x8 c:/gcc-arm-none-eabi/bin/../lib/gcc/arm-none-eabi/5.2.1/../../../../arm-none-eabi/lib/armv7e-m\libstdc++.a(eh_throw.o)
 .ARM.exidx.text.__cxa_throw
                0x0800ee14        0x8 c:/gcc-arm-none-eabi/bin/../lib/gcc/arm-none-eabi/5.2.1/../../../../arm-none-eabi/lib/armv7e-m\libstdc++.a(eh_throw.o)
 .ARM.exidx.text.__cxa_rethrow
                0x0800ee1c        0x8 c:/gcc-arm-none-eabi/bin/../lib/gcc/arm-none-eabi/5.2.1/../../../../arm-none-eabi/lib/armv7e-m\libstdc++.a(eh_throw.o)
 .ARM.exidx.text.__cxa_get_globals_fast
                0x0800ee24        0x8 c:/gcc-arm-none-eabi/bin/../lib/gcc/arm-none-eabi/5.2.1/../../../../arm-none-eabi/lib/armv7e-m\libstdc++.a(eh_globals.o)
 .ARM.exidx.text.__cxa_get_globals
                0x0800ee2c        0x0 c:/gcc-arm-none-eabi/bin/../lib/gcc/arm-none-eabi/5.2.1/../../../../arm-none-eabi/lib/armv7e-m\libstdc++.a(eh_globals.o)
                                  0x8 (size before relaxing)
 .ARM.exidx.text._ZN10__cxxabiv111__terminateEPFvvE
                0x0800ee2c        0x8 c:/gcc-arm-none-eabi/bin/../lib/gcc/arm-none-eabi/5.2.1/../../../../arm-none-eabi/lib/armv7e-m\libstdc++.a(eh_terminate.o)
 .ARM.exidx.text._ZSt9terminatev
                0x0800ee34        0x8 c:/gcc-arm-none-eabi/bin/../lib/gcc/arm-none-eabi/5.2.1/../../../../arm-none-eabi/lib/armv7e-m\libstdc++.a(eh_terminate.o)
 .ARM.exidx.text._ZN10__cxxabiv112__unexpectedEPFvvE
                0x0800ee3c        0x8 c:/gcc-arm-none-eabi/bin/../lib/gcc/arm-none-eabi/5.2.1/../../../../arm-none-eabi/lib/armv7e-m\libstdc++.a(eh_terminate.o)
 .ARM.exidx.text._ZSt10unexpectedv
                0x0800ee44        0x8 c:/gcc-arm-none-eabi/bin/../lib/gcc/arm-none-eabi/5.2.1/../../../../arm-none-eabi/lib/armv7e-m\libstdc++.a(eh_terminate.o)
 .ARM.exidx.text._ZSt13get_terminatev
                0x0800ee4c        0x8 c:/gcc-arm-none-eabi/bin/../lib/gcc/arm-none-eabi/5.2.1/../../../../arm-none-eabi/lib/armv7e-m\libstdc++.a(eh_terminate.o)
 .ARM.exidx.text._ZSt14get_unexpectedv
                0x0800ee54        0x0 c:/gcc-arm-none-eabi/bin/../lib/gcc/arm-none-eabi/5.2.1/../../../../arm-none-eabi/lib/armv7e-m\libstdc++.a(eh_terminate.o)
                                  0x8 (size before relaxing)
 .ARM.exidx.text._ZNSt9type_infoD2Ev
                0x0800ee54        0x0 c:/gcc-arm-none-eabi/bin/../lib/gcc/arm-none-eabi/5.2.1/../../../../arm-none-eabi/lib/armv7e-m\libstdc++.a(tinfo.o)
                                  0x8 (size before relaxing)
 .ARM.exidx.text._ZNKSt9type_info15__is_function_pEv
                0x0800ee54        0x0 c:/gcc-arm-none-eabi/bin/../lib/gcc/arm-none-eabi/5.2.1/../../../../arm-none-eabi/lib/armv7e-m\libstdc++.a(tinfo.o)
                                  0x8 (size before relaxing)
 .ARM.exidx.text._ZNKSt9type_infoeqERKS_
                0x0800ee54        0x0 c:/gcc-arm-none-eabi/bin/../lib/gcc/arm-none-eabi/5.2.1/../../../../arm-none-eabi/lib/armv7e-m\libstdc++.a(tinfo.o)
                                  0x8 (size before relaxing)
 .ARM.exidx.text.__cxa_type_match
                0x0800ee54        0x8 c:/gcc-arm-none-eabi/bin/../lib/gcc/arm-none-eabi/5.2.1/../../../../arm-none-eabi/lib/armv7e-m\libstdc++.a(eh_arm.o)
 .ARM.exidx.text.__cxa_begin_cleanup
                0x0800ee5c        0x8 c:/gcc-arm-none-eabi/bin/../lib/gcc/arm-none-eabi/5.2.1/../../../../arm-none-eabi/lib/armv7e-m\libstdc++.a(eh_arm.o)
 .ARM.exidx.text.__gnu_end_cleanup
                0x0800ee64        0x0 c:/gcc-arm-none-eabi/bin/../lib/gcc/arm-none-eabi/5.2.1/../../../../arm-none-eabi/lib/armv7e-m\libstdc++.a(eh_arm.o)
                                  0x8 (size before relaxing)
 .ARM.exidx.text._ZN10__cxxabiv1L24__is_gxx_exception_classEPc
                0x0800ee64        0x0 c:/gcc-arm-none-eabi/bin/../lib/gcc/arm-none-eabi/5.2.1/../../../../arm-none-eabi/lib/armv7e-m\libstdc++.a(eh_call.o)
                                  0x8 (size before relaxing)
 .ARM.exidx.text.__cxa_call_terminate
                0x0800ee64        0x0 c:/gcc-arm-none-eabi/bin/../lib/gcc/arm-none-eabi/5.2.1/../../../../arm-none-eabi/lib/armv7e-m\libstdc++.a(eh_call.o)
                                  0x8 (size before relaxing)
 .ARM.exidx.text.__cxa_call_unexpected
                0x0800ee64        0x8 c:/gcc-arm-none-eabi/bin/../lib/gcc/arm-none-eabi/5.2.1/../../../../arm-none-eabi/lib/armv7e-m\libstdc++.a(eh_call.o)
 .ARM.exidx.text.__cxa_begin_catch
                0x0800ee6c        0x8 c:/gcc-arm-none-eabi/bin/../lib/gcc/arm-none-eabi/5.2.1/../../../../arm-none-eabi/lib/armv7e-m\libstdc++.a(eh_catch.o)
 .ARM.exidx.text.__cxa_end_catch
                0x0800ee74        0x8 c:/gcc-arm-none-eabi/bin/../lib/gcc/arm-none-eabi/5.2.1/../../../../arm-none-eabi/lib/armv7e-m\libstdc++.a(eh_catch.o)
 .ARM.exidx.text._ZL28read_encoded_value_with_basehjPKhPj
                0x0800ee7c        0x8 c:/gcc-arm-none-eabi/bin/../lib/gcc/arm-none-eabi/5.2.1/../../../../arm-none-eabi/lib/armv7e-m\libstdc++.a(eh_personality.o)
 .ARM.exidx.text._ZL21base_of_encoded_valuehP15_Unwind_Context
                0x0800ee84        0x8 c:/gcc-arm-none-eabi/bin/../lib/gcc/arm-none-eabi/5.2.1/../../../../arm-none-eabi/lib/armv7e-m\libstdc++.a(eh_personality.o)
 .ARM.exidx.text._ZL17parse_lsda_headerP15_Unwind_ContextPKhP16lsda_header_info
                0x0800ee8c        0x8 c:/gcc-arm-none-eabi/bin/../lib/gcc/arm-none-eabi/5.2.1/../../../../arm-none-eabi/lib/armv7e-m\libstdc++.a(eh_personality.o)
 .ARM.exidx.text.__gxx_personality_v0
                0x0800ee94       0x10 c:/gcc-arm-none-eabi/bin/../lib/gcc/arm-none-eabi/5.2.1/../../../../arm-none-eabi/lib/armv7e-m\libstdc++.a(eh_personality.o)
                                  0x8 (size before relaxing)
 .ARM.exidx     0x0800eea4       0x78 c:/gcc-arm-none-eabi/bin/../lib/gcc/arm-none-eabi/5.2.1/armv7e-m\libgcc.a(unwind-arm.o)
                                 0xd8 (size before relaxing)
 .ARM.exidx     0x0800ef1c       0x38 c:/gcc-arm-none-eabi/bin/../lib/gcc/arm-none-eabi/5.2.1/armv7e-m\libgcc.a(pr-support.o)
                                 0x48 (size before relaxing)
 .ARM.exidx     0x0800ef54        0x0 c:/gcc-arm-none-eabi/bin/../lib/gcc/arm-none-eabi/5.2.1/armv7e-m\libgcc.a(_udivmoddi4.o)
                                  0x8 (size before relaxing)
                0x0800ef54                __exidx_end = .

.rel.dyn        0x0800ef54        0x0
 .rel.iplt      0x0800ef54        0x0 ./system/src/stm32f4/misc.o
                0x0800ef54                . = ALIGN (0x4)
                0x0800ef54                _etext = .
                0x0800ef54                __etext = .

.data_CCMRAM    0x10000000        0x0 load address 0x0800ef54
 FILL mask 0xff
 *(.data.CCMRAM .data.CCMRAM.*)
                0x10000000                . = ALIGN (0x4)
                0x0800ef54                _sidata = LOADADDR (.data)

.data           0x20000000      0xb00 load address 0x0800ef54
 FILL mask 0xff
                0x20000000                _sdata = .
                0x20000000                __data_start__ = .
 *(.data_begin .data_begin.*)
 .data_begin    0x20000000        0x4 ./system/src/newlib/_startup.o
 *(.data .data.*)
 .data.argv.4231
                0x20000004        0x8 ./system/src/newlib/_syscalls.o
 .data.AHBPrescTable
                0x2000000c       0x10 ./system/src/cmsis/system_stm32f4xx.o
                0x2000000c                AHBPrescTable
 .data.SystemCoreClock
                0x2000001c        0x4 ./system/src/cmsis/system_stm32f4xx.o
                0x2000001c                SystemCoreClock
 .data.CKey_GPIOPin
                0x20000020       0x30 ./src/CKey.o
                0x20000020                CKey_GPIOPin
 .data.CKey_MUXChannel
                0x20000050       0x30 ./src/CKey.o
                0x20000050                CKey_MUXChannel
 .data.CKey_frequency
                0x20000080       0x30 ./src/CKey.o
                0x20000080                CKey_frequency
 .data.CKey_ADCChannel
                0x200000b0       0x30 ./src/CKey.o
                0x200000b0                CKey_ADCChannel
 .data.type     0x200000e0       0x18 ./src/CKey.o
                0x200000e0                type
 .data.BACK_COLOR
                0x200000f8        0x2 ./src/ILI93xx.o
                0x200000f8                BACK_COLOR
 *fill*         0x200000fa        0x2 ff
 .data.random   0x200000fc      0x168 ./src/sound.o
                0x200000fc                random
 .data.buf_inuse
                0x20000264        0x4 ./src/sound.o
                0x20000264                buf_inuse
 .data.note_decay
                0x20000268       0x12 ./src/sound.o
                0x20000268                note_decay
 *fill*         0x2000027a        0x2 ff
 .data._ZN10__cxxabiv119__terminate_handlerE
                0x2000027c        0x4 c:/gcc-arm-none-eabi/bin/../lib/gcc/arm-none-eabi/5.2.1/../../../../arm-none-eabi/lib/armv7e-m\libstdc++.a(eh_term_handler.o)
                0x2000027c                __cxxabiv1::__terminate_handler
 .data._ZN10__cxxabiv120__unexpected_handlerE
                0x20000280        0x4 c:/gcc-arm-none-eabi/bin/../lib/gcc/arm-none-eabi/5.2.1/../../../../arm-none-eabi/lib/armv7e-m\libstdc++.a(eh_unex_handler.o)
                0x20000280                __cxxabiv1::__unexpected_handler
 *fill*         0x20000284        0x4 ff
 .data.impure_data
                0x20000288      0x428 c:/gcc-arm-none-eabi/bin/../lib/gcc/arm-none-eabi/5.2.1/../../../../arm-none-eabi/lib/armv7e-m\libg.a(lib_a-impure.o)
 .data._impure_ptr
                0x200006b0        0x4 c:/gcc-arm-none-eabi/bin/../lib/gcc/arm-none-eabi/5.2.1/../../../../arm-none-eabi/lib/armv7e-m\libg.a(lib_a-impure.o)
                0x200006b0                _impure_ptr
 .data.__malloc_av_
                0x200006b4      0x408 c:/gcc-arm-none-eabi/bin/../lib/gcc/arm-none-eabi/5.2.1/../../../../arm-none-eabi/lib/armv7e-m\libg.a(lib_a-mallocr.o)
                0x200006b4                __malloc_av_
 .data.__malloc_trim_threshold
                0x20000abc        0x4 c:/gcc-arm-none-eabi/bin/../lib/gcc/arm-none-eabi/5.2.1/../../../../arm-none-eabi/lib/armv7e-m\libg.a(lib_a-mallocr.o)
                0x20000abc                __malloc_trim_threshold
 .data.__malloc_sbrk_base
                0x20000ac0        0x4 c:/gcc-arm-none-eabi/bin/../lib/gcc/arm-none-eabi/5.2.1/../../../../arm-none-eabi/lib/armv7e-m\libg.a(lib_a-mallocr.o)
                0x20000ac0                __malloc_sbrk_base
 .data.lconv    0x20000ac4       0x38 c:/gcc-arm-none-eabi/bin/../lib/gcc/arm-none-eabi/5.2.1/../../../../arm-none-eabi/lib/armv7e-m\libg.a(lib_a-locale.o)
 *(.data_end .data_end.*)
 .data_end      0x20000afc        0x4 ./system/src/newlib/_startup.o
                0x20000b00                . = ALIGN (0x4)
                0x20000b00                _edata = .
                0x20000b00                __data_end__ = .

.igot.plt       0x20000b00        0x0 load address 0x0800fa54
 .igot.plt      0x20000b00        0x0 ./system/src/stm32f4/misc.o

.bss_CCMRAM     0x10000000        0x0
 *(.bss.CCMRAM .bss.CCMRAM.*)

.bss            0x20000b00      0x608
                0x20000b00                __bss_start__ = .
                0x20000b00                _sbss = .
 *(.bss_begin .bss_begin.*)
 .bss_begin     0x20000b00        0x4 ./system/src/newlib/_startup.o
 *(.bss .bss.*)
 .bss.current_heap_end.3942
                0x20000b04        0x4 ./system/src/newlib/_sbrk.o
 .bss.name.4230
                0x20000b08        0x1 ./system/src/newlib/_syscalls.o
 *fill*         0x20000b09        0x3 
 .bss.buf.5078  0x20000b0c       0x80 ./system/src/diag/Trace.o
 .bss._ZL23ADC_CommonInitStructure
                0x20000b8c       0x10 ./src/CKey.o
 .bss._ZL18GPIO_InitStructure
                0x20000b9c        0x8 ./src/CKey.o
 .bss._ZL17ADC_InitStructure
                0x20000ba4       0x18 ./src/CKey.o
 .bss.POINT_COLOR
                0x20000bbc        0x2 ./src/ILI93xx.o
                0x20000bbc                POINT_COLOR
 *fill*         0x20000bbe        0x2 
 .bss._ZL18GPIO_InitStructure
                0x20000bc0        0x8 ./src/ILI93xx.o
 .bss.lcddev    0x20000bc8        0xe ./src/ILI93xx.o
                0x20000bc8                lcddev
 .bss._ZL6fac_us
                0x20000bd6        0x1 ./src/delay.o
 *fill*         0x20000bd7        0x1 
 .bss._ZL6fac_ms
                0x20000bd8        0x2 ./src/delay.o
 *fill*         0x20000bda        0x2 
 .bss._ZL18GPIO_InitStructure
                0x20000bdc        0x8 ./src/main.o
 .bss.keys      0x20000be4       0x60 ./src/main.o
                0x20000be4                keys
 .bss.flag      0x20000c44       0x20 ./src/main.o
                0x20000c44                flag
 .bss.j         0x20000c64        0x1 ./src/sound.o
                0x20000c64                j
 *fill*         0x20000c65        0x1 
 .bss.buf_sum   0x20000c66        0x2 ./src/sound.o
                0x20000c66                buf_sum
 .bss.srt1      0x20000c68        0x4 ./src/sound.o
                0x20000c68                srt1
 .bss.buffer    0x20000c6c      0x438 ./src/sound.o
                0x20000c6c                buffer
 .bss.buf_note  0x200010a4        0x6 ./src/sound.o
                0x200010a4                buf_note
 *fill*         0x200010aa        0x2 
 .bss._ZN12_GLOBAL__N_114emergency_poolE
                0x200010ac       0x10 c:/gcc-arm-none-eabi/bin/../lib/gcc/arm-none-eabi/5.2.1/../../../../arm-none-eabi/lib/armv7e-m\libstdc++.a(eh_alloc.o)
 .bss._ZN12_GLOBAL__N_113__new_handlerE
                0x200010bc        0x4 c:/gcc-arm-none-eabi/bin/../lib/gcc/arm-none-eabi/5.2.1/../../../../arm-none-eabi/lib/armv7e-m\libstdc++.a(new_handler.o)
 .bss._ZL10eh_globals
                0x200010c0        0xc c:/gcc-arm-none-eabi/bin/../lib/gcc/arm-none-eabi/5.2.1/../../../../arm-none-eabi/lib/armv7e-m\libstdc++.a(eh_globals.o)
 .bss.__malloc_max_total_mem
                0x200010cc        0x4 c:/gcc-arm-none-eabi/bin/../lib/gcc/arm-none-eabi/5.2.1/../../../../arm-none-eabi/lib/armv7e-m\libg.a(lib_a-mallocr.o)
                0x200010cc                __malloc_max_total_mem
 .bss.__malloc_max_sbrked_mem
                0x200010d0        0x4 c:/gcc-arm-none-eabi/bin/../lib/gcc/arm-none-eabi/5.2.1/../../../../arm-none-eabi/lib/armv7e-m\libg.a(lib_a-mallocr.o)
                0x200010d0                __malloc_max_sbrked_mem
 .bss.__malloc_top_pad
                0x200010d4        0x4 c:/gcc-arm-none-eabi/bin/../lib/gcc/arm-none-eabi/5.2.1/../../../../arm-none-eabi/lib/armv7e-m\libg.a(lib_a-mallocr.o)
                0x200010d4                __malloc_top_pad
 .bss.__malloc_current_mallinfo
                0x200010d8       0x28 c:/gcc-arm-none-eabi/bin/../lib/gcc/arm-none-eabi/5.2.1/../../../../arm-none-eabi/lib/armv7e-m\libg.a(lib_a-mallocr.o)
                0x200010d8                __malloc_current_mallinfo
 *(COMMON)
 COMMON         0x20001100        0x4 ./system/src/newlib/_syscalls.o
                0x20001100                errno
 *(.bss_end .bss_end.*)
 .bss_end       0x20001104        0x4 ./system/src/newlib/_startup.o
                0x20001108                . = ALIGN (0x4)
                0x20001108                __bss_end__ = .
                0x20001108                _ebss = .

.noinit_CCMRAM
 *(.noinit.CCMRAM .noinit.CCMRAM.*)

.noinit         0x20001108        0x0
                0x20001108                _noinit = .
 *(.noinit .noinit.*)
                0x20001108                . = ALIGN (0x4)
                0x20001108                _end_noinit = .
                [!provide]                PROVIDE (end, _end_noinit)
                [!provide]                PROVIDE (_end, _end_noinit)
                [!provide]                PROVIDE (__end, _end_noinit)
                [!provide]                PROVIDE (__end__, _end_noinit)

._check_stack   0x20001108      0x100
                0x20001208                . = (. + _Minimum_Stack_Size)
 *fill*         0x20001108      0x100 

.b1text
 *(.b1text)
 *(.b1rodata)
 *(.b1rodata.*)

.eb0text
 *(.eb0text)
 *(.eb0rodata)
 *(.eb0rodata.*)

.eb1text
 *(.eb1text)
 *(.eb1rodata)
 *(.eb1rodata.*)

.eb2text
 *(.eb2text)
 *(.eb2rodata)
 *(.eb2rodata.*)

.eb3text
 *(.eb3text)
 *(.eb3rodata)
 *(.eb3rodata.*)

.stab
 *(.stab)

.stabstr
 *(.stabstr)

.stab.excl
 *(.stab.excl)

.stab.exclstr
 *(.stab.exclstr)

.stab.index
 *(.stab.index)

.stab.indexstr
 *(.stab.indexstr)

.comment        0x00000000       0x6e
 *(.comment)
 .comment       0x00000000       0x6e ./system/src/stm32f4/misc.o
                                 0x6f (size before relaxing)
 .comment       0x0000006e       0x6f ./system/src/stm32f4/stm32f4xx_adc.o
 .comment       0x0000006e       0x6f ./system/src/stm32f4/stm32f4xx_dac.o
 .comment       0x0000006e       0x6f ./system/src/stm32f4/stm32f4xx_gpio.o
 .comment       0x0000006e       0x6f ./system/src/stm32f4/stm32f4xx_rcc.o
 .comment       0x0000006e       0x6f ./system/src/stm32f4/stm32f4xx_tim.o
 .comment       0x0000006e       0x6f ./system/src/newlib/_cxx.o
 .comment       0x0000006e       0x6f ./system/src/newlib/_exit.o
 .comment       0x0000006e       0x6f ./system/src/newlib/_sbrk.o
 .comment       0x0000006e       0x6f ./system/src/newlib/_startup.o
 .comment       0x0000006e       0x6f ./system/src/newlib/_syscalls.o
 .comment       0x0000006e       0x6f ./system/src/newlib/assert.o
 .comment       0x0000006e       0x6f ./system/src/diag/Trace.o
 .comment       0x0000006e       0x6f ./system/src/diag/trace_impl.o
 .comment       0x0000006e       0x6f ./system/src/cortexm/_initialize_hardware.o
 .comment       0x0000006e       0x6f ./system/src/cortexm/exception_handlers.o
 .comment       0x0000006e       0x6f ./system/src/cmsis/system_stm32f4xx.o
 .comment       0x0000006e       0x6f ./system/src/cmsis/vectors_stm32f407xx.o
 .comment       0x0000006e       0x6f ./src/CKey.o
 .comment       0x0000006e       0x6f ./src/ILI93xx.o
 .comment       0x0000006e       0x6f ./src/dac.o
 .comment       0x0000006e       0x6f ./src/delay.o
 .comment       0x0000006e       0x6f ./src/main.o
 .comment       0x0000006e       0x6f ./src/sound.o
 .comment       0x0000006e       0x6f ./src/stm32f4xx_it.o
 .comment       0x0000006e       0x6f ./src/timer_interrupt.o

.ARM.attributes
                0x00000000       0x31
 .ARM.attributes