Archive member included to satisfy reference by file (symbol)

c:/gcc-arm-none-eabi/bin/../lib/gcc/arm-none-eabi/5.2.1/armv7e-m\libgcc.a(_arm_addsubdf3.o)
                              ./src/ILI93xx.o (__aeabi_i2d)
c:/gcc-arm-none-eabi/bin/../lib/gcc/arm-none-eabi/5.2.1/armv7e-m\libgcc.a(_arm_muldivdf3.o)
                              ./src/ILI93xx.o (__aeabi_dmul)
c:/gcc-arm-none-eabi/bin/../lib/gcc/arm-none-eabi/5.2.1/armv7e-m\libgcc.a(_arm_fixunsdfsi.o)
                              ./src/ILI93xx.o (__aeabi_d2uiz)
c:/gcc-arm-none-eabi/bin/../lib/gcc/arm-none-eabi/5.2.1/../../../../arm-none-eabi/lib/armv7e-m\libg.a(lib_a-errno.o)
                              ./system/src/newlib/_sbrk.o (__errno)
c:/gcc-arm-none-eabi/bin/../lib/gcc/arm-none-eabi/5.2.1/../../../../arm-none-eabi/lib/armv7e-m\libg.a(lib_a-impure.o)
                              c:/gcc-arm-none-eabi/bin/../lib/gcc/arm-none-eabi/5.2.1/../../../../arm-none-eabi/lib/armv7e-m\libg.a(lib_a-errno.o) (_impure_ptr)
c:/gcc-arm-none-eabi/bin/../lib/gcc/arm-none-eabi/5.2.1/../../../../arm-none-eabi/lib/armv7e-m\libg.a(lib_a-strlen.o)
                              ./system/src/diag/Trace.o (strlen)
c:/gcc-arm-none-eabi/bin/../lib/gcc/arm-none-eabi/5.2.1/../../../../arm-none-eabi/lib/armv7e-m\libg.a(lib_a-vsnprintf.o)
                              ./system/src/diag/Trace.o (vsnprintf)
c:/gcc-arm-none-eabi/bin/../lib/gcc/arm-none-eabi/5.2.1/../../../../arm-none-eabi/lib/armv7e-m\libg.a(lib_a-svfprintf.o)
                              c:/gcc-arm-none-eabi/bin/../lib/gcc/arm-none-eabi/5.2.1/../../../../arm-none-eabi/lib/armv7e-m\libg.a(lib_a-vsnprintf.o) (_svfprintf_r)
c:/gcc-arm-none-eabi/bin/../lib/gcc/arm-none-eabi/5.2.1/../../../../arm-none-eabi/lib/armv7e-m\libg.a(lib_a-dtoa.o)
                              c:/gcc-arm-none-eabi/bin/../lib/gcc/arm-none-eabi/5.2.1/../../../../arm-none-eabi/lib/armv7e-m\libg.a(lib_a-svfprintf.o) (_dtoa_r)
c:/gcc-arm-none-eabi/bin/../lib/gcc/arm-none-eabi/5.2.1/../../../../arm-none-eabi/lib/armv7e-m\libg.a(lib_a-locale.o)
                              c:/gcc-arm-none-eabi/bin/../lib/gcc/arm-none-eabi/5.2.1/../../../../arm-none-eabi/lib/armv7e-m\libg.a(lib_a-svfprintf.o) (_localeconv_r)
c:/gcc-arm-none-eabi/bin/../lib/gcc/arm-none-eabi/5.2.1/../../../../arm-none-eabi/lib/armv7e-m\libg.a(lib_a-mallocr.o)
                              c:/gcc-arm-none-eabi/bin/../lib/gcc/arm-none-eabi/5.2.1/../../../../arm-none-eabi/lib/armv7e-m\libg.a(lib_a-svfprintf.o) (_malloc_r)
c:/gcc-arm-none-eabi/bin/../lib/gcc/arm-none-eabi/5.2.1/../../../../arm-none-eabi/lib/armv7e-m\libg.a(lib_a-memchr.o)
                              c:/gcc-arm-none-eabi/bin/../lib/gcc/arm-none-eabi/5.2.1/../../../../arm-none-eabi/lib/armv7e-m\libg.a(lib_a-svfprintf.o) (memchr)
c:/gcc-arm-none-eabi/bin/../lib/gcc/arm-none-eabi/5.2.1/../../../../arm-none-eabi/lib/armv7e-m\libg.a(lib_a-memcpy.o)
                              c:/gcc-arm-none-eabi/bin/../lib/gcc/arm-none-eabi/5.2.1/../../../../arm-none-eabi/lib/armv7e-m\libg.a(lib_a-dtoa.o) (memcpy)
c:/gcc-arm-none-eabi/bin/../lib/gcc/arm-none-eabi/5.2.1/../../../../arm-none-eabi/lib/armv7e-m\libg.a(lib_a-mlock.o)
                              c:/gcc-arm-none-eabi/bin/../lib/gcc/arm-none-eabi/5.2.1/../../../../arm-none-eabi/lib/armv7e-m\libg.a(lib_a-mallocr.o) (__malloc_lock)
c:/gcc-arm-none-eabi/bin/../lib/gcc/arm-none-eabi/5.2.1/../../../../arm-none-eabi/lib/armv7e-m\libg.a(lib_a-mprec.o)
                              c:/gcc-arm-none-eabi/bin/../lib/gcc/arm-none-eabi/5.2.1/../../../../arm-none-eabi/lib/armv7e-m\libg.a(lib_a-dtoa.o) (_Balloc)
c:/gcc-arm-none-eabi/bin/../lib/gcc/arm-none-eabi/5.2.1/../../../../arm-none-eabi/lib/armv7e-m\libg.a(lib_a-s_fpclassify.o)
                              c:/gcc-arm-none-eabi/bin/../lib/gcc/arm-none-eabi/5.2.1/../../../../arm-none-eabi/lib/armv7e-m\libg.a(lib_a-svfprintf.o) (__fpclassifyd)
c:/gcc-arm-none-eabi/bin/../lib/gcc/arm-none-eabi/5.2.1/../../../../arm-none-eabi/lib/armv7e-m\libg.a(lib_a-sbrkr.o)
                              c:/gcc-arm-none-eabi/bin/../lib/gcc/arm-none-eabi/5.2.1/../../../../arm-none-eabi/lib/armv7e-m\libg.a(lib_a-mallocr.o) (_sbrk_r)
c:/gcc-arm-none-eabi/bin/../lib/gcc/arm-none-eabi/5.2.1/../../../../arm-none-eabi/lib/armv7e-m\libg.a(lib_a-strcmp.o)
                              c:/gcc-arm-none-eabi/bin/../lib/gcc/arm-none-eabi/5.2.1/../../../../arm-none-eabi/lib/armv7e-m\libg.a(lib_a-locale.o) (strcmp)
c:/gcc-arm-none-eabi/bin/../lib/gcc/arm-none-eabi/5.2.1/../../../../arm-none-eabi/lib/armv7e-m\libg.a(lib_a-svfiprintf.o)
                              c:/gcc-arm-none-eabi/bin/../lib/gcc/arm-none-eabi/5.2.1/../../../../arm-none-eabi/lib/armv7e-m\libg.a(lib_a-svfprintf.o) (__ssprint_r)
c:/gcc-arm-none-eabi/bin/../lib/gcc/arm-none-eabi/5.2.1/../../../../arm-none-eabi/lib/armv7e-m\libg.a(lib_a-callocr.o)
[...]
Memory Configuration

Name             Origin             Length             Attributes
RAM              0x20000000         0x00020000         xrw
CCMRAM           0x10000000         0x00010000         xrw
FLASH            0x08000000         0x00100000         xr
FLASHB1          0x00000000         0x00000000         xr
EXTMEMB0         0x00000000         0x00000000         xr
EXTMEMB1         0x00000000         0x00000000         xr
EXTMEMB2         0x00000000         0x00000000         xr
EXTMEMB3         0x00000000         0x00000000         xr
MEMORY_ARRAY     0x20002000         0x00000020         xrw
*default*        0x00000000         0xffffffff

Linker script and memory map

LOAD ./system/src/stm32f4/misc.o
LOAD ./system/src/stm32f4/stm32f4xx_adc.o
LOAD ./system/src/stm32f4/stm32f4xx_can.o
LOAD ./system/src/stm32f4/stm32f4xx_cec.o
LOAD ./system/src/stm32f4/stm32f4xx_crc.o
LOAD ./system/src/stm32f4/stm32f4xx_cryp.o
LOAD ./system/src/stm32f4/stm32f4xx_cryp_aes.o
LOAD ./system/src/stm32f4/stm32f4xx_cryp_des.o
LOAD ./system/src/stm32f4/stm32f4xx_cryp_tdes.o
LOAD ./system/src/stm32f4/stm32f4xx_dac.o
LOAD ./system/src/stm32f4/stm32f4xx_dbgmcu.o
LOAD ./system/src/stm32f4/stm32f4xx_dcmi.o
LOAD ./system/src/stm32f4/stm32f4xx_dma.o
LOAD ./system/src/stm32f4/stm32f4xx_dma2d.o
LOAD ./system/src/stm32f4/stm32f4xx_dsi.o
LOAD ./system/src/stm32f4/stm32f4xx_exti.o
LOAD ./system/src/stm32f4/stm32f4xx_flash.o
LOAD ./system/src/stm32f4/stm32f4xx_flash_ramfunc.o
LOAD ./system/src/stm32f4/stm32f4xx_fmpi2c.o
LOAD ./system/src/stm32f4/stm32f4xx_fsmc.o
LOAD ./system/src/stm32f4/stm32f4xx_gpio.o
LOAD ./system/src/stm32f4/stm32f4xx_hash.o
LOAD ./system/src/stm32f4/stm32f4xx_hash_md5.o
LOAD ./system/src/stm32f4/stm32f4xx_hash_sha1.o
LOAD ./system/src/stm32f4/stm32f4xx_i2c.o
LOAD ./system/src/stm32f4/stm32f4xx_iwdg.o
LOAD ./system/src/stm32f4/stm32f4xx_lptim.o
LOAD ./system/src/stm32f4/stm32f4xx_ltdc.o
LOAD ./system/src/stm32f4/stm32f4xx_pwr.o
LOAD ./system/src/stm32f4/stm32f4xx_qspi.o
LOAD ./system/src/stm32f4/stm32f4xx_rcc.o
LOAD ./system/src/stm32f4/stm32f4xx_rng.o
LOAD ./system/src/stm32f4/stm32f4xx_rtc.o
LOAD ./system/src/stm32f4/stm32f4xx_sai.o
LOAD ./system/src/stm32f4/stm32f4xx_sdio.o
LOAD ./system/src/stm32f4/stm32f4xx_spdifrx.o
LOAD ./system/src/stm32f4/stm32f4xx_spi.o
LOAD ./system/src/stm32f4/stm32f4xx_syscfg.o
LOAD ./system/src/stm32f4/stm32f4xx_tim.o
LOAD ./system/src/stm32f4/stm32f4xx_usart.o
LOAD ./system/src/stm32f4/stm32f4xx_wwdg.o
LOAD ./system/src/newlib/_cxx.o
LOAD ./system/src/newlib/_exit.o
LOAD ./system/src/newlib/_sbrk.o
LOAD ./system/src/newlib/_startup.o
LOAD ./system/src/newlib/_syscalls.o
LOAD ./system/src/newlib/assert.o
LOAD ./system/src/diag/Trace.o
LOAD ./system/src/diag/trace_impl.o
LOAD ./system/src/cortexm/_initialize_hardware.o
LOAD ./system/src/cortexm/_reset_hardware.o
LOAD ./system/src/cortexm/exception_handlers.o
LOAD ./system/src/cmsis/system_stm32f4xx.o
LOAD ./system/src/cmsis/vectors_stm32f407xx.o
LOAD ./src/ILI93xx.o
LOAD ./src/dac.o
LOAD ./src/delay.o
LOAD ./src/main.o
LOAD c:/gcc-arm-none-eabi/bin/../lib/gcc/arm-none-eabi/5.2.1/../../../../arm-none-eabi/lib/armv7e-m\libstdc++.a
LOAD c:/gcc-arm-none-eabi/bin/../lib/gcc/arm-none-eabi/5.2.1/../../../../arm-none-eabi/lib/armv7e-m\libm.a
START GROUP
LOAD c:/gcc-arm-none-eabi/bin/../lib/gcc/arm-none-eabi/5.2.1/armv7e-m\libgcc.a
LOAD c:/gcc-arm-none-eabi/bin/../lib/gcc/arm-none-eabi/5.2.1/../../../../arm-none-eabi/lib/armv7e-m\libg.a
LOAD c:/gcc-arm-none-eabi/bin/../lib/gcc/arm-none-eabi/5.2.1/../../../../arm-none-eabi/lib/armv7e-m\libc.a
END GROUP
                0x20020000                __stack = (ORIGIN (RAM) + LENGTH (RAM))
                0x20020000                _estack = __stack
                0x00000400                __Main_Stack_Size = 0x400
                [!provide]                PROVIDE (_Main_Stack_Size, __Main_Stack_Size)
                0x2001fc00                __Main_Stack_Limit = (__stack - __Main_Stack_Size)
                [!provide]                PROVIDE (_Main_Stack_Limit, __Main_Stack_Limit)
                0x00000100                _Minimum_Stack_Size = 0x100
                0x200009a4                PROVIDE (_Heap_Begin, _end_noinit)
                0x2001fc00                PROVIDE (_Heap_Limit, (__stack - __Main_Stack_Size))

.isr_vector     0x08000000      0x3ec
 FILL mask 0xff
                0x08000000                __vectors_start = ABSOLUTE (.)
                0x08000000                __vectors_start__ = ABSOLUTE (.)
 *(.isr_vector)
 .isr_vector    0x08000000      0x188 ./system/src/cmsis/vectors_stm32f407xx.o
                0x08000000                __isr_vectors
 *(.cfmconfig)
 *(.after_vectors .after_vectors.*)
 .after_vectors
                0x08000188      0x130 ./system/src/newlib/_startup.o
                0x08000188                _start
 .after_vectors
                0x080002b8      0x130 ./system/src/cortexm/exception_handlers.o
                0x080002b8                Reset_Handler
                0x080002c0                NMI_Handler
                0x080002c4                HardFault_Handler
                0x080002d8                HardFault_Handler_C
                0x08000338                MemManage_Handler
                0x0800033c                BusFault_Handler
                0x08000350                BusFault_Handler_C
                0x08000384                UsageFault_Handler
                0x08000398                UsageFault_Handler_C
                0x080003cc                SVC_Handler
                0x080003d0                DebugMon_Handler
                0x080003d4                PendSV_Handler
                0x080003d8                SysTick_Handler
 .after_vectors
                0x080003e8        0x4 ./system/src/cmsis/vectors_stm32f407xx.o
                0x080003e8                RTC_Alarm_IRQHandler
                0x080003e8                HASH_RNG_IRQHandler
                0x080003e8                EXTI2_IRQHandler
                0x080003e8                TIM8_CC_IRQHandler
                0x080003e8                TIM1_CC_IRQHandler
                0x080003e8                DMA2_Stream5_IRQHandler
                0x080003e8                DMA1_Stream5_IRQHandler
                0x080003e8                PVD_IRQHandler
                0x080003e8                SDIO_IRQHandler
                0x080003e8                TAMP_STAMP_IRQHandler
                0x080003e8                CAN2_RX1_IRQHandler
                0x080003e8                EXTI3_IRQHandler
                0x080003e8                TIM8_TRG_COM_TIM14_IRQHandler
                0x080003e8                TIM1_UP_TIM10_IRQHandler
                0x080003e8                TIM8_UP_TIM13_IRQHandler
                0x080003e8                I2C3_ER_IRQHandler
                0x080003e8                EXTI0_IRQHandler
                0x080003e8                I2C2_EV_IRQHandler
                0x080003e8                DMA1_Stream2_IRQHandler
                0x080003e8                CAN1_RX0_IRQHandler
                0x080003e8                FPU_IRQHandler
                0x080003e8                OTG_HS_WKUP_IRQHandler
                0x080003e8                CAN2_SCE_IRQHandler
                0x080003e8                DMA2_Stream2_IRQHandler
                0x080003e8                SPI1_IRQHandler
                0x080003e8                TIM6_DAC_IRQHandler
                0x080003e8                TIM1_BRK_TIM9_IRQHandler
                0x080003e8                DCMI_IRQHandler
                0x080003e8                CAN2_RX0_IRQHandler
                0x080003e8                DMA2_Stream3_IRQHandler
                0x080003e8                USART6_IRQHandler
                0x080003e8                USART3_IRQHandler
                0x080003e8                CAN1_RX1_IRQHandler
                0x080003e8                UART5_IRQHandler
                0x080003e8                DMA2_Stream0_IRQHandler
                0x080003e8                TIM4_IRQHandler
                0x080003e8                I2C1_EV_IRQHandler
                0x080003e8                DMA1_Stream6_IRQHandler
                0x080003e8                DMA1_Stream1_IRQHandler
                0x080003e8                UART4_IRQHandler
                0x080003e8                TIM3_IRQHandler
                0x080003e8                RCC_IRQHandler
                0x080003e8                TIM8_BRK_TIM12_IRQHandler
                0x080003e8                Default_Handler
                0x080003e8                EXTI15_10_IRQHandler
                0x080003e8                ADC_IRQHandler
                0x080003e8                DMA1_Stream7_IRQHandler
                0x080003e8                TIM7_IRQHandler
                0x080003e8                CAN2_TX_IRQHandler
                0x080003e8                TIM5_IRQHandler
                0x080003e8                DMA2_Stream7_IRQHandler
                0x080003e8                I2C3_EV_IRQHandler
                0x080003e8                EXTI9_5_IRQHandler
                0x080003e8                RTC_WKUP_IRQHandler
                0x080003e8                ETH_WKUP_IRQHandler
                0x080003e8                SPI2_IRQHandler
                0x080003e8                OTG_HS_EP1_IN_IRQHandler
                0x080003e8                DMA1_Stream0_IRQHandler
                0x080003e8                CAN1_TX_IRQHandler
                0x080003e8                EXTI4_IRQHandler
                0x080003e8                ETH_IRQHandler
                0x080003e8                OTG_HS_EP1_OUT_IRQHandler
                0x080003e8                WWDG_IRQHandler
                0x080003e8                TIM2_IRQHandler
                0x080003e8                OTG_FS_WKUP_IRQHandler
                0x080003e8                TIM1_TRG_COM_TIM11_IRQHandler
                0x080003e8                OTG_HS_IRQHandler
                0x080003e8                EXTI1_IRQHandler
                0x080003e8                USART2_IRQHandler
                0x080003e8                I2C2_ER_IRQHandler
                0x080003e8                DMA2_Stream1_IRQHandler
                0x080003e8                CAN1_SCE_IRQHandler
                0x080003e8                FLASH_IRQHandler
                0x080003e8                DMA2_Stream4_IRQHandler
                0x080003e8                USART1_IRQHandler
                0x080003e8                OTG_FS_IRQHandler
                0x080003e8                SPI3_IRQHandler
                0x080003e8                DMA1_Stream4_IRQHandler
                0x080003e8                I2C1_ER_IRQHandler
                0x080003e8                FMC_IRQHandler
                0x080003e8                DMA2_Stream6_IRQHandler
                0x080003e8                DMA1_Stream3_IRQHandler

.inits          0x080003ec       0x28
                0x080003ec                __data_regions_array_start = .
                0x080003ec        0x4 LONG 0x800ba00 LOADADDR (.data)
                0x080003f0        0x4 LONG 0x20000000 ADDR (.data)
                0x080003f4        0x4 LONG 0x200008a0 (ADDR (.data) + SIZEOF (.data))
                0x080003f8        0x4 LONG 0x800ba00 LOADADDR (.data_CCMRAM)
                0x080003fc        0x4 LONG 0x10000000 ADDR (.data_CCMRAM)
                0x08000400        0x4 LONG 0x10000000 (ADDR (.data_CCMRAM) + SIZEOF (.data_CCMRAM))
                0x08000404                __data_regions_array_end = .
                0x08000404                __bss_regions_array_start = .
                0x08000404        0x4 LONG 0x200008a0 ADDR (.bss)
                0x08000408        0x4 LONG 0x200009a4 (ADDR (.bss) + SIZEOF (.bss))
                0x0800040c        0x4 LONG 0x10000000 ADDR (.bss_CCMRAM)
                0x08000410        0x4 LONG 0x10000000 (ADDR (.bss_CCMRAM) + SIZEOF (.bss_CCMRAM))
                0x08000414                __bss_regions_array_end = .
 *(.init)
 *(.fini)
                0x08000414                . = ALIGN (0x4)
                0x08000414                PROVIDE (__preinit_array_start, .)
 *(.preinit_array_sysinit .preinit_array_sysinit.*)
 *(.preinit_array_platform .preinit_array_platform.*)
 *(.preinit_array .preinit_array.*)
                0x08000414                PROVIDE (__preinit_array_end, .)
                0x08000414                . = ALIGN (0x4)
                0x08000414                PROVIDE (__init_array_start, .)
 *(SORT(.init_array.*))
 *(.init_array)
                0x08000414                PROVIDE (__init_array_end, .)
                0x08000414                . = ALIGN (0x4)
                0x08000414                PROVIDE (__fini_array_start, .)
 *(SORT(.fini_array.*))
 *(.fini_array)
                0x08000414                PROVIDE (__fini_array_end, .)

.flashtext
 *(.flashtext .flashtext.*)

.text           0x08000440     0xb5b8
 *(.text .text.*)
 .text.DAC_Init
                0x08000440      0x118 ./system/src/stm32f4/stm32f4xx_dac.o
                0x08000440                DAC_Init
 .text.DAC_Cmd  0x08000558       0x50 ./system/src/stm32f4/stm32f4xx_dac.o
                0x08000558                DAC_Cmd
 .text.GPIO_Init
                0x080005a8      0x13c ./system/src/stm32f4/stm32f4xx_gpio.o
                0x080005a8                GPIO_Init
 .text.GPIO_WriteBit
                0x080006e4       0xe4 ./system/src/stm32f4/stm32f4xx_gpio.o
                0x080006e4                GPIO_WriteBit
 .text.GPIO_PinAFConfig
                0x080007c8      0x100 ./system/src/stm32f4/stm32f4xx_gpio.o
                0x080007c8                GPIO_PinAFConfig
 .text.RCC_AHB1PeriphClockCmd
                0x080008c8       0x4c ./system/src/stm32f4/stm32f4xx_rcc.o
                0x080008c8                RCC_AHB1PeriphClockCmd
 .text.RCC_APB1PeriphClockCmd
                0x08000914       0x48 ./system/src/stm32f4/stm32f4xx_rcc.o
                0x08000914                RCC_APB1PeriphClockCmd
 .text.TIM_TimeBaseInit
                0x0800095c      0x134 ./system/src/stm32f4/stm32f4xx_tim.o
                0x0800095c                TIM_TimeBaseInit
 .text.TIM_Cmd  0x08000a90       0xb0 ./system/src/stm32f4/stm32f4xx_tim.o
                0x08000a90                TIM_Cmd
 .text.TIM_SelectOutputTrigger
                0x08000b40       0x94 ./system/src/stm32f4/stm32f4xx_tim.o
                0x08000b40                TIM_SelectOutputTrigger
 .text._exit    0x08000bd4        0x4 ./system/src/newlib/_exit.o
                0x08000bd4                _exit
 .text.abort    0x08000bd8       0x14 ./system/src/newlib/_exit.o
                0x08000bd8                abort
 .text._sbrk    0x08000bec       0x44 ./system/src/newlib/_sbrk.o
                0x08000bec                _sbrk
 .text.__initialize_args
                0x08000c30       0x10 ./system/src/newlib/_syscalls.o
                0x08000c30                __initialize_args
 .text.assert_failed
                0x08000c40       0x14 ./system/src/newlib/assert.o
                0x08000c40                assert_failed
 .text.trace_printf
                0x08000c54       0x30 ./system/src/diag/Trace.o
                0x08000c54                trace_printf
 .text.trace_puts
                0x08000c84       0x20 ./system/src/diag/Trace.o
                0x08000c84                trace_puts
 .text._trace_write_semihosting_debug
                0x08000ca4       0x64 ./system/src/diag/trace_impl.o
 .text.trace_write
                0x08000d08        0x8 ./system/src/diag/trace_impl.o
                0x08000d08                trace_write
 .text.__initialize_hardware_early
                0x08000d10       0x18 ./system/src/cortexm/_initialize_hardware.o
                0x08000d10                __initialize_hardware_early
 .text.__initialize_hardware
                0x08000d28        0x8 ./system/src/cortexm/_initialize_hardware.o
                0x08000d28                __initialize_hardware
 .text.dumpExceptionStack
                0x08000d30       0xf0 ./system/src/cortexm/exception_handlers.o
                0x08000d30                dumpExceptionStack
 .text.isSemihosting
                0x08000e20       0x20 ./system/src/cortexm/exception_handlers.o
                0x08000e20                isSemihosting
 .text.SetSysClock
                0x08000e40       0xc4 ./system/src/cmsis/system_stm32f4xx.o
 .text.SystemInit
                0x08000f04       0x44 ./system/src/cmsis/system_stm32f4xx.o
                0x08000f04                SystemInit
 .text.SystemCoreClockUpdate
                0x08000f48       0xa4 ./system/src/cmsis/system_stm32f4xx.o
                0x08000f48                SystemCoreClockUpdate
 .text.LCD_WR_REG
                0x08000fec       0x20 ./src/ILI93xx.o
                0x08000fec                LCD_WR_REG
 .text.LCD_WR_DATA
                0x0800100c       0x20 ./src/ILI93xx.o
                0x0800100c                LCD_WR_DATA
 .text.LCD_RD_DATA
                0x0800102c       0x18 ./src/ILI93xx.o
                0x0800102c                LCD_RD_DATA
 .text.LCD_WriteReg
                0x08001044        0xc ./src/ILI93xx.o
                0x08001044                LCD_WriteReg
 .text.LCD_ReadReg
                0x08001050       0x14 ./src/ILI93xx.o
                0x08001050                LCD_ReadReg
 .text.LCD_WriteRAM_Prepare
                0x08001064       0x14 ./src/ILI93xx.o
                0x08001064                LCD_WriteRAM_Prepare
 .text.LCD_SetCursor
                0x08001078      0x188 ./src/ILI93xx.o
                0x08001078                LCD_SetCursor
 .text.LCD_Scan_Dir
                0x08001200      0x258 ./src/ILI93xx.o
                0x08001200                LCD_Scan_Dir
 .text.LCD_Fast_DrawPoint
                0x08001458      0x170 ./src/ILI93xx.o
                0x08001458                LCD_Fast_DrawPoint
 .text.LCD_SSD_BackLightSet
                0x080015c8       0x50 ./src/ILI93xx.o
                0x080015c8                LCD_SSD_BackLightSet
 .text.LCD_Display_Dir
                0x08001618      0x194 ./src/ILI93xx.o
                0x08001618                LCD_Display_Dir
 .text.LCD_Clear
                0x080017ac       0x6c ./src/ILI93xx.o
                0x080017ac                LCD_Clear
 .text.LCD_Init
                0x08001818     0x37f4 ./src/ILI93xx.o
                0x08001818                LCD_Init
 .text.LCD_ShowChar
                0x0800500c       0xf8 ./src/ILI93xx.o
                0x0800500c                LCD_ShowChar
 .text.LCD_ShowString
                0x08005104       0x58 ./src/ILI93xx.o
                0x08005104                LCD_ShowString
 .text.DAC1_Init
                0x0800515c       0x90 ./src/dac.o
                0x0800515c                DAC1_Init
 .text.delay_init
                0x080051ec       0x2c ./src/delay.o
                0x080051ec                delay_init
 .text.delay_us
                0x08005218       0x38 ./src/delay.o
                0x08005218                delay_us
 .text.delay_xms
                0x08005250       0x34 ./src/delay.o
                0x08005250                delay_xms
 .text.delay_ms
                0x08005284       0x38 ./src/delay.o
                0x08005284                delay_ms
 .text.main     0x080052bc       0xa0 ./src/main.o
                0x080052bc                main
 .text          0x0800535c      0x370 c:/gcc-arm-none-eabi/bin/../lib/gcc/arm-none-eabi/5.2.1/armv7e-m\libgcc.a(_arm_addsubdf3.o)
                0x0800535c                __aeabi_drsub
                0x08005364                __aeabi_dsub
                0x08005364                __subdf3
                0x08005368                __aeabi_dadd
                0x08005368                __adddf3
                0x080055e0                __floatunsidf
                0x080055e0                __aeabi_ui2d
                0x08005600                __floatsidf
                0x08005600                __aeabi_i2d
                0x08005624                __aeabi_f2d
                0x08005624                __extendsfdf2
                0x08005660                __floatundidf
                0x08005660                __aeabi_ul2d
                0x08005670                __floatdidf
                0x08005670                __aeabi_l2d
 .text          0x080056cc      0x424 c:/gcc-arm-none-eabi/bin/../lib/gcc/arm-none-eabi/5.2.1/armv7e-m\libgcc.a(_arm_muldivdf3.o)
                0x080056cc                __aeabi_dmul
                0x080056cc                __muldf3
                0x08005920                __divdf3
                0x08005920                __aeabi_ddiv
 .text          0x08005af0       0x40 c:/gcc-arm-none-eabi/bin/../lib/gcc/arm-none-eabi/5.2.1/armv7e-m\libgcc.a(_arm_fixunsdfsi.o)
                0x08005af0                __aeabi_d2uiz
                0x08005af0                __fixunsdfsi
 .text.__errno  0x08005b30        0xc c:/gcc-arm-none-eabi/bin/../lib/gcc/arm-none-eabi/5.2.1/../../../../arm-none-eabi/lib/armv7e-m\libg.a(lib_a-errno.o)
                0x08005b30                __errno
 *fill*         0x08005b3c        0x4 
 .text          0x08005b40       0xdc c:/gcc-arm-none-eabi/bin/../lib/gcc/arm-none-eabi/5.2.1/../../../../arm-none-eabi/lib/armv7e-m\libg.a(lib_a-strlen.o)
                0x08005b40                strlen
 .text._vsnprintf_r
                0x08005c1c       0x74 c:/gcc-arm-none-eabi/bin/../lib/gcc/arm-none-eabi/5.2.1/../../../../arm-none-eabi/lib/armv7e-m\libg.a(lib_a-vsnprintf.o)
                0x08005c1c                _vsnprintf_r
 .text.vsnprintf
                0x08005c90       0x20 c:/gcc-arm-none-eabi/bin/../lib/gcc/arm-none-eabi/5.2.1/../../../../arm-none-eabi/lib/armv7e-m\libg.a(lib_a-vsnprintf.o)
                0x08005c90                vsnprintf
 .text._svfprintf_r
                0x08005cb0     0x1678 c:/gcc-arm-none-eabi/bin/../lib/gcc/arm-none-eabi/5.2.1/../../../../arm-none-eabi/lib/armv7e-m\libg.a(lib_a-svfprintf.o)
                0x08005cb0                _svfprintf_r
 .text.quorem   0x08007328      0x128 c:/gcc-arm-none-eabi/bin/../lib/gcc/arm-none-eabi/5.2.1/../../../../arm-none-eabi/lib/armv7e-m\libg.a(lib_a-dtoa.o)
 .text._dtoa_r  0x08007450      0xe58 c:/gcc-arm-none-eabi/bin/../lib/gcc/arm-none-eabi/5.2.1/../../../../arm-none-eabi/lib/armv7e-m\libg.a(lib_a-dtoa.o)
                0x08007450                _dtoa_r
 .text._localeconv_r
                0x080082a8        0x8 c:/gcc-arm-none-eabi/bin/../lib/gcc/arm-none-eabi/5.2.1/../../../../arm-none-eabi/lib/armv7e-m\libg.a(lib_a-locale.o)
                0x080082a8                _localeconv_r
 .text._malloc_r
                0x080082b0      0x570 c:/gcc-arm-none-eabi/bin/../lib/gcc/arm-none-eabi/5.2.1/../../../../arm-none-eabi/lib/armv7e-m\libg.a(lib_a-mallocr.o)
                0x080082b0                _malloc_r
 .text          0x08008820       0xa0 c:/gcc-arm-none-eabi/bin/../lib/gcc/arm-none-eabi/5.2.1/../../../../arm-none-eabi/lib/armv7e-m\libg.a(lib_a-memchr.o)
                0x08008820                memchr
 .text          0x080088c0      0x134 c:/gcc-arm-none-eabi/bin/../lib/gcc/arm-none-eabi/5.2.1/../../../../arm-none-eabi/lib/armv7e-m\libg.a(lib_a-memcpy.o)
                0x080088c0                memcpy
 .text.__malloc_lock
                0x080089f4        0x4 c:/gcc-arm-none-eabi/bin/../lib/gcc/arm-none-eabi/5.2.1/../../../../arm-none-eabi/lib/armv7e-m\libg.a(lib_a-mlock.o)
                0x080089f4                __malloc_lock
 .text.__malloc_unlock
                0x080089f8        0x4 c:/gcc-arm-none-eabi/bin/../lib/gcc/arm-none-eabi/5.2.1/../../../../arm-none-eabi/lib/armv7e-m\libg.a(lib_a-mlock.o)
                0x080089f8                __malloc_unlock
 .text._Balloc  0x080089fc       0x4c c:/gcc-arm-none-eabi/bin/../lib/gcc/arm-none-eabi/5.2.1/../../../../arm-none-eabi/lib/armv7e-m\libg.a(lib_a-mprec.o)
                0x080089fc                _Balloc
 .text._Bfree   0x08008a48       0x14 c:/gcc-arm-none-eabi/bin/../lib/gcc/arm-none-eabi/5.2.1/../../../../arm-none-eabi/lib/armv7e-m\libg.a(lib_a-mprec.o)
                0x08008a48                _Bfree
 .text.__multadd
                0x08008a5c       0x80 c:/gcc-arm-none-eabi/bin/../lib/gcc/arm-none-eabi/5.2.1/../../../../arm-none-eabi/lib/armv7e-m\libg.a(lib_a-mprec.o)
                0x08008a5c                __multadd
 .text.__hi0bits
                0x08008adc       0x40 c:/gcc-arm-none-eabi/bin/../lib/gcc/arm-none-eabi/5.2.1/../../../../arm-none-eabi/lib/armv7e-m\libg.a(lib_a-mprec.o)
                0x08008adc                __hi0bits
 .text.__lo0bits
                0x08008b1c       0x5c c:/gcc-arm-none-eabi/bin/../lib/gcc/arm-none-eabi/5.2.1/../../../../arm-none-eabi/lib/armv7e-m\libg.a(lib_a-mprec.o)
                0x08008b1c                __lo0bits
 .text.__i2b    0x08008b78       0x14 c:/gcc-arm-none-eabi/bin/../lib/gcc/arm-none-eabi/5.2.1/../../../../arm-none-eabi/lib/armv7e-m\libg.a(lib_a-mprec.o)
                0x08008b78                __i2b
 .text.__multiply
                0x08008b8c      0x130 c:/gcc-arm-none-eabi/bin/../lib/gcc/arm-none-eabi/5.2.1/../../../../arm-none-eabi/lib/armv7e-m\libg.a(lib_a-mprec.o)
                0x08008b8c                __multiply
 .text.__pow5mult
                0x08008cbc       0xa0 c:/gcc-arm-none-eabi/bin/../lib/gcc/arm-none-eabi/5.2.1/../../../../arm-none-eabi/lib/armv7e-m\libg.a(lib_a-mprec.o)
                0x08008cbc                __pow5mult
 .text.__lshift
                0x08008d5c       0xb0 c:/gcc-arm-none-eabi/bin/../lib/gcc/arm-none-eabi/5.2.1/../../../../arm-none-eabi/lib/armv7e-m\libg.a(lib_a-mprec.o)
                0x08008d5c                __lshift
 .text.__mcmp   0x08008e0c       0x40 c:/gcc-arm-none-eabi/bin/../lib/gcc/arm-none-eabi/5.2.1/../../../../arm-none-eabi/lib/armv7e-m\libg.a(lib_a-mprec.o)
                0x08008e0c                __mcmp
 .text.__mdiff  0x08008e4c      0x114 c:/gcc-arm-none-eabi/bin/../lib/gcc/arm-none-eabi/5.2.1/../../../../arm-none-eabi/lib/armv7e-m\libg.a(lib_a-mprec.o)
                0x08008e4c                __mdiff
 .text.__d2b    0x08008f60       0xb8 c:/gcc-arm-none-eabi/bin/../lib/gcc/arm-none-eabi/5.2.1/../../../../arm-none-eabi/lib/armv7e-m\libg.a(lib_a-mprec.o)
                0x08008f60                __d2b
 .text.__fpclassifyd
                0x08009018       0x54 c:/gcc-arm-none-eabi/bin/../lib/gcc/arm-none-eabi/5.2.1/../../../../arm-none-eabi/lib/armv7e-m\libg.a(lib_a-s_fpclassify.o)
                0x08009018                __fpclassifyd
 .text._sbrk_r  0x0800906c       0x24 c:/gcc-arm-none-eabi/bin/../lib/gcc/arm-none-eabi/5.2.1/../../../../arm-none-eabi/lib/armv7e-m\libg.a(lib_a-sbrkr.o)
                0x0800906c                _sbrk_r
 .text.__ssprint_r
                0x08009090      0x100 c:/gcc-arm-none-eabi/bin/../lib/gcc/arm-none-eabi/5.2.1/../../../../arm-none-eabi/lib/armv7e-m\libg.a(lib_a-svfiprintf.o)
                0x08009090                __ssprint_r
 .text._calloc_r
                0x08009190       0x60 c:/gcc-arm-none-eabi/bin/../lib/gcc/arm-none-eabi/5.2.1/../../../../arm-none-eabi/lib/armv7e-m\libg.a(lib_a-callocr.o)
                0x08009190                _calloc_r
 .text._malloc_trim_r
                0x080091f0       0x9c c:/gcc-arm-none-eabi/bin/../lib/gcc/arm-none-eabi/5.2.1/../../../../arm-none-eabi/lib/armv7e-m\libg.a(lib_a-freer.o)
                0x080091f0                _malloc_trim_r
 .text._free_r  0x0800928c      0x1d0 c:/gcc-arm-none-eabi/bin/../lib/gcc/arm-none-eabi/5.2.1/../../../../arm-none-eabi/lib/armv7e-m\libg.a(lib_a-freer.o)
                0x0800928c                _free_r
 .text.memmove  0x0800945c       0xc8 c:/gcc-arm-none-eabi/bin/../lib/gcc/arm-none-eabi/5.2.1/../../../../arm-none-eabi/lib/armv7e-m\libg.a(lib_a-memmove.o)
                0x0800945c                memmove
 .text.memset   0x08009524       0x9c c:/gcc-arm-none-eabi/bin/../lib/gcc/arm-none-eabi/5.2.1/../../../../arm-none-eabi/lib/armv7e-m\libg.a(lib_a-memset.o)
                0x08009524                memset
 .text._realloc_r
                0x080095c0      0x3e0 c:/gcc-arm-none-eabi/bin/../lib/gcc/arm-none-eabi/5.2.1/../../../../arm-none-eabi/lib/armv7e-m\libg.a(lib_a-reallocr.o)
                0x080095c0                _realloc_r
 .text          0x080099a0      0x110 c:/gcc-arm-none-eabi/bin/../lib/gcc/arm-none-eabi/5.2.1/armv7e-m\libgcc.a(_arm_cmpdf2.o)
                0x080099a0                __gtdf2
                0x080099a0                __gedf2
                0x080099a8                __ltdf2
                0x080099a8                __ledf2
                0x080099b0                __nedf2
                0x080099b0                __eqdf2
                0x080099b0                __cmpdf2
                0x08009a2c                __aeabi_cdrcmple
                0x08009a3c                __aeabi_cdcmpeq
                0x08009a3c                __aeabi_cdcmple
                0x08009a4c                __aeabi_dcmpeq
                0x08009a60                __aeabi_dcmplt
                0x08009a74                __aeabi_dcmple
                0x08009a88                __aeabi_dcmpge
                0x08009a9c                __aeabi_dcmpgt
 .text          0x08009ab0       0x50 c:/gcc-arm-none-eabi/bin/../lib/gcc/arm-none-eabi/5.2.1/armv7e-m\libgcc.a(_arm_fixdfsi.o)
                0x08009ab0                __aeabi_d2iz
                0x08009ab0                __fixdfsi
 .text          0x08009b00       0x30 c:/gcc-arm-none-eabi/bin/../lib/gcc/arm-none-eabi/5.2.1/armv7e-m\libgcc.a(_aeabi_uldivmod.o)
                0x08009b00                __aeabi_uldivmod
 .text          0x08009b30      0x2e4 c:/gcc-arm-none-eabi/bin/../lib/gcc/arm-none-eabi/5.2.1/armv7e-m\libgcc.a(_udivmoddi4.o)
                0x08009b30                __udivmoddi4
 .text          0x08009e14        0x4 c:/gcc-arm-none-eabi/bin/../lib/gcc/arm-none-eabi/5.2.1/armv7e-m\libgcc.a(_dvmd_tls.o)
                0x08009e14                __aeabi_idiv0
                0x08009e14                __aeabi_ldiv0
 *(.rodata .rodata.* .constdata .constdata.*)
 .rodata.str1.4
                0x08009e18       0x26 ./system/src/stm32f4/stm32f4xx_dac.o
 *fill*         0x08009e3e        0x2 
 .rodata.str1.4
                0x08009e40       0x27 ./system/src/stm32f4/stm32f4xx_gpio.o
 *fill*         0x08009e67        0x1 
 .rodata.str1.4
                0x08009e68       0x26 ./system/src/stm32f4/stm32f4xx_rcc.o
 *fill*         0x08009e8e        0x2 
 .rodata.str1.4
                0x08009e90       0x26 ./system/src/stm32f4/stm32f4xx_tim.o
 *fill*         0x08009eb6        0x2 
 .rodata.str1.4
                0x08009eb8       0x14 ./system/src/newlib/_exit.o
 .rodata.str1.4
                0x08009ecc       0x6b ./system/src/newlib/assert.o
                                 0x6f (size before relaxing)
 *fill*         0x08009f37        0x1 
 .rodata.str1.4
                0x08009f38       0x29 ./system/src/diag/Trace.o
                                 0x2d (size before relaxing)
 *fill*         0x08009f61        0x3 
 .rodata.str1.4
                0x08009f64      0x146 ./system/src/cortexm/exception_handlers.o
 *fill*         0x0800a0aa        0x2 
 .rodata.asc2_2412
                0x0800a0ac      0xd5c ./src/ILI93xx.o
                0x0800a0ac                asc2_2412
 .rodata.asc2_1206
                0x0800ae08      0x474 ./src/ILI93xx.o
                0x0800ae08                asc2_1206
 .rodata.asc2_1608
                0x0800b27c      0x5f0 ./src/ILI93xx.o
                0x0800b27c                asc2_1608
 .rodata.str1.4
                0x0800b86c        0xc ./src/main.o
 .rodata.str1.4
                0x0800b878        0x2 c:/gcc-arm-none-eabi/bin/../lib/gcc/arm-none-eabi/5.2.1/../../../../arm-none-eabi/lib/armv7e-m\libg.a(lib_a-impure.o)
 *fill*         0x0800b87a        0x2 
 .rodata.blanks.7007
                0x0800b87c       0x10 c:/gcc-arm-none-eabi/bin/../lib/gcc/arm-none-eabi/5.2.1/../../../../arm-none-eabi/lib/armv7e-m\libg.a(lib_a-svfprintf.o)
 .rodata.str1.4
                0x0800b88c       0x42 c:/gcc-arm-none-eabi/bin/../lib/gcc/arm-none-eabi/5.2.1/../../../../arm-none-eabi/lib/armv7e-m\libg.a(lib_a-svfprintf.o)
 *fill*         0x0800b8ce        0x2 
 .rodata.zeroes.7008
                0x0800b8d0       0x10 c:/gcc-arm-none-eabi/bin/../lib/gcc/arm-none-eabi/5.2.1/../../../../arm-none-eabi/lib/armv7e-m\libg.a(lib_a-svfprintf.o)
 .rodata.str1.4
                0x0800b8e0       0x10 c:/gcc-arm-none-eabi/bin/../lib/gcc/arm-none-eabi/5.2.1/../../../../arm-none-eabi/lib/armv7e-m\libg.a(lib_a-dtoa.o)
                                 0x12 (size before relaxing)
 .rodata.str1.4
                0x0800b8f0        0xc c:/gcc-arm-none-eabi/bin/../lib/gcc/arm-none-eabi/5.2.1/../../../../arm-none-eabi/lib/armv7e-m\libg.a(lib_a-locale.o)
                                 0x12 (size before relaxing)
 .rodata.p05.5402
                0x0800b8fc        0xc c:/gcc-arm-none-eabi/bin/../lib/gcc/arm-none-eabi/5.2.1/../../../../arm-none-eabi/lib/armv7e-m\libg.a(lib_a-mprec.o)
 .rodata.__mprec_tens
                0x0800b908       0xc8 c:/gcc-arm-none-eabi/bin/../lib/gcc/arm-none-eabi/5.2.1/../../../../arm-none-eabi/lib/armv7e-m\libg.a(lib_a-mprec.o)
                0x0800b908                __mprec_tens
 .rodata.__mprec_bigtens
                0x0800b9d0       0x28 c:/gcc-arm-none-eabi/bin/../lib/gcc/arm-none-eabi/5.2.1/../../../../arm-none-eabi/lib/armv7e-m\libg.a(lib_a-mprec.o)
                0x0800b9d0                __mprec_bigtens
 *(vtable)
 *(.eh_frame*)
 *(.glue_7)
 .glue_7        0x0800b9f8        0x0 linker stubs
 *(.glue_7t)
 .glue_7t       0x0800b9f8        0x0 linker stubs

.vfp11_veneer   0x0800b9f8        0x0
 .vfp11_veneer  0x0800b9f8        0x0 linker stubs

.v4_bx          0x0800b9f8        0x0
 .v4_bx         0x0800b9f8        0x0 linker stubs

.iplt           0x0800b9f8        0x0
 .iplt          0x0800b9f8        0x0 ./system/src/stm32f4/misc.o

.ARM.extab
 *(.ARM.extab* .gnu.linkonce.armextab.*)
                0x0800b9f8                . = ALIGN (0x4)
                0x0800b9f8                __exidx_start = .

.ARM.exidx      0x0800b9f8        0x8
 *(.ARM.exidx* .gnu.linkonce.armexidx.*)
 .ARM.exidx     0x0800b9f8        0x8 c:/gcc-arm-none-eabi/bin/../lib/gcc/arm-none-eabi/5.2.1/armv7e-m\libgcc.a(_udivmoddi4.o)
                0x0800ba00                __exidx_end = .

.rel.dyn        0x0800ba00        0x0
 .rel.iplt      0x0800ba00        0x0 ./system/src/stm32f4/misc.o
                0x0800ba00                . = ALIGN (0x4)
                0x0800ba00                _etext = .
                0x0800ba00                __etext = .

.data_CCMRAM    0x10000000        0x0 load address 0x0800ba00
 FILL mask 0xff
 *(.data.CCMRAM .data.CCMRAM.*)
                0x10000000                . = ALIGN (0x4)
                0x0800ba00                _sidata = LOADADDR (.data)

.data           0x20000000      0x8a0 load address 0x0800ba00
 FILL mask 0xff
                0x20000000                _sdata = .
                0x20000000                __data_start__ = .
 *(.data_begin .data_begin.*)
 .data_begin    0x20000000        0x4 ./system/src/newlib/_startup.o
 *(.data .data.*)
 .data.argv.4231
                0x20000004        0x8 ./system/src/newlib/_syscalls.o
 .data.AHBPrescTable
                0x2000000c       0x10 ./system/src/cmsis/system_stm32f4xx.o
                0x2000000c                AHBPrescTable
 .data.SystemCoreClock
                0x2000001c        0x4 ./system/src/cmsis/system_stm32f4xx.o
                0x2000001c                SystemCoreClock
 .data.BACK_COLOR
                0x20000020        0x2 ./src/ILI93xx.o
                0x20000020                BACK_COLOR
 *fill*         0x20000022        0x6 ff
 .data.impure_data
                0x20000028      0x428 c:/gcc-arm-none-eabi/bin/../lib/gcc/arm-none-eabi/5.2.1/../../../../arm-none-eabi/lib/armv7e-m\libg.a(lib_a-impure.o)
 .data._impure_ptr
                0x20000450        0x4 c:/gcc-arm-none-eabi/bin/../lib/gcc/arm-none-eabi/5.2.1/../../../../arm-none-eabi/lib/armv7e-m\libg.a(lib_a-impure.o)
                0x20000450                _impure_ptr
 .data.lconv    0x20000454       0x38 c:/gcc-arm-none-eabi/bin/../lib/gcc/arm-none-eabi/5.2.1/../../../../arm-none-eabi/lib/armv7e-m\libg.a(lib_a-locale.o)
 .data.__malloc_av_
                0x2000048c      0x408 c:/gcc-arm-none-eabi/bin/../lib/gcc/arm-none-eabi/5.2.1/../../../../arm-none-eabi/lib/armv7e-m\libg.a(lib_a-mallocr.o)
                0x2000048c                __malloc_av_
 .data.__malloc_trim_threshold
                0x20000894        0x4 c:/gcc-arm-none-eabi/bin/../lib/gcc/arm-none-eabi/5.2.1/../../../../arm-none-eabi/lib/armv7e-m\libg.a(lib_a-mallocr.o)
                0x20000894                __malloc_trim_threshold
 .data.__malloc_sbrk_base
                0x20000898        0x4 c:/gcc-arm-none-eabi/bin/../lib/gcc/arm-none-eabi/5.2.1/../../../../arm-none-eabi/lib/armv7e-m\libg.a(lib_a-mallocr.o)
                0x20000898                __malloc_sbrk_base
 *(.data_end .data_end.*)
 .data_end      0x2000089c        0x4 ./system/src/newlib/_startup.o
                0x200008a0                . = ALIGN (0x4)
                0x200008a0                _edata = .
                0x200008a0                __data_end__ = .

.igot.plt       0x200008a0        0x0 load address 0x0800c2a0
 .igot.plt      0x200008a0        0x0 ./system/src/stm32f4/misc.o

.bss_CCMRAM     0x10000000        0x0
 *(.bss.CCMRAM .bss.CCMRAM.*)

.bss            0x200008a0      0x104
                0x200008a0                __bss_start__ = .
                0x200008a0                _sbss = .
 *(.bss_begin .bss_begin.*)
 .bss_begin     0x200008a0        0x4 ./system/src/newlib/_startup.o
 *(.bss .bss.*)
 .bss.current_heap_end.3942
                0x200008a4        0x4 ./system/src/newlib/_sbrk.o
 .bss.name.4230
                0x200008a8        0x1 ./system/src/newlib/_syscalls.o
 *fill*         0x200008a9        0x3 
 .bss.buf.5078  0x200008ac       0x80 ./system/src/diag/Trace.o
 .bss.POINT_COLOR
                0x2000092c        0x2 ./src/ILI93xx.o
                0x2000092c                POINT_COLOR
 .bss.fac_us    0x2000092e        0x1 ./src/delay.o
 *fill*         0x2000092f        0x1 
 .bss.fac_ms    0x20000930        0x2 ./src/delay.o
 *fill*         0x20000932        0x2 
 .bss.__malloc_max_total_mem
                0x20000934        0x4 c:/gcc-arm-none-eabi/bin/../lib/gcc/arm-none-eabi/5.2.1/../../../../arm-none-eabi/lib/armv7e-m\libg.a(lib_a-mallocr.o)
                0x20000934                __malloc_max_total_mem
 .bss.__malloc_max_sbrked_mem
                0x20000938        0x4 c:/gcc-arm-none-eabi/bin/../lib/gcc/arm-none-eabi/5.2.1/../../../../arm-none-eabi/lib/armv7e-m\libg.a(lib_a-mallocr.o)
                0x20000938                __malloc_max_sbrked_mem
 .bss.__malloc_top_pad
                0x2000093c        0x4 c:/gcc-arm-none-eabi/bin/../lib/gcc/arm-none-eabi/5.2.1/../../../../arm-none-eabi/lib/armv7e-m\libg.a(lib_a-mallocr.o)
                0x2000093c                __malloc_top_pad
 .bss.__malloc_current_mallinfo
                0x20000940       0x28 c:/gcc-arm-none-eabi/bin/../lib/gcc/arm-none-eabi/5.2.1/../../../../arm-none-eabi/lib/armv7e-m\libg.a(lib_a-mallocr.o)
                0x20000940                __malloc_current_mallinfo
 *(COMMON)
 COMMON         0x20000968        0x4 ./system/src/newlib/_syscalls.o
                0x20000968                errno
 COMMON         0x2000096c       0x16 ./src/ILI93xx.o
                0x2000096c                GPIO_InitStructure
                0x20000974                lcddev
 *fill*         0x20000982        0x2 
 COMMON         0x20000984       0x1c ./src/dac.o
                0x20000984                TIM_TimeBaseStructure
                0x20000990                DAC_InitStructure
 *(.bss_end .bss_end.*)
 .bss_end       0x200009a0        0x4 ./system/src/newlib/_startup.o
                0x200009a4                . = ALIGN (0x4)
                0x200009a4                __bss_end__ = .
                0x200009a4                _ebss = .

.noinit_CCMRAM
 *(.noinit.CCMRAM .noinit.CCMRAM.*)

.noinit         0x200009a4        0x0
                0x200009a4                _noinit = .
 *(.noinit .noinit.*)
                0x200009a4                . = ALIGN (0x4)
                0x200009a4                _end_noinit = .
                [!provide]                PROVIDE (end, _end_noinit)
                [!provide]                PROVIDE (_end, _end_noinit)
                [!provide]                PROVIDE (__end, _end_noinit)
                [!provide]                PROVIDE (__end__, _end_noinit)

._check_stack   0x200009a4      0x100
                0x20000aa4                . = (. + _Minimum_Stack_Size)
 *fill*         0x200009a4      0x100 

.b1text
 *(.b1text)
 *(.b1rodata)
 *(.b1rodata.*)

.eb0text
 *(.eb0text)
 *(.eb0rodata)
 *(.eb0rodata.*)

.eb1text
 *(.eb1text)
 *(.eb1rodata)
 *(.eb1rodata.*)

.eb2text
 *(.eb2text)
 *(.eb2rodata)
 *(.eb2rodata.*)

.eb3text
 *(.eb3text)
 *(.eb3rodata)
 *(.eb3rodata.*)

.stab
 *(.stab)

.stabstr
 *(.stabstr)

.stab.excl
 *(.stab.excl)

.stab.exclstr
 *(.stab.exclstr)

.stab.index
 *(.stab.index)

.stab.indexstr
 *(.stab.indexstr)

.comment        0x00000000       0x6e
 *(.comment)
 .comment       0x00000000       0x6e ./system/src/stm32f4/stm32f4xx_dac.o
                                 0x6f (size before relaxing)
 .comment       0x0000006e       0x6f ./system/src/stm32f4/stm32f4xx_gpio.o
 .comment       0x0000006e       0x6f ./system/src/stm32f4/stm32f4xx_rcc.o
 .comment       0x0000006e       0x6f ./system/src/stm32f4/stm32f4xx_tim.o
 .comment       0x0000006e       0x6f ./system/src/newlib/_exit.o
 .comment       0x0000006e       0x6f ./system/src/newlib/_sbrk.o
 .comment       0x0000006e       0x6f ./system/src/newlib/_startup.o
 .comment       0x0000006e       0x6f ./system/src/newlib/_syscalls.o
 .comment       0x0000006e       0x6f ./system/src/newlib/assert.o
 .comment       0x0000006e       0x6f ./system/src/diag/Trace.o
 .comment       0x0000006e       0x6f ./system/src/diag/trace_impl.o
 .comment       0x0000006e       0x6f ./system/src/cortexm/_initialize_hardware.o
 .comment       0x0000006e       0x6f ./system/src/cortexm/exception_handlers.o
 .comment       0x0000006e       0x6f ./system/src/cmsis/system_stm32f4xx.o
 .comment       0x0000006e       0x6f ./system/src/cmsis/vectors_stm32f407xx.o
 .comment       0x0000006e       0x6f ./src/ILI93xx.o
 .comment       0x0000006e       0x6f ./src/dac.o
 .comment       0x0000006e       0x6f ./src/delay.o
 .comment       0x0000006e       0x6f ./src/main.o

.ARM.attributes
                0x00000000       0x31
 .ARM.attributes
                0x00000000       0x33 ./system/src/stm32f4/stm32f4xx_dac.o
 .ARM.attributes
                0x00000033       0x33 ./system/src/stm32f4/stm32f4xx_gpio.o
 .ARM.attributes
                0x00000066       0x33 ./system/src/stm32f4/stm32f4xx_rcc.o
 .ARM.attributes
                0x00000099       0x33 ./system/src/stm32f4/stm32f4xx_tim.o
 .ARM.attributes
                0x000000cc       0x33 ./system/src/newlib/_exit.o
 .ARM.attributes
                0x000000ff       0x33 ./system/src/newlib/_sbrk.o
 .ARM.attributes
                0x00000132       0x33 ./system/src/newlib/_startup.o
 .ARM.attributes
                0x00000165       0x33 ./system/src/newlib/_syscalls.o
 .ARM.attributes
                0x00000198       0x33 ./system/src/newlib/assert.o
 .ARM.attributes
                0x000001cb       0x33 ./system/src/diag/Trace.o
 .ARM.attributes
                0x000001fe       0x33 ./system/src/diag/trace_impl.o
 .ARM.attributes
                0x00000231       0x33 ./system/src/cortexm/_initialize_hardware.o
 .ARM.attributes
                0x00000264       0x33 ./system/src/cortexm/exception_handlers.o
 .ARM.attributes
                0x00000297       0x33 ./system/src/cmsis/system_stm32f4xx.o
 .ARM.attributes
                0x000002ca       0x33 ./system/src/cmsis/vectors_stm32f407xx.o
 .ARM.attributes
                0x000002fd       0x33 ./src/ILI93xx.o
 .ARM.attributes
                0x00000330       0x33 ./src/dac.o
 .ARM.attributes
                0x00000363       0x33 ./src/delay.o
 .ARM.attributes
                0x00000396       0x33 ./src/main.o
 .ARM.attributes
                0x000003c9       0x1e c:/gcc-arm-none-eabi/bin/../lib/gcc/arm-none-eabi/5.2.1/armv7e-m\libgcc.a(_arm_addsubdf3.o)
 .ARM.attributes
                0x000003e7       0x1e c:/gcc-arm-none-eabi/bin/../lib/gcc/arm-none-eabi/5.2.1/armv7e-m\libgcc.a(_arm_muldivdf3.o)
 .ARM.attributes
                0x00000405       0x1e c:/gcc-arm-none-eabi/bin/../lib/gcc/arm-none-eabi/5.2.1/armv7e-m\libgcc.a(_arm_fixunsdfsi.o)
 .ARM.attributes
                0x00000423       0x2e c:/gcc-arm-none-eabi/bin/../lib/gcc/arm-none-eabi/5.2.1/../../../../arm-none-eabi/lib/armv7e-m\libg.a(lib_a-errno.o)
 .ARM.attributes
                0x00000451       0x2e c:/gcc-arm-none-eabi/bin/../lib/gcc/arm-none-eabi/5.2.1/../../../../arm-none-eabi/lib/armv7e-m\libg.a(lib_a-impure.o)
 .ARM.attributes
                0x0000047f       0x1c c:/gcc-arm-none-eabi/bin/../lib/gcc/arm-none-eabi/5.2.1/../../../../arm-none-eabi/lib/armv7e-m\libg.a(lib_a-strlen.o)
 .ARM.attributes
                0x0000049b       0x2e c:/gcc-arm-none-eabi/bin/../lib/gcc/arm-none-eabi/5.2.1/../../../../arm-none-eabi/lib/armv7e-m\libg.a(lib_a-vsnprintf.o)
 .ARM.attributes
                0x000004c9       0x2e c:/gcc-arm-none-eabi/bin/../lib/gcc/arm-none-eabi/5.2.1/../../../../arm-none-eabi/lib/armv7e-m\libg.a(lib_a-svfprintf.o)
 .ARM.attributes
                0x000004f7       0x2e c:/gcc-arm-none-eabi/bin/../lib/gcc/arm-none-eabi/5.2.1/../../../../arm-none-eabi/lib/armv7e-m\libg.a(lib_a-dtoa.o)
 .ARM.attributes
                0x00000525       0x2e c:/gcc-arm-none-eabi/bin/../lib/gcc/arm-none-eabi/5.2.1/../../../../arm-none-eabi/lib/armv7e-m\libg.a(lib_a-locale.o)
 .ARM.attributes
                0x00000553       0x2e c:/gcc-arm-none-eabi/bin/../lib/gcc/arm-none-eabi/5.2.1/../../../../arm-none-eabi/lib/armv7e-m\libg.a(lib_a-mallocr.o)
 .ARM.attributes
                0x00000581       0x1c c:/gcc-arm-none-eabi/bin/../lib/gcc/arm-none-eabi/5.2.1/../../../../arm-none-eabi/lib/armv7e-m\libg.a(lib_a-memchr.o)
 .ARM.attributes
                0x0000059d       0x1c c:/gcc-arm-none-eabi/bin/../lib/gcc/arm-none-eabi/5.2.1/../../../../arm-none-eabi/lib/armv7e-m\libg.a(lib_a-memcpy.o)
 .ARM.attributes
                0x000005b9       0x2e c:/gcc-arm-none-eabi/bin/../lib/gcc/arm-none-eabi/5.2.1/../../../../arm-none-eabi/lib/armv7e-m\libg.a(lib_a-mlock.o)
 .ARM.attributes
                0x000005e7       0x2e c:/gcc-arm-none-eabi/bin/../lib/gcc/arm-none-eabi/5.2.1/../../../../arm-none-eabi/lib/armv7e-m\libg.a(lib_a-mprec.o)
 .ARM.attributes
                0x00000615       0x2e c:/gcc-arm-none-eabi/bin/../lib/gcc/arm-none-eabi/5.2.1/../../../../arm-none-eabi/lib/armv7e-m\libg.a(lib_a-s_fpclassify.o)
 .ARM.attributes
                0x00000643       0x2e c:/gcc-arm-none-eabi/bin/../lib/gcc/arm-none-eabi/5.2.1/../../../../arm-none-eabi/lib/armv7e-m\libg.a(lib_a-sbrkr.o)
 .ARM.attributes
                0x00000671       0x2e c:/gcc-arm-none-eabi/bin/../lib/gcc/arm-none-eabi/5.2.1/../../../../arm-none-eabi/lib/armv7e-m\libg.a(lib_a-svfiprintf.o)
 .ARM.attributes
                0x0000069f       0x2e c:/gcc-arm-none-eabi/bin/../lib/gcc/arm-none-eabi/5.2.1/../../../../arm-none-eabi/lib/armv7e-m\libg.a(lib_a-callocr.o)
 .ARM.attributes
                0x000006cd       0x2e c:/gcc-arm-none-eabi/bin/../lib/gcc/arm-none-eabi/5.2.1/../../../../arm-none-eabi/lib/armv7e-m\libg.a(lib_a-freer.o)
 .ARM.attributes
                0x000006fb       0x2e c:/gcc-arm-none-eabi/bin/../lib/gcc/arm-none-eabi/5.2.1/../../../../arm-none-eabi/lib/armv7e-m\libg.a(lib_a-memmove.o)
 .ARM.attributes
                0x00000729       0x2e c:/gcc-arm-none-eabi/bin/../lib/gcc/arm-none-eabi/5.2.1/../../../../arm-none-eabi/lib/armv7e-m\libg.a(lib_a-memset.o)
 .ARM.attributes
                0x00000757       0x2e c:/gcc-arm-none-eabi/bin/../lib/gcc/arm-none-eabi/5.2.1/../../../../arm-none-eabi/lib/armv7e-m\libg.a(lib_a-reallocr.o)
 .ARM.attributes
                0x00000785       0x1e c:/gcc-arm-none-eabi/bin/../lib/gcc/arm-none-eabi/5.2.1/armv7e-m\libgcc.a(_arm_cmpdf2.o)
 .ARM.attributes
                0x000007a3       0x1e c:/gcc-arm-none-eabi/bin/../lib/gcc/arm-none-eabi/5.2.1/armv7e-m\libgcc.a(_arm_fixdfsi.o)
 .ARM.attributes
                0x000007c1       0x1e c:/gcc-arm-none-eabi/bin/../lib/gcc/arm-none-eabi/5.2.1/armv7e-m\libgcc.a(_aeabi_uldivmod.o)
 .ARM.attributes
                0x000007df       0x2e c:/gcc-arm-none-eabi/bin/../lib/gcc/arm-none-eabi/5.2.1/armv7e-m\libgcc.a(_udivmoddi4.o)
 .ARM.attributes
                0x0000080d       0x1e c:/gcc-arm-none-eabi/bin/../lib/gcc/arm-none-eabi/5.2.1/armv7e-m\libgcc.a(_dvmd_tls.o)

.debug
 *(.debug)

.line
 *(.line)

.debug_srcinfo
 *(.debug_srcinfo)

.debug_sfnames
 *(.debug_sfnames)

.debug_aranges  0x00000000      0x9b8
 *(.debug_aranges)
 .debug_aranges
                0x00000000       0xa0 ./system/src/stm32f4/stm32f4xx_dac.o
 .debug_aranges
                0x000000a0       0x88 ./system/src/stm32f4/stm32f4xx_gpio.o
 .debug_aranges
                0x00000128      0x1c0 ./system/src/stm32f4/stm32f4xx_rcc.o
 .debug_aranges
                0x000002e8      0x2f8 ./system/src/stm32f4/stm32f4xx_tim.o
 .debug_aranges
                0x000005e0       0x28 ./system/src/newlib/_exit.o
 .debug_aranges
                0x00000608       0x20 ./system/src/newlib/_sbrk.o
 .debug_aranges
                0x00000628       0x40 ./system/src/newlib/_startup.o
 .debug_aranges
                0x00000668       0x30 ./system/src/newlib/_syscalls.o
 .debug_aranges
                0x00000698       0x28 ./system/src/newlib/assert.o
 .debug_aranges
                0x000006c0       0x38 ./system/src/diag/Trace.o
 .debug_aranges
                0x000006f8       0x30 ./system/src/diag/trace_impl.o
 .debug_aranges
                0x00000728       0x28 ./system/src/cortexm/_initialize_hardware.o
 .debug_aranges
                0x00000750       0x90 ./system/src/cortexm/exception_handlers.o
 .debug_aranges
                0x000007e0       0x30 ./system/src/cmsis/system_stm32f4xx.o
 .debug_aranges
                0x00000810       0x20 ./system/src/cmsis/vectors_stm32f407xx.o
 .debug_aranges
                0x00000830      0x110 ./src/ILI93xx.o
 .debug_aranges
                0x00000940       0x20 ./src/dac.o
 .debug_aranges
                0x00000960       0x38 ./src/delay.o
 .debug_aranges
                0x00000998       0x20 ./src/main.o

.debug_pubnames
 *(.debug_pubnames)

.debug_info     0x00000000    0x153b1
 *(.debug_info .gnu.linkonce.wi.*)
 .debug_info    0x00000000      0xa30 ./system/src/stm32f4/stm32f4xx_dac.o
 .debug_info    0x00000a30      0xb40 ./system/src/stm32f4/stm32f4xx_gpio.o
 .debug_info    0x00001570     0x1688 ./system/src/stm32f4/stm32f4xx_rcc.o
 .debug_info    0x00002bf8     0x3836 ./system/src/stm32f4/stm32f4xx_tim.o
 .debug_info    0x0000642e       0xef ./system/src/newlib/_exit.o
 .debug_info    0x0000651d      0x11f ./system/src/newlib/_sbrk.o
 .debug_info    0x0000663c      0x4ef ./system/src/newlib/_startup.o
 .debug_info    0x00006b2b      0x1bc ./system/src/newlib/_syscalls.o
 .debug_info    0x00006ce7      0x1a3 ./system/src/newlib/assert.o
 .debug_info    0x00006e8a      0x2e7 ./system/src/diag/Trace.o
 .debug_info    0x00007171      0x30a ./system/src/diag/trace_impl.o
 .debug_info    0x0000747b      0x29c ./system/src/cortexm/_initialize_hardware.o
 .debug_info    0x00007717      0x8ea ./system/src/cortexm/exception_handlers.o
 .debug_info    0x00008001      0x5c9 ./system/src/cmsis/system_stm32f4xx.o
 .debug_info    0x000085ca       0xd1 ./system/src/cmsis/vectors_stm32f407xx.o
 .debug_info    0x0000869b     0xbe90 ./src/ILI93xx.o
 .debug_info    0x0001452b      0x695 ./src/dac.o
 .debug_info    0x00014bc0      0x240 ./src/delay.o
 .debug_info    0x00014e00      0x5b1 ./src/main.o

.debug_abbrev   0x00000000     0x1b16
 *(.debug_abbrev)
 .debug_abbrev  0x00000000      0x1cf ./system/src/stm32f4/stm32f4xx_dac.o
 .debug_abbrev  0x000001cf      0x1e7 ./system/src/stm32f4/stm32f4xx_gpio.o
 .debug_abbrev  0x000003b6      0x1f8 ./system/src/stm32f4/stm32f4xx_rcc.o
 .debug_abbrev  0x000005ae      0x1c9 ./system/src/stm32f4/stm32f4xx_tim.o
 .debug_abbrev  0x00000777       0x8e ./system/src/newlib/_exit.o
 .debug_abbrev  0x00000805       0xb9 ./system/src/newlib/_sbrk.o
 .debug_abbrev  0x000008be      0x1d4 ./system/src/newlib/_startup.o
 .debug_abbrev  0x00000a92       0xec ./system/src/newlib/_syscalls.o
 .debug_abbrev  0x00000b7e       0xab ./system/src/newlib/assert.o
 .debug_abbrev  0x00000c29      0x156 ./system/src/diag/Trace.o
 .debug_abbrev  0x00000d7f      0x1c8 ./system/src/diag/trace_impl.o
 .debug_abbrev  0x00000f47       0xea ./system/src/cortexm/_initialize_hardware.o
 .debug_abbrev  0x00001031      0x247 ./system/src/cortexm/exception_handlers.o
 .debug_abbrev  0x00001278      0x13f ./system/src/cmsis/system_stm32f4xx.o
 .debug_abbrev  0x000013b7       0x9d ./system/src/cmsis/vectors_stm32f407xx.o
 .debug_abbrev  0x00001454      0x2f5 ./src/ILI93xx.o
 .debug_abbrev  0x00001749      0x13d ./src/dac.o
 .debug_abbrev  0x00001886      0x127 ./src/delay.o
 .debug_abbrev  0x000019ad      0x169 ./src/main.o

.debug_line     0x00000000     0x80eb
 *(.debug_line)
 .debug_line    0x00000000      0x6ab ./system/src/stm32f4/stm32f4xx_dac.o
 .debug_line    0x000006ab      0x92a ./system/src/stm32f4/stm32f4xx_gpio.o
 .debug_line    0x00000fd5      0xbd2 ./system/src/stm32f4/stm32f4xx_rcc.o
 .debug_line    0x00001ba7     0x2254 ./system/src/stm32f4/stm32f4xx_tim.o
 .debug_line    0x00003dfb      0x27e ./system/src/newlib/_exit.o
 .debug_line    0x00004079      0x230 ./system/src/newlib/_sbrk.o
 .debug_line    0x000042a9      0x2f8 ./system/src/newlib/_startup.o
 .debug_line    0x000045a1      0x30f ./system/src/newlib/_syscalls.o
 .debug_line    0x000048b0      0x2b9 ./system/src/newlib/assert.o
 .debug_line    0x00004b69      0x2dd ./system/src/diag/Trace.o
 .debug_line    0x00004e46      0x59b ./system/src/diag/trace_impl.o
 .debug_line    0x000053e1      0x386 ./system/src/cortexm/_initialize_hardware.o
 .debug_line    0x00005767      0x638 ./system/src/cortexm/exception_handlers.o
 .debug_line    0x00005d9f      0x3d5 ./system/src/cmsis/system_stm32f4xx.o
 .debug_line    0x00006174       0xe1 ./system/src/cmsis/vectors_stm32f407xx.o
 .debug_line    0x00006255     0x1203 ./src/ILI93xx.o
 .debug_line    0x00007458      0x360 ./src/dac.o
 .debug_line    0x000077b8      0x3af ./src/delay.o
 .debug_line    0x00007b67      0x584 ./src/main.o

.debug_frame    0x00000000     0x22d8
 *(.debug_frame)
 .debug_frame   0x00000000      0x1e4 ./system/src/stm32f4/stm32f4xx_dac.o
 .debug_frame   0x000001e4      0x188 ./system/src/stm32f4/stm32f4xx_gpio.o
 .debug_frame   0x0000036c      0x550 ./system/src/stm32f4/stm32f4xx_rcc.o
 .debug_frame   0x000008bc      0x9fc ./system/src/stm32f4/stm32f4xx_tim.o
 .debug_frame   0x000012b8       0x38 ./system/src/newlib/_exit.o
 .debug_frame   0x000012f0       0x28 ./system/src/newlib/_sbrk.o
 .debug_frame   0x00001318       0x7c ./system/src/newlib/_startup.o
 .debug_frame   0x00001394       0x50 ./system/src/newlib/_syscalls.o
 .debug_frame   0x000013e4       0x40 ./system/src/newlib/assert.o
 .debug_frame   0x00001424       0x94 ./system/src/diag/Trace.o
 .debug_frame   0x000014b8       0x60 ./system/src/diag/trace_impl.o
 .debug_frame   0x00001518       0x40 ./system/src/cortexm/_initialize_hardware.o
 .debug_frame   0x00001558      0x158 ./system/src/cortexm/exception_handlers.o
 .debug_frame   0x000016b0       0x50 ./system/src/cmsis/system_stm32f4xx.o
 .debug_frame   0x00001700       0x20 ./system/src/cmsis/vectors_stm32f407xx.o
 .debug_frame   0x00001720      0x39c ./src/ILI93xx.o
 .debug_frame   0x00001abc       0x2c ./src/dac.o
 .debug_frame   0x00001ae8       0x5c ./src/delay.o
 .debug_frame   0x00001b44       0x2c ./src/main.o
 .debug_frame   0x00001b70       0x20 c:/gcc-arm-none-eabi/bin/../lib/gcc/arm-none-eabi/5.2.1/../../../../arm-none-eabi/lib/armv7e-m\libg.a(lib_a-errno.o)
 .debug_frame   0x00001b90       0x60 c:/gcc-arm-none-eabi/bin/../lib/gcc/arm-none-eabi/5.2.1/../../../../arm-none-eabi/lib/armv7e-m\libg.a(lib_a-vsnprintf.o)
 .debug_frame   0x00001bf0       0x40 c:/gcc-arm-none-eabi/bin/../lib/gcc/arm-none-eabi/5.2.1/../../../../arm-none-eabi/lib/armv7e-m\libg.a(lib_a-svfprintf.o)
 .debug_frame   0x00001c30       0x88 c:/gcc-arm-none-eabi/bin/../lib/gcc/arm-none-eabi/5.2.1/../../../../arm-none-eabi/lib/armv7e-m\libg.a(lib_a-dtoa.o)
 .debug_frame   0x00001cb8       0x9c c:/gcc-arm-none-eabi/bin/../lib/gcc/arm-none-eabi/5.2.1/../../../../arm-none-eabi/lib/armv7e-m\libg.a(lib_a-locale.o)
 .debug_frame   0x00001d54       0x58 c:/gcc-arm-none-eabi/bin/../lib/gcc/arm-none-eabi/5.2.1/../../../../arm-none-eabi/lib/armv7e-m\libg.a(lib_a-mallocr.o)
 .debug_frame   0x00001dac       0x30 c:/gcc-arm-none-eabi/bin/../lib/gcc/arm-none-eabi/5.2.1/../../../../arm-none-eabi/lib/armv7e-m\libg.a(lib_a-mlock.o)
 .debug_frame   0x00001ddc      0x264 c:/gcc-arm-none-eabi/bin/../lib/gcc/arm-none-eabi/5.2.1/../../../../arm-none-eabi/lib/armv7e-m\libg.a(lib_a-mprec.o)
 .debug_frame   0x00002040       0x34 c:/gcc-arm-none-eabi/bin/../lib/gcc/arm-none-eabi/5.2.1/../../../../arm-none-eabi/lib/armv7e-m\libg.a(lib_a-s_fpclassify.o)
 .debug_frame   0x00002074       0x2c c:/gcc-arm-none-eabi/bin/../lib/gcc/arm-none-eabi/5.2.1/../../../../arm-none-eabi/lib/armv7e-m\libg.a(lib_a-sbrkr.o)
 .debug_frame   0x000020a0       0x78 c:/gcc-arm-none-eabi/bin/../lib/gcc/arm-none-eabi/5.2.1/../../../../arm-none-eabi/lib/armv7e-m\libg.a(lib_a-svfiprintf.o)
 .debug_frame   0x00002118       0x28 c:/gcc-arm-none-eabi/bin/../lib/gcc/arm-none-eabi/5.2.1/../../../../arm-none-eabi/lib/armv7e-m\libg.a(lib_a-callocr.o)
 .debug_frame   0x00002140       0x74 c:/gcc-arm-none-eabi/bin/../lib/gcc/arm-none-eabi/5.2.1/../../../../arm-none-eabi/lib/armv7e-m\libg.a(lib_a-freer.o)
 .debug_frame   0x000021b4       0x30 c:/gcc-arm-none-eabi/bin/../lib/gcc/arm-none-eabi/5.2.1/../../../../arm-none-eabi/lib/armv7e-m\libg.a(lib_a-memmove.o)
 .debug_frame   0x000021e4       0x34 c:/gcc-arm-none-eabi/bin/../lib/gcc/arm-none-eabi/5.2.1/../../../../arm-none-eabi/lib/armv7e-m\libg.a(lib_a-memset.o)
 .debug_frame   0x00002218       0x60 c:/gcc-arm-none-eabi/bin/../lib/gcc/arm-none-eabi/5.2.1/../../../../arm-none-eabi/lib/armv7e-m\libg.a(lib_a-reallocr.o)
 .debug_frame   0x00002278       0x2c c:/gcc-arm-none-eabi/bin/../lib/gcc/arm-none-eabi/5.2.1/armv7e-m\libgcc.a(_aeabi_uldivmod.o)
 .debug_frame   0x000022a4       0x34 c:/gcc-arm-none-eabi/bin/../lib/gcc/arm-none-eabi/5.2.1/armv7e-m\libgcc.a(_udivmoddi4.o)

.debug_str      0x00000000    0x66849
 *(.debug_str)
 .debug_str     0x00000000    0x5d98e ./system/src/stm32f4/stm32f4xx_dac.o
                              0x5db68 (size before relaxing)
 .debug_str     0x0005d98e      0x2cb ./system/src/stm32f4/stm32f4xx_gpio.o
                              0x5daac (size before relaxing)
 .debug_str     0x0005dc59      0xd68 ./system/src/stm32f4/stm32f4xx_rcc.o
                              0x5e5a2 (size before relaxing)
 .debug_str     0x0005e9c1      0xc2d ./system/src/stm32f4/stm32f4xx_tim.o
                              0x5e4ba (size before relaxing)
 .debug_str     0x0005f5ee     0x4353 ./system/src/newlib/_exit.o
                               0x69f5 (size before relaxing)
 .debug_str     0x00063941      0x4de ./system/src/newlib/_sbrk.o
                               0x5e06 (size before relaxing)
 .debug_str     0x00063e1f      0x2f1 ./system/src/newlib/_startup.o
                               0x59fe (size before relaxing)
 .debug_str     0x00064110      0xe06 ./system/src/newlib/_syscalls.o
                               0x6c4e (size before relaxing)
 .debug_str     0x00064f16       0xdf ./system/src/newlib/assert.o
                               0x74fe (size before relaxing)
 .debug_str     0x00064ff5      0x9b3 ./system/src/diag/Trace.o
                               0x7305 (size before relaxing)
 .debug_str     0x000659a8      0x381 ./system/src/diag/trace_impl.o
                              0x611b8 (size before relaxing)
 .debug_str     0x00065d29       0xb2 ./system/src/cortexm/_initialize_hardware.o
                              0x5d86a (size before relaxing)
 .debug_str     0x00065ddb      0x1a8 ./system/src/cortexm/exception_handlers.o
                              0x61f93 (size before relaxing)
 .debug_str     0x00065f83       0xc2 ./system/src/cmsis/system_stm32f4xx.o
                              0x5d9f8 (size before relaxing)
 .debug_str     0x00066045       0x59 ./system/src/cmsis/vectors_stm32f407xx.o
                               0x308e (size before relaxing)
 .debug_str     0x0006609e      0x6f6 ./src/ILI93xx.o
                              0x60dbd (size before relaxing)
 .debug_str     0x00066794       0x3f ./src/dac.o
                              0x5db73 (size before relaxing)
 .debug_str     0x000667d3       0x68 ./src/delay.o
                              0x5d7f2 (size before relaxing)
 .debug_str     0x0006683b        0xe ./src/main.o
                              0x62a31 (size before relaxing)

.debug_loc      0x00000000     0x6775
 *(.debug_loc)
 .debug_loc     0x00000000      0x6b8 ./system/src/stm32f4/stm32f4xx_dac.o
 .debug_loc     0x000006b8      0x503 ./system/src/stm32f4/stm32f4xx_gpio.o
 .debug_loc     0x00000bbb     0x1152 ./system/src/stm32f4/stm32f4xx_rcc.o
 .debug_loc     0x00001d0d     0x294e ./system/src/stm32f4/stm32f4xx_tim.o
 .debug_loc     0x0000465b       0x82 ./system/src/newlib/_sbrk.o
 .debug_loc     0x000046dd      0x36e ./system/src/newlib/_startup.o
 .debug_loc     0x00004a4b       0x63 ./system/src/newlib/_syscalls.o
 .debug_loc     0x00004aae      0x110 ./system/src/newlib/assert.o
 .debug_loc     0x00004bbe      0x102 ./system/src/diag/Trace.o
 .debug_loc     0x00004cc0      0x17c ./system/src/diag/trace_impl.o
 .debug_loc     0x00004e3c      0x2a8 ./system/src/cortexm/exception_handlers.o
 .debug_loc     0x000050e4      0x132 ./system/src/cmsis/system_stm32f4xx.o
 .debug_loc     0x00005216     0x1463 ./src/ILI93xx.o
 .debug_loc     0x00006679       0xba ./src/delay.o
 .debug_loc     0x00006733       0x42 ./src/main.o

.debug_macinfo
 *(.debug_macinfo)

.debug_weaknames
 *(.debug_weaknames)

.debug_funcnames
 *(.debug_funcnames)

.debug_typenames
 *(.debug_typenames)

.debug_varnames
 *(.debug_varnames)
OUTPUT(elec3300project.elf elf32-littlearm)

.debug_ranges   0x00000000      0x8b8
 .debug_ranges  0x00000000       0x90 ./system/src/stm32f4/stm32f4xx_dac.o
 .debug_ranges  0x00000090       0x78 ./system/src/stm32f4/stm32f4xx_gpio.o
 .debug_ranges  0x00000108      0x1b0 ./system/src/stm32f4/stm32f4xx_rcc.o
 .debug_ranges  0x000002b8      0x2e8 ./system/src/stm32f4/stm32f4xx_tim.o
 .debug_ranges  0x000005a0       0x18 ./system/src/newlib/_exit.o
 .debug_ranges  0x000005b8       0x10 ./system/src/newlib/_sbrk.o
 .debug_ranges  0x000005c8       0x30 ./system/src/newlib/_startup.o
 .debug_ranges  0x000005f8       0x20 ./system/src/newlib/_syscalls.o
 .debug_ranges  0x00000618       0x18 ./system/src/newlib/assert.o
 .debug_ranges  0x00000630       0x28 ./system/src/diag/Trace.o
 .debug_ranges  0x00000658       0x38 ./system/src/diag/trace_impl.o
 .debug_ranges  0x00000690       0x18 ./system/src/cortexm/_initialize_hardware.o
 .debug_ranges  0x000006a8       0x98 ./system/src/cortexm/exception_handlers.o
 .debug_ranges  0x00000740       0x20 ./system/src/cmsis/system_stm32f4xx.o
 .debug_ranges  0x00000760       0x10 ./system/src/cmsis/vectors_stm32f407xx.o
 .debug_ranges  0x00000770      0x100 ./src/ILI93xx.o
 .debug_ranges  0x00000870       0x10 ./src/dac.o
 .debug_ranges  0x00000880       0x28 ./src/delay.o
 .debug_ranges  0x000008a8       0x10 ./src/main.o

.debug_macro    0x00000000     0x52d6
 .debug_macro   0x00000000      0x1b4 ./system/src/stm32f4/stm32f4xx_dac.o
 .debug_macro   0x000001b4      0x182 ./system/src/stm32f4/stm32f4xx_dac.o
 .debug_macro   0x00000336      0x182 ./system/src/stm32f4/stm32f4xx_gpio.o
 .debug_macro   0x000004b8      0x2ee ./system/src/stm32f4/stm32f4xx_gpio.o
 .debug_macro   0x000007a6      0x255 ./system/src/stm32f4/stm32f4xx_rcc.o
 .debug_macro   0x000009fb      0x64a ./system/src/stm32f4/stm32f4xx_rcc.o
 .debug_macro   0x00001045      0x1ac ./system/src/stm32f4/stm32f4xx_tim.o
 .debug_macro   0x000011f1      0x735 ./system/src/stm32f4/stm32f4xx_tim.o
 .debug_macro   0x00001926      0x172 ./system/src/newlib/_exit.o
 .debug_macro   0x00001a98       0x9c ./system/src/newlib/_exit.o
 .debug_macro   0x00001b34      0x10e ./system/src/newlib/_exit.o
 .debug_macro   0x00001c42       0x8d ./system/src/newlib/_exit.o
 .debug_macro   0x00001ccf       0x43 ./system/src/newlib/_exit.o
 .debug_macro   0x00001d12      0x329 ./system/src/newlib/_exit.o
 .debug_macro   0x0000203b       0x35 ./system/src/newlib/_exit.o
 .debug_macro   0x00002070      0x12e ./system/src/newlib/_sbrk.o
 .debug_macro   0x0000219e      0x174 ./system/src/newlib/_sbrk.o
 .debug_macro   0x00002312       0x10 ./system/src/newlib/_sbrk.o
 .debug_macro   0x00002322      0x23b ./system/src/newlib/_sbrk.o
 .debug_macro   0x0000255d      0x138 ./system/src/newlib/_startup.o
 .debug_macro   0x00002695      0x89e ./system/src/newlib/_startup.o
 .debug_macro   0x00002f33      0x1c6 ./system/src/newlib/_syscalls.o
 .debug_macro   0x000030f9       0x1c ./system/src/newlib/_syscalls.o
 .debug_macro   0x00003115       0x10 ./system/src/newlib/_syscalls.o
 .debug_macro   0x00003125       0x10 ./system/src/newlib/_syscalls.o
 .debug_macro   0x00003135       0x10 ./system/src/newlib/_syscalls.o
 .debug_macro   0x00003145       0x35 ./system/src/newlib/_syscalls.o
 .debug_macro   0x0000317a      0x122 ./system/src/newlib/_syscalls.o
 .debug_macro   0x0000329c       0x88 ./system/src/newlib/_syscalls.o
 .debug_macro   0x00003324       0x2b ./system/src/newlib/_syscalls.o
 .debug_macro   0x0000334f      0x118 ./system/src/newlib/_syscalls.o
 .debug_macro   0x00003467      0x159 ./system/src/newlib/_syscalls.o
 .debug_macro   0x000035c0       0x16 ./system/src/newlib/_syscalls.o
 .debug_macro   0x000035d6      0x18e ./system/src/newlib/assert.o
 .debug_macro   0x00003764       0x1c ./system/src/newlib/assert.o
 .debug_macro   0x00003780      0x19f ./system/src/diag/Trace.o
 .debug_macro   0x0000391f       0x16 ./system/src/diag/Trace.o
 .debug_macro   0x00003935       0x97 ./system/src/diag/Trace.o
 .debug_macro   0x000039cc       0xfd ./system/src/diag/Trace.o
 .debug_macro   0x00003ac9       0x10 ./system/src/diag/Trace.o
 .debug_macro   0x00003ad9       0x16 ./system/src/diag/Trace.o
 .debug_macro   0x00003aef      0x197 ./system/src/diag/Trace.o
 .debug_macro   0x00003c86       0x52 ./system/src/diag/Trace.o
 .debug_macro   0x00003cd8       0x16 ./system/src/diag/Trace.o
 .debug_macro   0x00003cee      0x2b6 ./system/src/diag/trace_impl.o
 .debug_macro   0x00003fa4       0x10 ./system/src/diag/trace_impl.o
 .debug_macro   0x00003fb4       0xcf ./system/src/diag/trace_impl.o
 .debug_macro   0x00004083       0x19 ./system/src/diag/trace_impl.o
 .debug_macro   0x0000409c       0xbe ./system/src/diag/trace_impl.o
 .debug_macro   0x0000415a       0x22 ./system/src/diag/trace_impl.o
 .debug_macro   0x0000417c      0x182 ./system/src/cortexm/_initialize_hardware.o
 .debug_macro   0x000042fe      0x2f1 ./system/src/cortexm/exception_handlers.o
 .debug_macro   0x000045ef       0x10 ./system/src/cortexm/exception_handlers.o
 .debug_macro   0x000045ff      0x19c ./system/src/cmsis/system_stm32f4xx.o
 .debug_macro   0x0000479b       0x34 ./system/src/cmsis/vectors_stm32f407xx.o
 .debug_macro   0x000047cf      0x262 ./src/ILI93xx.o
 .debug_macro   0x00004a31      0x139 ./src/ILI93xx.o
 .debug_macro   0x00004b6a      0x17c ./src/dac.o
 .debug_macro   0x00004ce6      0x182 ./src/delay.o
 .debug_macro   0x00004e68      0x32f ./src/main.o
 .debug_macro   0x00005197      0x13f ./src/main.o
